--------- beginning of /dev/log/system
I/Vold    (   46): Vold 2.1 (the revenge) firing up
D/Vold    (   46): Volume sdcard state changing -1 (Initializing) -> 0 (No-Media)
D/Vold    (   46): Volume sdcard state changing 0 (No-Media) -> 1 (Idle-Unmounted)
I/SystemServer(  376): Entered the Android system server!
I/SystemServer(  376): Waiting for installd to be ready.
I/Installer(  376): connecting...
I/SystemServer(  376): Enabled StrictMode logging for WM Looper
I/SystemServer(  376): Power Manager
I/SystemServer(  376): Activity Manager
I/ActivityManager(  376): Memory class: 64
W/UsageStats(  376): Usage stats version changed; dropping
I/UiThread(  376): Enabled StrictMode logging for UI thread
I/IntentFirewall(  376): Read new rules (A:0 B:0 S:0)
I/SystemServer(  376): Display Manager
I/ActivityManager(  376): Enabled StrictMode logging for AThread's Looper
I/SystemServer(  376): Telephony Registry
I/SystemServer(  376): Scheduling Policy
I/DisplayManagerService(  376): Display device added: DisplayDeviceInfo{"Built-in Screen": 320 x 480, 651.04126 fps, density 160, 160.0 x 160.0 dpi, touch INTERNAL, rotation 0, type BUILT_IN, FLAG_DEFAULT_DISPLAY, FLAG_ROTATES_WITH_CONTENT, FLAG_SECURE, FLAG_SUPPORTS_PROTECTED_BUFFERS}
I/SystemServer(  376): Package Manager
D/SELinuxMMAC(  376): Couldn't find install policy /data/security/mac_permissions.xml
D/SELinuxMMAC(  376): Using install policy file /system/etc/security/mac_permissions.xml
W/PackageManager(  376): Running ENG build: no pre-dexopt!
W/PackageParser(  376): No actions in intent filter at /system/priv-app/Contacts.apk Binary XML file line #375
W/PackageParser(  376): No actions in intent filter at /system/priv-app/Dialer.apk Binary XML file line #161
W/PackageParser(  376): No actions in intent filter at /system/app/Bluetooth.apk Binary XML file line #210
W/PackageParser(  376): Unknown element under <application>: permission at /system/app/Gallery2.apk Binary XML file line #243
W/PackageParser(  376): Unknown element under <application>: permission at /system/app/Gallery2.apk Binary XML file line #246
W/PackageParser(  376): No actions in intent filter at /data/app/ApiDemos.apk Binary XML file line #2899
W/PackageParser(  376): No actions in intent filter at /data/app/ApiDemos.apk Binary XML file line #2905
W/PackageManager(  376): Package com.example.android.apis desires unavailable shared library com.example.will.never.exist; ignoring!
W/PackageManager(  376): Package com.example.android.apis desires unavailable shared library com.example.will.never.exist; ignoring!
W/PackageManager(  376): Package com.android.gallery3d desires unavailable shared library com.google.android.media.effects; ignoring!
I/PackageManager(  376): Time to scan packages: 2.601 seconds
W/PackageManager(  376): Not granting permission android.permission.GLOBAL_SEARCH to package com.android.quicksearchbox (protectionLevel=18 flags=0x8be45)
W/PackageManager(  376): Unknown permission com.google.android.gallery3d.permission.GALLERY_PROVIDER in package com.android.bluetooth
W/PackageManager(  376): Unknown permission com.google.android.googleapps.permission.GOOGLE_AUTH in package com.android.providers.calendar
W/PackageManager(  376): Unknown permission com.google.android.googleapps.permission.GOOGLE_AUTH.cl in package com.android.providers.calendar
W/PackageManager(  376): Unknown permission com.google.android.googleapps.permission.GOOGLE_AUTH.mail in package com.android.calendar
W/PackageManager(  376): Not granting permission android.permission.ACCESS_DOWNLOAD_MANAGER to package com.android.browser (protectionLevel=18 flags=0x9be45)
W/PackageManager(  376): Not granting permission android.permission.SEND_DOWNLOAD_COMPLETED_INTENTS to package com.android.browser (protectionLevel=2 flags=0x9be45)
W/PackageManager(  376): Not granting permission android.permission.BIND_APPWIDGET to package com.android.widgetpreview (protectionLevel=18 flags=0x8be44)
W/PackageManager(  376): Not granting permission android.permission.BIND_WALLPAPER to package com.android.camera2 (protectionLevel=18 flags=0x18bc45)
W/PackageManager(  376): Unknown permission android.permission.INSTALL_DRM in package com.android.mms
W/PackageManager(  376): Unknown permission com.google.android.gallery3d.permission.PICASA_STORE in package com.android.dreams.phototable
W/PackageManager(  376): Unknown permission com.google.android.googleapps.permission.GOOGLE_AUTH in package com.android.settings
W/PackageManager(  376): Unknown permission com.google.android.googleapps.permission.ACCESS_GOOGLE_PASSWORD in package com.android.development
W/PackageManager(  376): Unknown permission com.google.android.googleapps.permission.GOOGLE_AUTH in package com.android.development
W/PackageManager(  376): Unknown permission com.google.android.googleapps.permission.GOOGLE_AUTH.ALL_SERVICES in package com.android.development
W/PackageManager(  376): Unknown permission com.google.android.googleapps.permission.GOOGLE_AUTH.YouTubeUser in package com.android.development
W/PackageManager(  376): Not granting permission android.permission.DELETE_PACKAGES to package com.svox.pico (protectionLevel=18 flags=0x8be45)
W/PackageManager(  376): Not granting permission android.permission.DEVICE_POWER to package com.android.deskclock (protectionLevel=2 flags=0x48be45)
I/SystemServer(  376): Entropy Mixer
I/EntropyMixer(  376): Writing entropy...
I/SystemServer(  376): User Service
I/SystemServer(  376): Account Manager
I/SystemServer(  376): Content Manager
I/SystemServer(  376): System Content Providers
I/SystemServer(  376): Lights Service
I/SystemServer(  376): Battery Service
I/SystemServer(  376): Vibrator Service
I/SystemServer(  376): Consumer IR Service
I/SystemServer(  376): Alarm Manager
I/SystemServer(  376): Init Watchdog
I/SystemServer(  376): Input Manager
I/InputManager(  376): Initializing input manager, mUseDevInputEventForAudioJack=false
I/SystemServer(  376): Window Manager
I/WindowManager(  376): No existing display settings /data/system/display_settings.xml; starting empty
I/WindowManager(  376): No keyguard interface!
I/InputManager(  376): Starting input manager
I/SystemServer(  376): No Bluetooh Service (emulator)
I/SystemServer(  376): Input Method Service
W/InputMethodManagerService(  376): Couldn't create dir.: /data/system/inputmethod
I/SystemServer(  376): Accessibility Manager
I/ActivityManager(  376): Config changes=1df8 {1.0 ?mcc?mnc en_US ldltr sw320dp w320dp h480dp 160dpi nrml port ?uimode ?night -touch -keyb/v/h tball/v s.2}
I/ActivityManager(  376): Config changes=400 {1.0 ?mcc?mnc en_US ldltr sw320dp w320dp h455dp 160dpi nrml port ?uimode ?night -touch -keyb/v/h tball/v s.3}
I/SystemServer(  376): Mount Service
D/MountService(  376): got storage path: /storage/sdcard description: USB storage primary: true removable: false emulated: false mtpReserve: 0 allowMassStorage: false maxFileSize: 0
D/MountService(  376): addVolumeLocked() StorageVolume [mStorageId=0 mPath=/storage/sdcard mDescriptionId=17040660 mPrimary=true mRemovable=false mEmulated=false mMtpReserveSpace=0 mAllowMassStorage=false mMaxFileSize=0 mOwner=null]
I/SystemServer(  376): LockSettingsService
I/SystemServer(  376): Device Policy
I/SystemServer(  376): Status Bar
I/SystemServer(  376): Clipboard Service
I/SystemServer(  376): NetworkManagement Service
I/SystemServer(  376): Text Service Manager Service
W/MountService(  376): Duplicate state transition (unmounted -> unmounted) for /storage/sdcard
W/MountService(  376): getSecureContainerList() called when storage not mounted
I/SystemServer(  376): NetworkStats Service
I/SystemServer(  376): NetworkPolicy Service
W/PackageManager(  376): Not granting permission android.permission.GLOBAL_SEARCH to package com.android.quicksearchbox (protectionLevel=18 flags=0x8be45)
I/SystemServer(  376): Wi-Fi P2pService
W/PackageManager(  376): Unknown permission com.google.android.gallery3d.permission.GALLERY_PROVIDER in package com.android.bluetooth
W/PackageManager(  376): Unknown permission com.google.android.googleapps.permission.GOOGLE_AUTH in package com.android.providers.calendar
W/PackageManager(  376): Unknown permission com.google.android.googleapps.permission.GOOGLE_AUTH.cl in package com.android.providers.calendar
W/PackageManager(  376): Unknown permission com.google.android.googleapps.permission.GOOGLE_AUTH.mail in package com.android.calendar
W/PackageManager(  376): Not granting permission android.permission.ACCESS_DOWNLOAD_MANAGER to package com.android.browser (protectionLevel=18 flags=0x9be45)
W/PackageManager(  376): Not granting permission android.permission.SEND_DOWNLOAD_COMPLETED_INTENTS to package com.android.browser (protectionLevel=2 flags=0x9be45)
W/PackageManager(  376): Not granting permission android.permission.BIND_APPWIDGET to package com.android.widgetpreview (protectionLevel=18 flags=0x8be44)
W/PackageManager(  376): Not granting permission android.permission.BIND_WALLPAPER to package com.android.camera2 (protectionLevel=18 flags=0x18bc45)
W/PackageManager(  376): Unknown permission android.permission.INSTALL_DRM in package com.android.mms
W/PackageManager(  376): Unknown permission com.google.android.gallery3d.permission.PICASA_STORE in package com.android.dreams.phototable
W/PackageManager(  376): Unknown permission com.google.android.googleapps.permission.GOOGLE_AUTH in package com.android.settings
W/PackageManager(  376): Unknown permission com.google.android.googleapps.permission.ACCESS_GOOGLE_PASSWORD in package com.android.development
W/PackageManager(  376): Unknown permission com.google.android.googleapps.permission.GOOGLE_AUTH in package com.android.development
W/PackageManager(  376): Unknown permission com.google.android.googleapps.permission.GOOGLE_AUTH.ALL_SERVICES in package com.android.development
W/PackageManager(  376): Unknown permission com.google.android.googleapps.permission.GOOGLE_AUTH.YouTubeUser in package com.android.development
W/PackageManager(  376): Not granting permission android.permission.DELETE_PACKAGES to package com.svox.pico (protectionLevel=18 flags=0x8be45)
W/PackageManager(  376): Not granting permission android.permission.DEVICE_POWER to package com.android.deskclock (protectionLevel=2 flags=0x48be45)
I/SystemServer(  376): Wi-Fi Service
I/SystemServer(  376): Connectivity Service
D/ConnectivityService(  376): ConnectivityService starting up
D/ConnectivityService(  376): wifiOnly=false
E/MobileDataStateTracker(  376): default: Ignoring feature request because could not acquire PhoneService
E/MobileDataStateTracker(  376): default: Could not enable APN type "default"
I/WifiService(  376): WifiService starting up with Wi-Fi disabled
I/SystemServer(  376): Network Service Discovery Service
D/NsdService(  376): Network service discovery enabled true
I/SystemServer(  376): UpdateLock Service
I/SystemServer(  376): Notification Manager
I/SystemServer(  376): Device Storage Monitor
W/SystemServer(  376): ***********************************************
I/SystemServer(  376): Location Manager
I/SystemServer(  376): Country Detector
I/SystemServer(  376): Search Service
I/SystemServer(  376): DropBox Service
I/SystemServer(  376): Wallpaper Service
I/SystemServer(  376): Audio Service
I/SystemServer(  376): Dock Observer
W/DockObserver(  376): This kernel does not have dock station support
I/SystemServer(  376): Wired Accessory Manager
W/WiredAccessoryManager(  376): This kernel does not have wired headset support
W/WiredAccessoryManager(  376): This kernel does not have usb audio support
W/WiredAccessoryManager(  376): This kernel does not have HDMI audio support
I/SystemServer(  376): USB Service
I/SystemServer(  376): Serial Service
I/SystemServer(  376): Twilight Service
I/SystemServer(  376): UI Mode Manager Service
I/SystemServer(  376): Backup Service
V/BackupManagerService(  376): Initializing package tracking
V/BackupManagerService(  376): No ancestral data
V/BackupManagerService(  376): addPackageParticipantsLocked: all
I/BackupManagerService(  376): Scheduling backup for new app com.android.calendar
D/BackupManagerService(  376): Now staging backup of com.android.calendar
I/BackupManagerService(  376): Scheduling backup for new app com.android.browser
D/BackupManagerService(  376): Now staging backup of com.android.browser
I/BackupManagerService(  376): Scheduling backup for new app com.android.providers.userdictionary
D/BackupManagerService(  376): Now staging backup of com.android.providers.userdictionary
I/BackupManagerService(  376): Scheduling backup for new app com.android.sharedstoragebackup
D/BackupManagerService(  376): Now staging backup of com.android.sharedstoragebackup
I/BackupManagerService(  376): Scheduling backup for new app android
D/BackupManagerService(  376): Now staging backup of android
I/BackupManagerService(  376): Scheduling backup for new app com.android.dialer
D/BackupManagerService(  376): Now staging backup of com.android.dialer
I/BackupManagerService(  376): Scheduling backup for new app com.android.providers.settings
D/BackupManagerService(  376): Now staging backup of com.android.providers.settings
V/BackupManagerService(  376): Registering transport android/com.android.internal.backup.LocalTransport = com.android.internal.backup.LocalTransport@b1f0d4d0
V/BackupManagerService(  376): Starting with transport android/com.android.internal.backup.LocalTransport
V/BackupManagerService(  376): Google transport not present
I/BackupManagerService(  376): Found stale backup journal, scheduling
I/BackupManagerService(  376):   com.android.calendar
I/BackupManagerService(  376):   com.android.browser
I/BackupManagerService(  376):   com.android.providers.userdictionary
I/BackupManagerService(  376):   com.android.sharedstoragebackup
I/BackupManagerService(  376):   android
I/BackupManagerService(  376):   com.android.dialer
I/BackupManagerService(  376):   com.android.providers.settings
I/BackupManagerService(  376): Backup enabled => false
I/BackupManagerService(  376): Opting out of backup
I/SystemServer(  376): AppWidget Service
I/SystemServer(  376): Recognition Service
I/SystemServer(  376): DiskStats Service
I/SystemServer(  376): SamplingProfiler Service
I/SystemServer(  376): NetworkTimeUpdateService
I/SystemServer(  376): CommonTimeManagementService
I/SystemServer(  376): CertBlacklister
I/SystemServer(  376): Dreams Service
I/SystemServer(  376): Assets Atlas Service
I/SystemServer(  376): IdleMaintenanceService
I/SystemServer(  376): Print Service
I/ActivityManager(  376): Start proc com.android.systemui for service com.android.keyguard/.KeyguardService: pid=437 uid=10007 gids={50007, 1028, 1015, 1035, 3002, 3001}
I/AppOps  (  376): Pruning old package media/1013: new uid=-1
I/ActivityManager(  376): System now ready
I/SystemServer(  376): Making services ready
D/NetworkManagementService(  376): enabling bandwidth control
I/Vold    (   46): /dev/block/vold/179:0 being considered for volume sdcard
D/Vold    (   46): Volume sdcard state changing 1 (Idle-Unmounted) -> 3 (Checking)
D/MountService(  376): volume state changed for /storage/sdcard (unmounted -> checking)
D/MountService(  376): sendStorageIntent Intent { act=android.intent.action.MEDIA_CHECKING dat=file:///storage/sdcard (has extras) } to UserHandle{-1}
W/Vold    (   46): Filesystem modified - rechecking (pass 2)
D/Vold    (   46): Volume sdcard state changing 3 (Checking) -> 4 (Mounted)
D/MountService(  376): volume state changed for /storage/sdcard (checking -> mounted)
D/MountService(  376): sendStorageIntent Intent { act=android.intent.action.MEDIA_MOUNTED dat=file:///storage/sdcard (has extras) } to UserHandle{-1}
I/ActivityManager(  376): Start proc android.process.media for broadcast com.android.providers.downloads/.DownloadReceiver: pid=471 uid=10005 gids={50005, 1028, 1015, 1023, 1024, 2001, 3003, 3007}
E/VoldConnector(  376): NDC Command {3 volume mount /storage/sdcard} took too long (1137ms)
W/PackageManager(  376): Not granting permission android.permission.GLOBAL_SEARCH to package com.android.quicksearchbox (protectionLevel=18 flags=0x88be45)
W/PackageManager(  376): Unknown permission com.google.android.gallery3d.permission.GALLERY_PROVIDER in package com.android.bluetooth
W/PackageManager(  376): Unknown permission com.google.android.googleapps.permission.GOOGLE_AUTH in package com.android.providers.calendar
W/PackageManager(  376): Unknown permission com.google.android.googleapps.permission.GOOGLE_AUTH.cl in package com.android.providers.calendar
W/PackageManager(  376): Unknown permission com.google.android.googleapps.permission.GOOGLE_AUTH.mail in package com.android.calendar
W/PackageManager(  376): Not granting permission android.permission.ACCESS_DOWNLOAD_MANAGER to package com.android.browser (protectionLevel=18 flags=0x89be45)
W/PackageManager(  376): Not granting permission android.permission.SEND_DOWNLOAD_COMPLETED_INTENTS to package com.android.browser (protectionLevel=2 flags=0x89be45)
W/PackageManager(  376): Not granting permission android.permission.BIND_APPWIDGET to package com.android.widgetpreview (protectionLevel=18 flags=0x8be44)
W/PackageManager(  376): Not granting permission android.permission.BIND_WALLPAPER to package com.android.camera2 (protectionLevel=18 flags=0x98bc45)
W/PackageManager(  376): Unknown permission android.permission.INSTALL_DRM in package com.android.mms
W/PackageManager(  376): Unknown permission com.google.android.gallery3d.permission.PICASA_STORE in package com.android.dreams.phototable
W/PackageManager(  376): Unknown permission com.google.android.googleapps.permission.GOOGLE_AUTH in package com.android.settings
W/PackageManager(  376): Unknown permission com.google.android.googleapps.permission.ACCESS_GOOGLE_PASSWORD in package com.android.development
W/PackageManager(  376): Unknown permission com.google.android.googleapps.permission.GOOGLE_AUTH in package com.android.development
W/PackageManager(  376): Unknown permission com.google.android.googleapps.permission.GOOGLE_AUTH.ALL_SERVICES in package com.android.development
W/PackageManager(  376): Unknown permission com.google.android.googleapps.permission.GOOGLE_AUTH.YouTubeUser in package com.android.development
W/PackageManager(  376): Not granting permission android.permission.DELETE_PACKAGES to package com.svox.pico (protectionLevel=18 flags=0x88be45)
W/PackageManager(  376): Not granting permission android.permission.DEVICE_POWER to package com.android.deskclock (protectionLevel=2 flags=0xc8be45)
E/NetdConnector(  376): NDC Command {1 bandwidth enable} took too long (1863ms)
I/StatusBarManagerService(  376): registerStatusBar bar=com.android.internal.statusbar.IStatusBar$Stub$Proxy@b1f7fb10
I/ActivityManager(  376): Config changes=200 {1.0 ?mcc?mnc en_US ldltr sw320dp w320dp h455dp 160dpi nrml port -touch -keyb/v/h tball/v s.4}
W/RecognitionManagerService(  376): no available voice recognition services found for user 0
W/InputMethodManagerService(  376): Ignoring setImeWindowStatus of uid 1000 token: null
I/ActivityManager(  376): Start proc com.android.inputmethod.latin for service com.android.inputmethod.latin/.LatinIME: pid=530 uid=10032 gids={50032, 1028, 1015}
V/InputMethodManagerService(  376): Adding window token: android.os.Binder@b1f70b80
W/LocationManagerService(  376): no network location provider found
E/LocationManagerService(  376): no geocoder provider found
E/LocationManagerService(  376): No FusedProvider found.
E/LocationManagerService(  376): no geofence provider found
I/ActivityManager(  376): Start proc com.android.phone for added application com.android.phone: pid=543 uid=1001 gids={41001, 3002, 3001, 3003, 1028, 1015}
I/ActivityManager(  376): START u0 {act=android.intent.action.MAIN cat=[android.intent.category.HOME] flg=0x10000000 cmp=com.android.launcher/com.android.launcher2.Launcher} from pid 0
I/ActivityManager(  376): Start proc com.android.launcher for activity com.android.launcher/com.android.launcher2.Launcher: pid=556 uid=10008 gids={50008}
I/SystemServer(  376): Enabled StrictMode for system server main thread.
W/InputMethodManagerService(  376): Focus gain on non-focused client android.view.inputmethod.InputMethodManager$1@b1f351a0 (uid=1000 pid=376)
I/ActivityManager(  376): Start proc com.android.printspooler for service com.android.printspooler/.PrintSpoolerService: pid=583 uid=10045 gids={50045}
I/ActivityManager(  376): Start proc android.process.acore for content provider com.android.providers.userdictionary/.UserDictionaryProvider: pid=601 uid=10002 gids={50002, 3003, 1028, 1015}
I/ActivityManager(  376): Start proc com.android.smspush for service com.android.smspush/.WapPushManager: pid=615 uid=10052 gids={50052}
D/MobileDataStateTracker(  376): fota: Broadcast received: android.intent.action.ANY_DATA_STATE apnType=fota
D/MobileDataStateTracker(  376): fota: Received state=DISCONNECTED, old=DISCONNECTED, reason=radioTurnedOff
D/MobileDataStateTracker(  376): ia: Broadcast received: android.intent.action.ANY_DATA_STATE apnType=ia
D/MobileDataStateTracker(  376): ia: Received state=DISCONNECTED, old=DISCONNECTED, reason=radioTurnedOff
D/MobileDataStateTracker(  376): supl: Broadcast received: android.intent.action.ANY_DATA_STATE apnType=supl
D/MobileDataStateTracker(  376): supl: Received state=DISCONNECTED, old=DISCONNECTED, reason=radioTurnedOff
D/MobileDataStateTracker(  376): hipri: Broadcast received: android.intent.action.ANY_DATA_STATE apnType=hipri
D/MobileDataStateTracker(  376): hipri: Received state=DISCONNECTED, old=DISCONNECTED, reason=radioTurnedOff
D/MobileDataStateTracker(  376): ims: Broadcast received: android.intent.action.ANY_DATA_STATE apnType=ims
D/MobileDataStateTracker(  376): ims: Received state=DISCONNECTED, old=DISCONNECTED, reason=radioTurnedOff
D/MobileDataStateTracker(  376): default: Broadcast received: android.intent.action.ANY_DATA_STATE apnType=default
D/MobileDataStateTracker(  376): default: Received state=DISCONNECTED, old=DISCONNECTED, reason=radioTurnedOff
D/MobileDataStateTracker(  376): mms: Broadcast received: android.intent.action.ANY_DATA_STATE apnType=mms
D/MobileDataStateTracker(  376): mms: Received state=DISCONNECTED, old=DISCONNECTED, reason=radioTurnedOff
D/MobileDataStateTracker(  376): cbs: Broadcast received: android.intent.action.ANY_DATA_STATE apnType=cbs
D/MobileDataStateTracker(  376): cbs: Received state=DISCONNECTED, old=DISCONNECTED, reason=radioTurnedOff
D/MobileDataStateTracker(  376): fota: Broadcast received: android.intent.action.ANY_DATA_STATE apnType=fota
D/MobileDataStateTracker(  376): fota: Received state=DISCONNECTED, old=DISCONNECTED, reason=radioTurnedOff
D/MobileDataStateTracker(  376): ia: Broadcast received: android.intent.action.ANY_DATA_STATE apnType=ia
D/MobileDataStateTracker(  376): ia: Received state=DISCONNECTED, old=DISCONNECTED, reason=radioTurnedOff
D/MobileDataStateTracker(  376): supl: Broadcast received: android.intent.action.ANY_DATA_STATE apnType=supl
D/MobileDataStateTracker(  376): supl: Received state=DISCONNECTED, old=DISCONNECTED, reason=radioTurnedOff
D/MobileDataStateTracker(  376): hipri: Broadcast received: android.intent.action.ANY_DATA_STATE apnType=hipri
D/MobileDataStateTracker(  376): hipri: Received state=DISCONNECTED, old=DISCONNECTED, reason=radioTurnedOff
D/MobileDataStateTracker(  376): ims: Broadcast received: android.intent.action.ANY_DATA_STATE apnType=ims
D/MobileDataStateTracker(  376): ims: Received state=DISCONNECTED, old=DISCONNECTED, reason=radioTurnedOff
D/MobileDataStateTracker(  376): default: Broadcast received: android.intent.action.ANY_DATA_STATE apnType=default
D/MobileDataStateTracker(  376): default: Received state=DISCONNECTED, old=DISCONNECTED, reason=radioTurnedOff
D/MobileDataStateTracker(  376): mms: Broadcast received: android.intent.action.ANY_DATA_STATE apnType=mms
D/MobileDataStateTracker(  376): mms: Received state=DISCONNECTED, old=DISCONNECTED, reason=radioTurnedOff
D/MobileDataStateTracker(  376): cbs: Broadcast received: android.intent.action.ANY_DATA_STATE apnType=cbs
D/MobileDataStateTracker(  376): cbs: Received state=DISCONNECTED, old=DISCONNECTED, reason=radioTurnedOff
D/MobileDataStateTracker(  376): fota: Broadcast received: android.intent.action.ANY_DATA_STATE apnType=fota
D/MobileDataStateTracker(  376): fota: Received state=DISCONNECTED, old=DISCONNECTED, reason=dataDetached
D/MobileDataStateTracker(  376): ia: Broadcast received: android.intent.action.ANY_DATA_STATE apnType=ia
D/MobileDataStateTracker(  376): ia: Received state=DISCONNECTED, old=DISCONNECTED, reason=dataDetached
D/MobileDataStateTracker(  376): supl: Broadcast received: android.intent.action.ANY_DATA_STATE apnType=supl
D/MobileDataStateTracker(  376): supl: Received state=DISCONNECTED, old=DISCONNECTED, reason=dataDetached
D/MobileDataStateTracker(  376): hipri: Broadcast received: android.intent.action.ANY_DATA_STATE apnType=hipri
D/MobileDataStateTracker(  376): hipri: Received state=DISCONNECTED, old=DISCONNECTED, reason=dataDetached
D/MobileDataStateTracker(  376): ims: Broadcast received: android.intent.action.ANY_DATA_STATE apnType=ims
D/MobileDataStateTracker(  376): ims: Received state=DISCONNECTED, old=DISCONNECTED, reason=dataDetached
D/MobileDataStateTracker(  376): default: Broadcast received: android.intent.action.ANY_DATA_STATE apnType=default
D/MobileDataStateTracker(  376): default: Received state=DISCONNECTED, old=DISCONNECTED, reason=dataDetached
D/MobileDataStateTracker(  376): mms: Broadcast received: android.intent.action.ANY_DATA_STATE apnType=mms
D/MobileDataStateTracker(  376): mms: Received state=DISCONNECTED, old=DISCONNECTED, reason=dataDetached
D/MobileDataStateTracker(  376): cbs: Broadcast received: android.intent.action.ANY_DATA_STATE apnType=cbs
D/MobileDataStateTracker(  376): cbs: Received state=DISCONNECTED, old=DISCONNECTED, reason=dataDetached
D/MobileDataStateTracker(  376): fota: Broadcast received: android.intent.action.ANY_DATA_STATE apnType=fota
D/MobileDataStateTracker(  376): fota: Received state=DISCONNECTED, old=DISCONNECTED, reason=roamingOff
D/MobileDataStateTracker(  376): ia: Broadcast received: android.intent.action.ANY_DATA_STATE apnType=ia
D/MobileDataStateTracker(  376): ia: Received state=DISCONNECTED, old=DISCONNECTED, reason=roamingOff
D/MobileDataStateTracker(  376): supl: Broadcast received: android.intent.action.ANY_DATA_STATE apnType=supl
D/MobileDataStateTracker(  376): supl: Received state=DISCONNECTED, old=DISCONNECTED, reason=roamingOff
D/MobileDataStateTracker(  376): hipri: Broadcast received: android.intent.action.ANY_DATA_STATE apnType=hipri
D/MobileDataStateTracker(  376): hipri: Received state=DISCONNECTED, old=DISCONNECTED, reason=roamingOff
D/MobileDataStateTracker(  376): ims: Broadcast received: android.intent.action.ANY_DATA_STATE apnType=ims
D/MobileDataStateTracker(  376): ims: Received state=DISCONNECTED, old=DISCONNECTED, reason=roamingOff
D/MobileDataStateTracker(  376): default: Broadcast received: android.intent.action.ANY_DATA_STATE apnType=default
D/MobileDataStateTracker(  376): default: Received state=DISCONNECTED, old=DISCONNECTED, reason=roamingOff
D/MobileDataStateTracker(  376): mms: Broadcast received: android.intent.action.ANY_DATA_STATE apnType=mms
D/MobileDataStateTracker(  376): mms: Received state=DISCONNECTED, old=DISCONNECTED, reason=roamingOff
D/MobileDataStateTracker(  376): cbs: Broadcast received: android.intent.action.ANY_DATA_STATE apnType=cbs
D/MobileDataStateTracker(  376): cbs: Received state=DISCONNECTED, old=DISCONNECTED, reason=roamingOff
D/MobileDataStateTracker(  376): fota: Broadcast received: android.intent.action.ANY_DATA_STATE apnType=fota
D/MobileDataStateTracker(  376): fota: Received state=DISCONNECTED, old=DISCONNECTED, reason=dataAttached
D/MobileDataStateTracker(  376): ia: Broadcast received: android.intent.action.ANY_DATA_STATE apnType=ia
D/MobileDataStateTracker(  376): ia: Received state=DISCONNECTED, old=DISCONNECTED, reason=dataAttached
D/MobileDataStateTracker(  376): supl: Broadcast received: android.intent.action.ANY_DATA_STATE apnType=supl
D/MobileDataStateTracker(  376): supl: Received state=DISCONNECTED, old=DISCONNECTED, reason=dataAttached
D/MobileDataStateTracker(  376): hipri: Broadcast received: android.intent.action.ANY_DATA_STATE apnType=hipri
D/MobileDataStateTracker(  376): hipri: Received state=DISCONNECTED, old=DISCONNECTED, reason=dataAttached
D/MobileDataStateTracker(  376): ims: Broadcast received: android.intent.action.ANY_DATA_STATE apnType=ims
D/MobileDataStateTracker(  376): ims: Received state=DISCONNECTED, old=DISCONNECTED, reason=dataAttached
D/MobileDataStateTracker(  376): mms: Broadcast received: android.intent.action.ANY_DATA_STATE apnType=mms
D/MobileDataStateTracker(  376): mms: Received state=DISCONNECTED, old=DISCONNECTED, reason=dataAttached
D/MobileDataStateTracker(  376): cbs: Broadcast received: android.intent.action.ANY_DATA_STATE apnType=cbs
D/MobileDataStateTracker(  376): cbs: Received state=DISCONNECTED, old=DISCONNECTED, reason=dataAttached
D/MobileDataStateTracker(  376): fota: Broadcast received: android.intent.action.ANY_DATA_STATE apnType=fota
D/MobileDataStateTracker(  376): fota: Received state=DISCONNECTED, old=DISCONNECTED, reason=dataAttached
D/MobileDataStateTracker(  376): ia: Broadcast received: android.intent.action.ANY_DATA_STATE apnType=ia
D/MobileDataStateTracker(  376): ia: Received state=DISCONNECTED, old=DISCONNECTED, reason=dataAttached
W/WindowManager(  376): Window freeze timeout expired.
W/WindowManager(  376): Force clearing orientation change: Window{b1ef4330 u0 StatusBar}
W/WindowManager(  376): Force clearing orientation change: Window{b1fb92e0 u0 com.android.launcher/com.android.launcher2.Launcher}
D/MobileDataStateTracker(  376): supl: Broadcast received: android.intent.action.ANY_DATA_STATE apnType=supl
D/MobileDataStateTracker(  376): supl: Received state=DISCONNECTED, old=DISCONNECTED, reason=dataAttached
D/MobileDataStateTracker(  376): hipri: Broadcast received: android.intent.action.ANY_DATA_STATE apnType=hipri
D/MobileDataStateTracker(  376): hipri: Received state=DISCONNECTED, old=DISCONNECTED, reason=dataAttached
D/MobileDataStateTracker(  376): ims: Broadcast received: android.intent.action.ANY_DATA_STATE apnType=ims
D/MobileDataStateTracker(  376): ims: Received state=DISCONNECTED, old=DISCONNECTED, reason=dataAttached
D/MobileDataStateTracker(  376): mms: Broadcast received: android.intent.action.ANY_DATA_STATE apnType=mms
D/MobileDataStateTracker(  376): mms: Received state=DISCONNECTED, old=DISCONNECTED, reason=dataAttached
D/MobileDataStateTracker(  376): cbs: Broadcast received: android.intent.action.ANY_DATA_STATE apnType=cbs
D/MobileDataStateTracker(  376): cbs: Received state=DISCONNECTED, old=DISCONNECTED, reason=dataAttached
D/MccTable(  543): updateMccMncConfiguration: mcc=310, mnc=260
D/MccTable(  543): getLocaleFromMcc to en_us mcc=310
D/MccTable(  543): getLocaleForLanguageCountry: skipping already persisted
D/MccTable(  543): getLocaleForLanguageCountry: X locale=null
D/MccTable(  543): WIFI_COUNTRY_CODE set to us
I/WifiService(  376): WifiService trying to set country code to us with persist set to true
D/MccTable(  543): updateMccMncConfiguration updateConfig config={1.0 310mcc260mnc ?locale ?layoutDir ?swdp ?wdp ?hdp ?density ?lsize ?long ?orien ?uimode ?night ?touch ?keyb/?/? ?nav/?}
I/ActivityManager(  376): Config changes=3 {1.0 310mcc260mnc en_US ldltr sw320dp w320dp h455dp 160dpi nrml port -touch -keyb/v/h tball/v s.5}
D/MccTable(  543): updateMccMncConfiguration: mcc=310, mnc=260
D/MccTable(  543): getLocaleFromMcc to en_us mcc=310
D/MccTable(  543): getLocaleForLanguageCountry: skipping already persisted
D/MccTable(  543): getLocaleForLanguageCountry: X locale=null
D/MccTable(  543): WIFI_COUNTRY_CODE set to us
I/WifiService(  376): WifiService trying to set country code to us with persist set to true
D/MccTable(  543): updateMccMncConfiguration updateConfig config={1.0 310mcc260mnc ?locale ?layoutDir ?swdp ?wdp ?hdp ?density ?lsize ?long ?orien ?uimode ?night ?touch ?keyb/?/? ?nav/?}
D/MobileDataStateTracker(  376): fota: Broadcast received: android.intent.action.ANY_DATA_STATE apnType=fota
D/MobileDataStateTracker(  376): fota: Received state=DISCONNECTED, old=DISCONNECTED, reason=simLoaded
D/MobileDataStateTracker(  376): ia: Broadcast received: android.intent.action.ANY_DATA_STATE apnType=ia
D/MobileDataStateTracker(  376): ia: Received state=DISCONNECTED, old=DISCONNECTED, reason=simLoaded
D/MobileDataStateTracker(  376): supl: Broadcast received: android.intent.action.ANY_DATA_STATE apnType=supl
D/MobileDataStateTracker(  376): supl: Received state=DISCONNECTED, old=DISCONNECTED, reason=simLoaded
D/MobileDataStateTracker(  376): hipri: Broadcast received: android.intent.action.ANY_DATA_STATE apnType=hipri
D/MobileDataStateTracker(  376): hipri: Received state=DISCONNECTED, old=DISCONNECTED, reason=simLoaded
D/MobileDataStateTracker(  376): ims: Broadcast received: android.intent.action.ANY_DATA_STATE apnType=ims
D/MobileDataStateTracker(  376): ims: Received state=DISCONNECTED, old=DISCONNECTED, reason=simLoaded
D/MobileDataStateTracker(  376): mms: Broadcast received: android.intent.action.ANY_DATA_STATE apnType=mms
D/MobileDataStateTracker(  376): mms: Received state=DISCONNECTED, old=DISCONNECTED, reason=simLoaded
W/WindowManager(  376): Window freeze timeout expired.
W/WindowManager(  376): Force clearing orientation change: Window{b1ef4330 u0 StatusBar}
D/MobileDataStateTracker(  376): cbs: Broadcast received: android.intent.action.ANY_DATA_STATE apnType=cbs
D/MobileDataStateTracker(  376): cbs: Received state=DISCONNECTED, old=DISCONNECTED, reason=simLoaded
D/MobileDataStateTracker(  376): default: Broadcast received: android.intent.action.ANY_DATA_STATE apnType=default
D/MobileDataStateTracker(  376): default: Received state=CONNECTING, old=DISCONNECTED, reason=simLoaded
D/MobileDataStateTracker(  376): default: setDetailed state, old =IDLE and new state=CONNECTING
D/MobileDataStateTracker(  376): fota: Broadcast received: android.intent.action.ANY_DATA_STATE apnType=fota
D/MobileDataStateTracker(  376): fota: Received state=DISCONNECTED, old=DISCONNECTED, reason=simLoaded
D/MobileDataStateTracker(  376): ia: Broadcast received: android.intent.action.ANY_DATA_STATE apnType=ia
D/MobileDataStateTracker(  376): ia: Received state=DISCONNECTED, old=DISCONNECTED, reason=simLoaded
D/MobileDataStateTracker(  376): supl: Broadcast received: android.intent.action.ANY_DATA_STATE apnType=supl
D/MobileDataStateTracker(  376): supl: Received state=DISCONNECTED, old=DISCONNECTED, reason=simLoaded
D/MobileDataStateTracker(  376): hipri: Broadcast received: android.intent.action.ANY_DATA_STATE apnType=hipri
D/MobileDataStateTracker(  376): hipri: Received state=DISCONNECTED, old=DISCONNECTED, reason=simLoaded
D/MobileDataStateTracker(  376): ims: Broadcast received: android.intent.action.ANY_DATA_STATE apnType=ims
D/MobileDataStateTracker(  376): ims: Received state=DISCONNECTED, old=DISCONNECTED, reason=simLoaded
D/MobileDataStateTracker(  376): mms: Broadcast received: android.intent.action.ANY_DATA_STATE apnType=mms
D/MobileDataStateTracker(  376): mms: Received state=DISCONNECTED, old=DISCONNECTED, reason=simLoaded
D/MobileDataStateTracker(  376): cbs: Broadcast received: android.intent.action.ANY_DATA_STATE apnType=cbs
D/MobileDataStateTracker(  376): cbs: Received state=DISCONNECTED, old=DISCONNECTED, reason=simLoaded
D/MobileDataStateTracker(  376): default: Broadcast received: android.intent.action.ANY_DATA_STATE apnType=default
D/MobileDataStateTracker(  376): default: Received state=CONNECTED, old=CONNECTING, reason=connected
D/MobileDataStateTracker(  376): default: setDetailed state, old =CONNECTING and new state=CONNECTED
D/ConnectivityService(  376): ConnectivityChange for mobile: CONNECTED/CONNECTED
D/ConnectivityService(  376): ConnectivityChange checkMobileProvisioning for TYPE_MOBILE or ProvisioningNetwork
D/ConnectivityService(  376): checkMobileProvisioning: E suggestedTimeOutMs=60000
D/ConnectivityService(  376): setProvNotificationVisible: E visible=false networkType=5 extraInfo=null url=null
D/ConnectivityService(  376): checkMobileProvisioning: params={ url=http://clients3.google.com/generate_204 mTimeOutMs=60000 mCb=com.android.server.ConnectivityService$5@b1f23228}
D/ConnectivityService(  376): checkMobileProvisioning: X
D/Nat464Xlat(  376): requiresClat: netType=0, hasIPv4Address=true
I/WindowManager(  376): Screen frozen for +3s685ms due to Window{b1f4abd8 u0 com.android.systemui.ImageWallpaper}
I/ActivityManager(  376): Start proc com.android.settings for broadcast com.android.settings/.widget.SettingsAppWidgetProvider: pid=682 uid=1000 gids={41000, 1028, 1015, 3002, 3001, 3003}
D/MobileDataStateTracker(  376): default: isProvisioningNetwork: retVal=false
D/ConnectivityService(  376): [CheckMp] isMobileOk: isDefaultProvisioning=false
D/MobileDataStateTracker(  376): hipri: isProvisioningNetwork: retVal=false
D/ConnectivityService(  376): [CheckMp] isMobileOk: isHipriProvisioning=false
D/ConnectivityService(  376): [CheckMp] isMobileOk: start hipri url=http://clients3.google.com/generate_204
D/ConnectivityService(  376): startUsingNetworkFeature reconnecting to 0: enableHIPRI
D/ConnectivityService(  376): startUsingNetworkFeature X: return APN_REQUEST_STARTED
D/ConnectivityService(  376): [CheckMp] isMobileOk: hipri started
D/ConnectivityService(  376): [CheckMp] isMobileOk: not connected ni=NetworkInfo: type: mobile_hipri[LTE], state: DISCONNECTED/IDLE, reason: (unspecified), extra: (none), roaming: false, failover: false, isAvailable: true, isConnectedToProvisioningNetwork: false
D/MobileDataStateTracker(  376): hipri: Broadcast received: android.intent.action.ANY_DATA_STATE apnType=hipri
D/MobileDataStateTracker(  376): hipri: Received state=CONNECTING, old=DISCONNECTED, reason=dataEnabled
D/MobileDataStateTracker(  376): hipri: setDetailed state, old =IDLE and new state=CONNECTING
D/MobileDataStateTracker(  376): fota: Broadcast received: android.intent.action.ANY_DATA_STATE apnType=fota
D/MobileDataStateTracker(  376): fota: Received state=DISCONNECTED, old=DISCONNECTED, reason=dataEnabled
D/MobileDataStateTracker(  376): ia: Broadcast received: android.intent.action.ANY_DATA_STATE apnType=ia
D/MobileDataStateTracker(  376): ia: Received state=DISCONNECTED, old=DISCONNECTED, reason=dataEnabled
D/MobileDataStateTracker(  376): supl: Broadcast received: android.intent.action.ANY_DATA_STATE apnType=supl
D/MobileDataStateTracker(  376): supl: Received state=DISCONNECTED, old=DISCONNECTED, reason=dataEnabled
D/MobileDataStateTracker(  376): ims: Broadcast received: android.intent.action.ANY_DATA_STATE apnType=ims
D/MobileDataStateTracker(  376): ims: Received state=DISCONNECTED, old=DISCONNECTED, reason=dataEnabled
D/MobileDataStateTracker(  376): mms: Broadcast received: android.intent.action.ANY_DATA_STATE apnType=mms
D/MobileDataStateTracker(  376): mms: Received state=DISCONNECTED, old=DISCONNECTED, reason=dataEnabled
D/MobileDataStateTracker(  376): cbs: Broadcast received: android.intent.action.ANY_DATA_STATE apnType=cbs
D/MobileDataStateTracker(  376): cbs: Received state=DISCONNECTED, old=DISCONNECTED, reason=dataEnabled
D/MobileDataStateTracker(  376): hipri: Broadcast received: android.intent.action.ANY_DATA_STATE apnType=hipri
D/MobileDataStateTracker(  376): hipri: Received state=CONNECTED, old=CONNECTING, reason=dataEnabled
D/MobileDataStateTracker(  376): hipri: setDetailed state, old =CONNECTING and new state=CONNECTED
D/ConnectivityService(  376): ConnectivityChange for mobile_hipri: CONNECTED/CONNECTED
D/Nat464Xlat(  376): requiresClat: netType=5, hasIPv4Address=true
D/MobileDataStateTracker(  376): hipri: isProvisioningNetwork: retVal=false
D/ConnectivityService(  376): [CheckMp] isMobileOk: isProvisioningNetwork is false, continue
D/ConnectivityService(  376): [CheckMp] isMobileOk: addresses=clients3.google.com/172.217.20.78
D/ConnectivityService(  376): [CheckMp] isMobileOk: linkHasIpv4=true linkHasIpv6=false
W/WindowManager(  376): Window freeze timeout expired.
W/WindowManager(  376): Force clearing orientation change: Window{b1fbd130 u0 Keyguard}
E/NetdConnector(  376): NDC Command {29 interface route add eth0 default 172.217.20.78 32 10.0.2.2} took too long (2476ms)
D/ConnectivityService(  376): requestRouteToHostAddress ok=true
D/ConnectivityService(  376): [CheckMp] isMobileOk: wait to establish route to hostAddr=clients3.google.com/172.217.20.78
I/ActivityManager(  376): Start proc com.android.music for broadcast com.android.music/.MediaButtonIntentReceiver: pid=719 uid=10036 gids={50036, 3003, 1028, 1015}
D/ConnectivityService(  376): [CheckMp] isMobileOk: newUrl=http://172.217.20.78/generate_204?q=640096614
W/ActivityThread(  376): ClassLoader.loadClass: The class loader returned by Thread.getContextClassLoader() may fail for processes that host multiple applications. You should explicitly specify a context class loader. For example: Thread.setContextClassLoader(getClass().getClassLoader());
D/ConnectivityService(  376): [CheckMp] isMobileOk: headers={null=[HTTP/1.1 204 No Content], Connection=[close], Content-Length=[0], Date=[Sun, 11 Jun 2017 23:59:47 GMT], X-Android-Received-Millis=[1497225587824], X-Android-Response-Source=[NETWORK 204], X-Android-Selected-Transport=[http/1.1], X-Android-Sent-Millis=[1497225587796]}
D/ConnectivityService(  376): [CheckMp] isMobileOk: X expected responseCode=204 result=1
D/ConnectivityService(  376): [CheckMp] isMobileOk: F stop hipri
D/MobileDataStateTracker(  376): default: setEnableFailFastMobileData(enabled=0)
D/ConnectivityService(  376): stopUsingNetworkFeature: teardown net 0: enableHIPRI
D/MobileDataStateTracker(  376): hipri: Broadcast received: android.intent.action.ANY_DATA_STATE apnType=hipri
D/MobileDataStateTracker(  376): hipri: Received state=DISCONNECTED, old=CONNECTED, reason=dataDisabled
D/MobileDataStateTracker(  376): hipri: setDetailed state, old =CONNECTED and new state=DISCONNECTED
D/ConnectivityService(  376): ConnectivityChange for mobile_hipri: DISCONNECTED/DISCONNECTED
D/Nat464Xlat(  376): requiresClat: netType=5, hasIPv4Address=true
I/ActivityManager(  376): Start proc com.android.dialer for broadcast com.android.dialer/.calllog.CallLogReceiver: pid=744 uid=10004 gids={50004, 3003, 1028, 1015}
I/ActivityManager(  376): Delay finish: com.android.dialer/.calllog.CallLogReceiver
D/ConnectivityService(  376): [CheckMp] isMobileOk: X result=1
D/ConnectivityService(  376): [CheckMp] onPostExecute: result=1
D/ConnectivityService(  376): CheckMp.onComplete: result=1
D/ConnectivityService(  376): CheckMp.onComplete: ignore, connected or no connection
D/MobileDataStateTracker(  376): default: setPolicyDataEnable(enabled=true)
I/ActivityManager(  376): Waited long enough for: ServiceRecord{b2006130 u0 com.android.music/.MediaPlaybackService}
I/ActivityManager(  376): Resuming delayed broadcast
V/WiredAccessoryManager(  376): init()
I/ActivityManager(  376): Start proc com.android.providers.calendar for broadcast com.android.providers.calendar/.CalendarReceiver: pid=785 uid=10001 gids={50001, 3003, 1028, 1015}
I/PowerManagerService(  376): Boot animation finished.
I/BootReceiver(  376): Copying audit failures to DropBox
I/BootReceiver(  376): Checking for fsck errors
I/ActivityManager(  376): Delay finish: com.android.providers.calendar/.CalendarReceiver
I/ActivityManager(  376): Resuming delayed broadcast
I/ActivityManager(  376): Delay finish: com.android.providers.downloads/.DownloadReceiver
I/ActivityManager(  376): Resuming delayed broadcast
I/ActivityManager(  376): Delay finish: com.android.providers.media/.MediaScannerReceiver
I/ActivityManager(  376): Resuming delayed broadcast
I/ActivityManager(  376): Start proc com.android.mms for broadcast com.android.mms/.transaction.MmsSystemEventReceiver: pid=831 uid=10009 gids={50009, 3003, 1028, 1015}
D/CountryDetector(  376): The first listener is added
I/ActivityManager(  376): Delay finish: com.android.mms/.transaction.MmsSystemEventReceiver
I/ActivityManager(  376): Resuming delayed broadcast
I/ActivityManager(  376): Delay finish: com.android.mms/.transaction.SmsReceiver
I/ActivityManager(  376): Resuming delayed broadcast
I/ActivityManager(  376): Start proc com.android.onetimeinitializer for broadcast com.android.onetimeinitializer/.OneTimeInitializerReceiver: pid=857 uid=10011 gids={50011}
I/ActivityManager(  376): Delay finish: com.android.onetimeinitializer/.OneTimeInitializerReceiver
I/ActivityManager(  376): Resuming delayed broadcast
I/ActivityManager(  376): Start proc com.android.voicedialer for broadcast com.android.voicedialer/.VoiceDialerReceiver: pid=872 uid=10014 gids={50014, 3002}
I/ActivityManager(  376): Start proc com.android.calendar for broadcast com.android.calendar/.alerts.AlertReceiver: pid=885 uid=10020 gids={50020, 3003}
I/ActivityManager(  376): Delay finish: com.android.calendar/.alerts.AlertReceiver
D/MobileDataStateTracker(  376): default: setPolicyDataEnable(enabled=true)
I/ActivityManager(  376): Waited long enough for: ServiceRecord{b1fa2090 u0 com.android.calendar/.alerts.InitAlarmsService}
I/ActivityManager(  376): Resuming delayed broadcast
I/ActivityManager(  376): Start proc com.android.deskclock for broadcast com.android.deskclock/.AlarmInitReceiver: pid=919 uid=10023 gids={50023, 1028}
I/ActivityManager(  376): Start proc com.android.email for broadcast com.android.email/.service.EmailBroadcastReceiver: pid=935 uid=10026 gids={50026, 3003, 1028, 1015}
D/ActivityThread(  935): Loading provider com.android.email.provider;com.android.email.notifier: com.android.email.provider.EmailProvider
I/ActivityManager(  376): Delay finish: com.android.email/.service.EmailBroadcastReceiver
W/ActivityManager(  376): Unable to start service Intent { cmp=com.android.email/.service.AttachmentDownloadService } U=0: not found
I/ActivityManager(  376): Delaying start of: ServiceRecord{b1ee1630 u0 com.android.exchange/.service.EmailSyncAdapterService}
I/ActivityManager(  376): Start proc com.android.exchange for service com.android.exchange/.service.EmailSyncAdapterService: pid=953 uid=10027 gids={50027, 3003, 1028, 1015}
W/ActivityManager(  376): Unable to start service Intent { cmp=com.android.email/.service.AttachmentDownloadService } U=0: not found
I/ActivityManager(  376): Resuming delayed broadcast
I/ActivityManager(  376): Delay finish: com.android.calendar/.alerts.AlertReceiver
I/ActivityManager(  376): Resuming delayed broadcast
I/ActivityManager(  376): Delay finish: com.android.mms/.transaction.SmsReceiver
I/ActivityManager(  376): Resuming delayed broadcast
I/ActivityManager(  376): Delay finish: com.android.providers.calendar/.CalendarProviderBroadcastReceiver
I/ActivityManager(  376): Resuming delayed broadcast
D/MobileDataStateTracker(  376): default: setPolicyDataEnable(enabled=true)
E/NetdConnector(  376): NDC Command {45 bandwidth setiquota eth0 9223372036854775807} took too long (529ms)
D/MobileDataStateTracker(  376): default: setPolicyDataEnable(enabled=true)
D/MobileDataStateTracker(  376): default: setPolicyDataEnable(enabled=true)
D/MobileDataStateTracker(  376): default: setPolicyDataEnable(enabled=true)
E/NetdConnector(  376): NDC Command {49 bandwidth setiquota eth0 9223372036854775807} took too long (1146ms)
D/MobileDataStateTracker(  376): default: setPolicyDataEnable(enabled=true)
D/MobileDataStateTracker(  376): default: setPolicyDataEnable(enabled=true)
D/MobileDataStateTracker(  376): default: setPolicyDataEnable(enabled=true)
D/ConnectivityService(  376): Done.
D/ConnectivityService(  376): Setting timer for 720seconds
I/ActivityManager(  376): Delay finish: com.android.providers.calendar/.CalendarProviderBroadcastReceiver
I/ActivityManager(  376): Resuming delayed broadcast
I/ActivityManager(  376): Start proc com.android.musicfx for broadcast com.android.musicfx/.ControlPanelReceiver: pid=1063 uid=10010 gids={50010, 3003, 3002}
D/ConnectivityService(  376): Sampling interval elapsed, updating statistics ..
I/ActivityManager(  376): START u0 {act=android.intent.action.VIEW dat=about:blank flg=0x10000000 cmp=com.android.browser/.BrowserActivity} from pid 1079
I/WindowManager(  376): Screenshot max retries 4 of Token{b1f8bcd0 ActivityRecord{b1f8ba08 u0 com.android.launcher/com.android.launcher2.Launcher t1}} appWin=Window{b1f48818 u0 com.android.launcher/com.android.launcher2.Launcher} drawState=4
W/WindowManager(  376): Screenshot failure taking screenshot for (320x480) to layer 21005
I/ActivityManager(  376): Start proc com.android.browser for activity com.android.browser/.BrowserActivity: pid=1091 uid=10018 gids={50018, 3003, 1028, 1015}
--------- beginning of /dev/log/main
D/dalvikvm( 1091): TRACE_DEBUG: INSIDE  dvmMethodTraceReadClocks
D/dalvikvm( 1091): TRACE_DEBUG: INSIDE  dvmMethodTraceAdd. action: 1. type: 5
D/dalvikvm( 1091): TRACE_DEBUG: INSIDE  dvmMethodTraceReadClocks
D/dalvikvm( 1091): TRACE_DEBUG: INSIDE  dvmMethodTraceAdd. action: 0. type: 5
D/dalvikvm( 1091): TRACE_DEBUG: INSIDE  dvmFastNativeMethodTraceExit
D/dalvikvm( 1091): TRACE_DEBUG: INSIDE  dvmMethodTraceReadClocks
D/dalvikvm( 1091): TRACE_DEBUG: INSIDE  dvmMethodTraceAdd. action: 0. type: 7
D/dalvikvm( 1091): TRACE_DEBUG: INSIDE  dvmMethodTraceReadClocks
D/dalvikvm( 1091): TRACE_DEBUG: INSIDE  dvmMethodTraceAdd. action: 0. type: 5
D/dalvikvm( 1091): TRACE_DEBUG: INSIDE  dvmMethodTraceReadClocks
D/dalvikvm( 1091): TRACE_DEBUG: INSIDE  dvmMethodTraceAdd. action: 0. type: 5
D/dalvikvm( 1091): TRACE_DEBUG: INSIDE  dvmFastNativeMethodTraceExit
D/dalvikvm( 1091): TRACE_DEBUG: INSIDE  dvmMethodTraceReadClocks
D/dalvikvm( 1091): TRACE_DEBUG: INSIDE  dvmMethodTraceAdd. action: 0. type: 7
D/dalvikvm( 1091): TRACE_DEBUG: INSIDE  dvmMethodTraceReadClocks
