--------- beginning of /dev/log/main
E/logwrapper(   40): executing /system/bin/e2fsck failed: No such file or directory
E/logwrapper(   43): executing /system/bin/e2fsck failed: No such file or directory
I/qemu-props(   47): connected to 'boot-properties' qemud service.
I/qemu-props(   47): receiving..
I/qemu-props(   47): received: dalvik.vm.heapsize=512m
I/installd(   55): installd firing up
I/qemu-props(   47): receiving..
I/qemu-props(   47): received: qemu.sf.lcd_density=160
I/qemu-props(   47): receiving..
I/qemu-props(   47): received: qemu.hw.mainkeys=1
I/qemu-props(   47): receiving..
I/qemu-props(   47): received: qemu.sf.fake_camera=back
I/qemu-props(   47): receiving..
I/qemu-props(   47): exiting (4 properties set).
I/DEBUG   (   49): debuggerd: May 25 2017 16:56:34
--------- beginning of /dev/log/system
I/Vold    (   46): Vold 2.1 (the revenge) firing up
D/Vold    (   46): Volume sdcard state changing -1 (Initializing) -> 0 (No-Media)
I/Netd    (   48): Netd 1.0 starting
W/InterfaceController(   48): Warning (dlopen failed: library "/system/lib/libnetcmdiface.so" not found) while opening the net interface command library
D/Vold    (   46): Volume sdcard state changing 0 (No-Media) -> 1 (Idle-Unmounted)
I/SurfaceFlinger(   51): SurfaceFlinger is starting
I/SurfaceFlinger(   51): SurfaceFlinger's main thread ready to run. Initializing graphics H/W...
D/libEGL  (   51): Emulator without GPU support detected. Fallback to software renderer.
D/libEGL  (   51): loaded /system/lib/egl/libGLES_android.so
D/gralloc_goldfish(   51): Emulator without GPU emulation detected.
I/gralloc (   51): using (fd=14)
I/gralloc (   51): id           = 
I/gralloc (   51): xres         = 320 px
I/gralloc (   51): yres         = 480 px
I/gralloc (   51): xres_virtual = 320 px
I/gralloc (   51): yres_virtual = 960 px
I/gralloc (   51): bpp          = 16
I/gralloc (   51): r            = 11:5
I/gralloc (   51): g            =  5:6
I/gralloc (   51): b            =  0:5
I/gralloc (   51): width        = 49 mm (165.877548 dpi)
I/gralloc (   51): height       = 74 mm (164.756760 dpi)
I/gralloc (   51): refresh rate = 651.04 Hz
E/SurfaceFlinger(   51): hwcomposer module not found
W/SurfaceFlinger(   51): getting VSYNC period from fb HAL: 1536001
W/SurfaceFlinger(   51): no suitable EGLConfig found, trying a simpler query
W/SurfaceFlinger(   51): EGL_SLOW_CONFIG selected!
I/SurfaceFlinger(   51): EGL informations:
I/SurfaceFlinger(   51): vendor    : Android
I/SurfaceFlinger(   51): version   : 1.4 Android META-EGL
I/SurfaceFlinger(   51): extensions: EGL_KHR_get_all_proc_addresses EGL_ANDROID_presentation_time EGL_KHR_image_base EGL_KHR_fence_sync EGL_ANDROID_image_native_buffer 
I/SurfaceFlinger(   51): Client API: OpenGL_ES
I/SurfaceFlinger(   51): EGLSurface: 5-6-5-0, config=0x0
I/SurfaceFlinger(   51): OpenGL ES informations:
I/SurfaceFlinger(   51): vendor    : Android
I/SurfaceFlinger(   51): renderer  : Android PixelFlinger 1.4
I/SurfaceFlinger(   51): version   : OpenGL ES-CM 1.0
I/SurfaceFlinger(   51): extensions: GL_EXT_debug_marker GL_OES_byte_coordinates GL_OES_fixed_point GL_OES_single_precision GL_OES_read_format GL_OES_compressed_paletted_texture GL_OES_draw_texture GL_OES_matrix_get GL_OES_query_matrix GL_OES_EGL_image GL_OES_EGL_sync GL_OES_compressed_ETC1_RGB8_texture GL_ARB_texture_compression GL_ARB_texture_non_power_of_two GL_ANDROID_user_clip_plane GL_ANDROID_vertex_buffer_object GL_ANDROID_generate_mipmap 
I/SurfaceFlinger(   51): GL_MAX_TEXTURE_SIZE = 4096
I/SurfaceFlinger(   51): GL_MAX_VIEWPORT_DIMS = 4096
D/SurfaceFlinger(   51): Screen acquired, type=0 flinger=0xb8683450
E/SurfaceFlinger(   51): ro.sf.lcd_density must be defined as a build property
D/libEGL  (   95): Emulator without GPU support detected. Fallback to software renderer.
D/libEGL  (   95): loaded /system/lib/egl/libGLES_android.so
D/gralloc_goldfish(   95): Emulator without GPU emulation detected.
I/mediaserver(   54): ServiceManager: 0xb8ae3420
I/AudioFlinger(   54): Using default 3000 mSec as standby time.
I/CameraService(   54): CameraService started (pid=54)
D/EmulatedCamera_QemuClient(   54): Emulated camera list: 
D/EmulatedCamera_FakeCamera(   54): Initialize: Fake camera is facing back
V/EmulatedCamera_Device(   54): initializeWhiteBalanceModes with auto, 1.000000, 1.000000
V/EmulatedCamera_Device(   54): initializeWhiteBalanceModes with incandescent, 1.380000, 0.600000
V/EmulatedCamera_Device(   54): initializeWhiteBalanceModes with daylight, 1.090000, 0.920000
V/EmulatedCamera_Device(   54): initializeWhiteBalanceModes with twilight, 0.920000, 1.220000
V/EmulatedCamera_Device(   54): setWhiteBalanceMode with white balance auto
I/CameraService(   54): Loaded "Emulated Camera Module" camera module
I/AudioPolicyManagerBase(   54): loadAudioPolicyConfig() loaded /system/etc/audio_policy.conf
I/AudioFlinger(   54): loadHwModule() Loaded primary audio interface from Generic audio HW HAL (audio) handle 1
D/AndroidRuntime(   52): 
D/AndroidRuntime(   52): >>>>>> AndroidRuntime START com.android.internal.os.ZygoteInit <<<<<<
D/AndroidRuntime(   52): CheckJNI is ON
I/AudioFlinger(   54): HAL output buffer size 1024 frames, normal mix buffer size 1024 frames
I/AudioMixer(   54): found effect "Multichannel Downmix To Stereo" from The Android Open Source Project
I/AudioFlinger(   54): Using module 1 has the primary audio interface
I/AudioFlinger(   54): AudioFlinger's thread 0xb5fca008 ready to run
W/AudioFlinger(   54): Thread AudioOut_2 cannot connect to the power manager service
W/AudioFlinger(   54): Thread AudioOut_2 cannot connect to the power manager service
E/AudioFlinger(   54): int android::load_audio_interface(const char*, audio_hw_device_t**) couldn't load audio hw module audio.r_submix (No such file or directory)
I/ARMAssembler(   95): generated scanline__00000077:03010102_00000A01_00000000 [  9 ipp] (30 ins) at [0xb61221f0:0xb6122268] in 10000000 ns
I/ARMAssembler(   95): generated scanline__00000077:03545402_00000A01_00000000 [ 31 ipp] (52 ins) at [0xb6122270:0xb6122340] in 0 ns
I/AudioFlinger(   54): loadHwModule() error -2 loading module r_submix 
W/AudioPolicyManagerBase(   54): could not open HW module r_submix
I/AudioPolicyService(   54): Loaded audio policy from LEGACY Audio Policy HAL (audio_policy)
D/AndroidRuntime(   76): 
D/AndroidRuntime(   76): >>>>>> AndroidRuntime START com.android.internal.os.RuntimeInit <<<<<<
D/AndroidRuntime(   76): CheckJNI is ON
D/dalvikvm(   52): Trying to load lib libjavacore.so 0x0
D/dalvikvm(   52): Added shared lib libjavacore.so 0x0
D/dalvikvm(   76): Trying to load lib libjavacore.so 0x0
D/dalvikvm(   52): Trying to load lib libnativehelper.so 0x0
D/dalvikvm(   52): Added shared lib libnativehelper.so 0x0
D/dalvikvm(   52): No JNI_OnLoad found in libnativehelper.so 0x0, skipping init
D/dalvikvm(   76): Added shared lib libjavacore.so 0x0
D/dalvikvm(   76): Trying to load lib libnativehelper.so 0x0
D/dalvikvm(   76): Added shared lib libnativehelper.so 0x0
D/dalvikvm(   76): No JNI_OnLoad found in libnativehelper.so 0x0, skipping init
D/dalvikvm(   52): Note: class Landroid/app/ActivityManagerNative; has 179 unimplemented (abstract) methods
D/dalvikvm(   76): Note: class Landroid/app/ActivityManagerNative; has 179 unimplemented (abstract) methods
E/memtrack(   52): Couldn't load memtrack module (No such file or directory)
E/android.os.Debug(   52): failed to load memtrack module: -2
E/memtrack(   76): Couldn't load memtrack module (No such file or directory)
E/android.os.Debug(   76): failed to load memtrack module: -2
I/SamplingProfilerIntegration(   52): Profiling disabled.
I/Zygote  (   52): Preloading classes...
D/dalvikvm(   52): GC_EXPLICIT freed 40K, 8% free 520K/564K, paused 2ms+2ms, total 45ms
D/dalvikvm(   52): GC_EXPLICIT freed 2K, 4% free 594K/616K, paused 0ms+1ms, total 8ms
D/AndroidRuntime(   76): Calling main entry com.android.commands.pm.Pm
D/AndroidRuntime(   76): Shutting down VM
D/dalvikvm(   76): GC_CONCURRENT freed 93K, 15% free 555K/652K, paused 2ms+1ms, total 7ms
D/dalvikvm(   52): GC_EXPLICIT freed 16K, 3% free 637K/656K, paused 1ms+1ms, total 5ms
D/dalvikvm(   52): GC_EXPLICIT freed 20K, 4% free 670K/696K, paused 0ms+0ms, total 4ms
D/dalvikvm(   52): GC_EXPLICIT freed 10K, 2% free 715K/728K, paused 1ms+1ms, total 16ms
D/dalvikvm(   52): GC_EXPLICIT freed 27K, 4% free 743K/772K, paused 1ms+1ms, total 5ms
D/dalvikvm(   52): GC_EXPLICIT freed 35K, 5% free 812K/852K, paused 3ms+2ms, total 35ms
D/dalvikvm(   52): GC_EXPLICIT freed 29K, 4% free 839K/872K, paused 1ms+0ms, total 6ms
D/TextLayoutCache(   52): Using debug level = 0 - Debug Enabled = 0
D/dalvikvm(   52): GC_EXPLICIT freed 19K, 3% free 880K/904K, paused 24ms+3ms, total 59ms
I/dalvikvm(   52): threadid=1: recursive native library load attempt (/system/lib/libmedia_jni.so)
D/MtpDeviceJNI(   52): register_android_mtp_MtpDevice
I/dalvikvm(   52): threadid=1: recursive native library load attempt (/system/lib/libmedia_jni.so)
I/dalvikvm(   52): threadid=1: recursive native library load attempt (/system/lib/libmedia_jni.so)
I/dalvikvm(   52): threadid=1: recursive native library load attempt (/system/lib/libmedia_jni.so)
D/dalvikvm(   52): GC_EXPLICIT freed 19K, 3% free 916K/936K, paused 1ms+1ms, total 22ms
D/dalvikvm(   52): GC_EXPLICIT freed 21K, 3% free 951K/976K, paused 0ms+1ms, total 18ms
D/dalvikvm(   52): GC_EXPLICIT freed 14K, 2% free 990K/1008K, paused 11ms+1ms, total 18ms
D/dalvikvm(   52): GC_EXPLICIT freed 28K, 4% free 1016K/1048K, paused 12ms+1ms, total 18ms
D/dalvikvm(   52): GC_EXPLICIT freed 15K, 2% free 1070K/1088K, paused 1ms+1ms, total 18ms
E/EmojiFactory_jni(   52): Failed to load libemoji.so: dlopen failed: library "libemoji.so" not found
D/dalvikvm(   52): GC_EXPLICIT freed 30K, 3% free 1385K/1420K, paused 2ms+1ms, total 49ms
D/dalvikvm(   52): GC_EXPLICIT freed 35K, 3% free 1409K/1448K, paused 1ms+1ms, total 40ms
D/dalvikvm(   52): GC_EXPLICIT freed 30K, 3% free 1434K/1468K, paused 7ms+1ms, total 37ms
D/dalvikvm(   52): GC_EXPLICIT freed 38K, 3% free 1451K/1492K, paused 2ms+32ms, total 115ms
D/AndroidRuntime(  210): 
D/AndroidRuntime(  210): >>>>>> AndroidRuntime START com.android.internal.os.RuntimeInit <<<<<<
D/AndroidRuntime(  210): CheckJNI is ON
I/LibraryLoader(   52): loading: webviewchromium
D/dalvikvm(  210): Trying to load lib libjavacore.so 0x0
D/dalvikvm(  210): Added shared lib libjavacore.so 0x0
D/dalvikvm(  210): Trying to load lib libnativehelper.so 0x0
D/dalvikvm(  210): Added shared lib libnativehelper.so 0x0
D/dalvikvm(  210): No JNI_OnLoad found in libnativehelper.so 0x0, skipping init
D/dalvikvm(  210): Note: class Landroid/app/ActivityManagerNative; has 179 unimplemented (abstract) methods
I/LibraryLoader(   52): loaded: webviewchromium
D/dalvikvm(   52): GC_EXPLICIT freed 15K, 2% free 1494K/1512K, paused 1ms+2ms, total 44ms
D/dalvikvm(   52): WAIT_FOR_CONCURRENT_GC blocked 1ms
D/dalvikvm(   52): GC_EXPLICIT freed 25K, 2% free 1522K/1552K, paused 1ms+1ms, total 62ms
E/memtrack(  210): Couldn't load memtrack module (No such file or directory)
E/android.os.Debug(  210): failed to load memtrack module: -2
D/dalvikvm(   52): GC_EXPLICIT freed 81K, 6% free 1570K/1656K, paused 2ms+2ms, total 53ms
D/AndroidRuntime(  210): Calling main entry com.android.commands.pm.Pm
D/dalvikvm(   52): GC_EXPLICIT freed 36K, 5% free 1589K/1656K, paused 4ms+1ms, total 87ms
D/AndroidRuntime(  210): Shutting down VM
D/dalvikvm(  210): GC_CONCURRENT freed 93K, 15% free 555K/652K, paused 22ms+2ms, total 32ms
D/dalvikvm(   52): GC_EXPLICIT freed 31K, 3% free 1614K/1656K, paused 7ms+2ms, total 63ms
D/dalvikvm(   52): GC_EXPLICIT freed 19K, 2% free 1677K/1700K, paused 3ms+2ms, total 66ms
D/dalvikvm(   52): GC_EXPLICIT freed 23K, 2% free 1708K/1736K, paused 2ms+2ms, total 40ms
D/dalvikvm(   52): GC_EXPLICIT freed 29K, 2% free 1734K/1768K, paused 13ms+12ms, total 88ms
D/dalvikvm(   52): GC_FOR_ALLOC freed 250K, 12% free 1995K/2248K, paused 67ms, total 67ms
D/dalvikvm(   52): GC_EXPLICIT freed 209K, 10% free 2115K/2332K, paused 3ms+13ms, total 86ms
D/dalvikvm(   52): GC_EXPLICIT freed 35K, 9% free 2134K/2332K, paused 2ms+3ms, total 92ms
D/dalvikvm(   52): GC_EXPLICIT freed 25K, 8% free 2167K/2340K, paused 25ms+2ms, total 78ms
D/dalvikvm(   52): GC_EXPLICIT freed 36K, 7% free 2188K/2340K, paused 2ms+1ms, total 49ms
D/dalvikvm(   52): GC_EXPLICIT freed 39K, 6% free 2204K/2340K, paused 2ms+2ms, total 53ms
D/dalvikvm(   52): GC_EXPLICIT freed 42K, 6% free 2217K/2340K, paused 2ms+2ms, total 30ms
I/System  (   52): Loaded time zone names for "" in 508ms (498ms in ICU)
I/System  (   52): Loaded time zone names for "en_US" in 312ms (289ms in ICU)
D/dalvikvm(   52): GC_EXPLICIT freed 202K, 9% free 2384K/2604K, paused 2ms+2ms, total 67ms
D/dalvikvm(   52): GC_EXPLICIT freed 14K, 7% free 2447K/2604K, paused 2ms+1ms, total 33ms
D/dalvikvm(   52): GC_EXPLICIT freed 30K, 6% free 2473K/2604K, paused 2ms+2ms, total 42ms
D/dalvikvm(   52): GC_EXPLICIT freed 34K, 5% free 2493K/2604K, paused 2ms+2ms, total 42ms
D/dalvikvm(   52): GC_EXPLICIT freed 32K, 4% free 2515K/2604K, paused 3ms+2ms, total 45ms
D/dalvikvm(   52): GC_EXPLICIT freed 29K, 3% free 2540K/2604K, paused 2ms+2ms, total 42ms
I/Zygote  (   52): ...preloaded 2778 classes in 15533ms.
D/dalvikvm(   52): GC_EXPLICIT freed 17K, 3% free 2543K/2604K, paused 33ms+1ms, total 94ms
I/Zygote  (   52): Preloading resources...
W/Resources(   52): Preloaded drawable resource #0x108066a (android:drawable/toast_frame_holo) that varies with configuration!!
W/Resources(   52): Preloaded drawable resource #0x1080105 (android:drawable/btn_check_on_pressed_holo_light) that varies with configuration!!
W/Resources(   52): Preloaded drawable resource #0x1080104 (android:drawable/btn_check_on_pressed_holo_dark) that varies with configuration!!
W/Resources(   52): Preloaded drawable resource #0x1080102 (android:drawable/btn_check_on_holo_light) that varies with configuration!!
W/Resources(   52): Preloaded drawable resource #0x1080101 (android:drawable/btn_check_on_holo_dark) that varies with configuration!!
W/Resources(   52): Preloaded drawable resource #0x10800ff (android:drawable/btn_check_on_focused_holo_light) that varies with configuration!!
W/Resources(   52): Preloaded drawable resource #0x10800fe (android:drawable/btn_check_on_focused_holo_dark) that varies with configuration!!
D/dalvikvm(   52): GC_EXPLICIT freed 34K, 3% free 2563K/2640K, paused 2ms+2ms, total 65ms
W/Resources(   52): Preloaded drawable resource #0x10800fd (android:drawable/btn_check_on_disabled_holo_light) that varies with configuration!!
W/Resources(   52): Preloaded drawable resource #0x10800fc (android:drawable/btn_check_on_disabled_holo_dark) that varies with configuration!!
W/Resources(   52): Preloaded drawable resource #0x10800fb (android:drawable/btn_check_on_disabled_focused_holo_light) that varies with configuration!!
W/Resources(   52): Preloaded drawable resource #0x10800fa (android:drawable/btn_check_on_disabled_focused_holo_dark) that varies with configuration!!
W/Resources(   52): Preloaded drawable resource #0x10800f2 (android:drawable/btn_check_off_pressed_holo_light) that varies with configuration!!
W/Resources(   52): Preloaded drawable resource #0x10800f1 (android:drawable/btn_check_off_pressed_holo_dark) that varies with configuration!!
W/Resources(   52): Preloaded drawable resource #0x10800ed (android:drawable/btn_check_off_holo_light) that varies with configuration!!
W/Resources(   52): Preloaded drawable resource #0x10800ec (android:drawable/btn_check_off_holo_dark) that varies with configuration!!
W/Resources(   52): Preloaded drawable resource #0x10800ea (android:drawable/btn_check_off_focused_holo_light) that varies with configuration!!
D/dalvikvm(   52): GC_EXPLICIT freed 59K, 4% free 2556K/2648K, paused 2ms+2ms, total 57ms
W/Resources(   52): Preloaded drawable resource #0x10800e9 (android:drawable/btn_check_off_focused_holo_dark) that varies with configuration!!
W/Resources(   52): Preloaded drawable resource #0x10800e8 (android:drawable/btn_check_off_disabled_holo_light) that varies with configuration!!
W/Resources(   52): Preloaded drawable resource #0x10800e7 (android:drawable/btn_check_off_disabled_holo_dark) that varies with configuration!!
W/Resources(   52): Preloaded drawable resource #0x10800e6 (android:drawable/btn_check_off_disabled_focused_holo_light) that varies with configuration!!
W/Resources(   52): Preloaded drawable resource #0x10800e5 (android:drawable/btn_check_off_disabled_focused_holo_dark) that varies with configuration!!
W/Resources(   52): Preloaded drawable resource #0x1080102 (android:drawable/btn_check_on_holo_light) that varies with configuration!!
W/Resources(   52): Preloaded drawable resource #0x10800ed (android:drawable/btn_check_off_holo_light) that varies with configuration!!
W/Resources(   52): Preloaded drawable resource #0x1080105 (android:drawable/btn_check_on_pressed_holo_light) that varies with configuration!!
W/Resources(   52): Preloaded drawable resource #0x10800f2 (android:drawable/btn_check_off_pressed_holo_light) that varies with configuration!!
W/Resources(   52): Preloaded drawable resource #0x10800ff (android:drawable/btn_check_on_focused_holo_light) that varies with configuration!!
W/Resources(   52): Preloaded drawable resource #0x10800ea (android:drawable/btn_check_off_focused_holo_light) that varies with configuration!!
W/Resources(   52): Preloaded drawable resource #0x10800ed (android:drawable/btn_check_off_holo_light) that varies with configuration!!
W/Resources(   52): Preloaded drawable resource #0x1080102 (android:drawable/btn_check_on_holo_light) that varies with configuration!!
W/Resources(   52): Preloaded drawable resource #0x10800fd (android:drawable/btn_check_on_disabled_holo_light) that varies with configuration!!
W/Resources(   52): Preloaded drawable resource #0x10800e8 (android:drawable/btn_check_off_disabled_holo_light) that varies with configuration!!
W/Resources(   52): Preloaded drawable resource #0x10800fb (android:drawable/btn_check_on_disabled_focused_holo_light) that varies with configuration!!
W/Resources(   52): Preloaded drawable resource #0x10800e6 (android:drawable/btn_check_off_disabled_focused_holo_light) that varies with configuration!!
W/Resources(   52): Preloaded drawable resource #0x10800e8 (android:drawable/btn_check_off_disabled_holo_light) that varies with configuration!!
W/Resources(   52): Preloaded drawable resource #0x10800fd (android:drawable/btn_check_on_disabled_holo_light) that varies with configuration!!
W/Resources(   52): Preloaded drawable resource #0x10800dc (android:drawable/btn_check_holo_light) that varies with configuration!!
D/dalvikvm(   52): GC_EXPLICIT freed 108K, 5% free 2560K/2688K, paused 2ms+2ms, total 64ms
W/Resources(   52): Preloaded drawable resource #0x1080101 (android:drawable/btn_check_on_holo_dark) that varies with configuration!!
W/Resources(   52): Preloaded drawable resource #0x10800ec (android:drawable/btn_check_off_holo_dark) that varies with configuration!!
W/Resources(   52): Preloaded drawable resource #0x1080104 (android:drawable/btn_check_on_pressed_holo_dark) that varies with configuration!!
W/Resources(   52): Preloaded drawable resource #0x10800f1 (android:drawable/btn_check_off_pressed_holo_dark) that varies with configuration!!
W/Resources(   52): Preloaded drawable resource #0x10800fe (android:drawable/btn_check_on_focused_holo_dark) that varies with configuration!!
W/Resources(   52): Preloaded drawable resource #0x10800e9 (android:drawable/btn_check_off_focused_holo_dark) that varies with configuration!!
W/Resources(   52): Preloaded drawable resource #0x10800ec (android:drawable/btn_check_off_holo_dark) that varies with configuration!!
W/Resources(   52): Preloaded drawable resource #0x1080101 (android:drawable/btn_check_on_holo_dark) that varies with configuration!!
W/Resources(   52): Preloaded drawable resource #0x10800fc (android:drawable/btn_check_on_disabled_holo_dark) that varies with configuration!!
W/Resources(   52): Preloaded drawable resource #0x10800e7 (android:drawable/btn_check_off_disabled_holo_dark) that varies with configuration!!
W/Resources(   52): Preloaded drawable resource #0x10800fa (android:drawable/btn_check_on_disabled_focused_holo_dark) that varies with configuration!!
W/Resources(   52): Preloaded drawable resource #0x10800e5 (android:drawable/btn_check_off_disabled_focused_holo_dark) that varies with configuration!!
W/Resources(   52): Preloaded drawable resource #0x10800e7 (android:drawable/btn_check_off_disabled_holo_dark) that varies with configuration!!
W/Resources(   52): Preloaded drawable resource #0x10800fc (android:drawable/btn_check_on_disabled_holo_dark) that varies with configuration!!
W/Resources(   52): Preloaded drawable resource #0x10800db (android:drawable/btn_check_holo_dark) that varies with configuration!!
D/dalvikvm(   52): GC_EXPLICIT freed 83K, 5% free 2560K/2688K, paused 1ms+2ms, total 73ms
V/NatController(   48): runCmd(/system/bin/iptables -F natctrl_FORWARD) res=0
W/Resources(   52): Preloaded drawable resource #0x1080195 (android:drawable/btn_radio_on_pressed_holo_light) that varies with configuration!!
W/Resources(   52): Preloaded drawable resource #0x1080194 (android:drawable/btn_radio_on_pressed_holo_dark) that varies with configuration!!
W/Resources(   52): Preloaded drawable resource #0x1080192 (android:drawable/btn_radio_on_holo_light) that varies with configuration!!
W/Resources(   52): Preloaded drawable resource #0x1080191 (android:drawable/btn_radio_on_holo_dark) that varies with configuration!!
W/Resources(   52): Preloaded drawable resource #0x108018f (android:drawable/btn_radio_on_focused_holo_light) that varies with configuration!!
W/Resources(   52): Preloaded drawable resource #0x108018e (android:drawable/btn_radio_on_focused_holo_dark) that varies with configuration!!
W/Resources(   52): Preloaded drawable resource #0x108018d (android:drawable/btn_radio_on_disabled_holo_light) that varies with configuration!!
W/Resources(   52): Preloaded drawable resource #0x108018c (android:drawable/btn_radio_on_disabled_holo_dark) that varies with configuration!!
D/AndroidRuntime(  298): 
D/AndroidRuntime(  298): >>>>>> AndroidRuntime START com.android.internal.os.RuntimeInit <<<<<<
W/Resources(   52): Preloaded drawable resource #0x108018b (android:drawable/btn_radio_on_disabled_focused_holo_light) that varies with configuration!!
D/AndroidRuntime(  298): CheckJNI is ON
V/NatController(   48): runCmd(/system/bin/iptables -A natctrl_FORWARD -j DROP) res=0
D/dalvikvm(   52): GC_EXPLICIT freed 53K, 5% free 2560K/2688K, paused 2ms+25ms, total 107ms
W/Resources(   52): Preloaded drawable resource #0x108018a (android:drawable/btn_radio_on_disabled_focused_holo_dark) that varies with configuration!!
W/Resources(   52): Preloaded drawable resource #0x1080187 (android:drawable/btn_radio_off_pressed_holo_light) that varies with configuration!!
W/Resources(   52): Preloaded drawable resource #0x1080186 (android:drawable/btn_radio_off_pressed_holo_dark) that varies with configuration!!
W/Resources(   52): Preloaded drawable resource #0x1080184 (android:drawable/btn_radio_off_holo_light) that varies with configuration!!
W/Resources(   52): Preloaded drawable resource #0x1080183 (android:drawable/btn_radio_off_holo_dark) that varies with configuration!!
W/Resources(   52): Preloaded drawable resource #0x1080181 (android:drawable/btn_radio_off_focused_holo_light) that varies with configuration!!
W/Resources(   52): Preloaded drawable resource #0x1080180 (android:drawable/btn_radio_off_focused_holo_dark) that varies with configuration!!
V/NatController(   48): runCmd(/system/bin/iptables -t nat -F natctrl_nat_POSTROUTING) res=0
W/Resources(   52): Preloaded drawable resource #0x108017f (android:drawable/btn_radio_off_disabled_holo_light) that varies with configuration!!
W/Resources(   52): Preloaded drawable resource #0x108017e (android:drawable/btn_radio_off_disabled_holo_dark) that varies with configuration!!
D/dalvikvm(  298): Trying to load lib libjavacore.so 0x0
D/dalvikvm(   52): GC_EXPLICIT freed 51K, 5% free 2561K/2688K, paused 22ms+32ms, total 74ms
W/Resources(   52): Preloaded drawable resource #0x108017d (android:drawable/btn_radio_off_disabled_focused_holo_light) that varies with configuration!!
D/dalvikvm(  298): Added shared lib libjavacore.so 0x0
W/Resources(   52): Preloaded drawable resource #0x108017c (android:drawable/btn_radio_off_disabled_focused_holo_dark) that varies with configuration!!
W/Resources(   52): Preloaded drawable resource #0x1080128 (android:drawable/btn_default_pressed_holo_light) that varies with configuration!!
W/Resources(   52): Preloaded drawable resource #0x1080127 (android:drawable/btn_default_pressed_holo_dark) that varies with configuration!!
W/Resources(   52): Preloaded drawable resource #0x1080124 (android:drawable/btn_default_normal_holo_light) that varies with configuration!!
W/Resources(   52): Preloaded drawable resource #0x1080123 (android:drawable/btn_default_normal_holo_dark) that varies with configuration!!
V/NatController(   48): runCmd(/system/bin/ip rule flush) res=0
W/Resources(   52): Preloaded drawable resource #0x108011c (android:drawable/btn_default_focused_holo_light) that varies with configuration!!
W/Resources(   52): Preloaded drawable resource #0x108011b (android:drawable/btn_default_focused_holo_dark) that varies with configuration!!
W/Resources(   52): Preloaded drawable resource #0x1080119 (android:drawable/btn_default_disabled_holo_light) that varies with configuration!!
D/dalvikvm(  298): Trying to load lib libnativehelper.so 0x0
D/dalvikvm(  298): Added shared lib libnativehelper.so 0x0
D/dalvikvm(  298): No JNI_OnLoad found in libnativehelper.so 0x0, skipping init
W/Resources(   52): Preloaded drawable resource #0x1080118 (android:drawable/btn_default_disabled_holo_dark) that varies with configuration!!
V/NatController(   48): runCmd(/system/bin/ip -6 rule flush) res=0
D/dalvikvm(   52): GC_EXPLICIT freed 24K, 4% free 2590K/2688K, paused 2ms+2ms, total 64ms
W/Resources(   52): Preloaded drawable resource #0x1080116 (android:drawable/btn_default_disabled_focused_holo_light) that varies with configuration!!
W/Resources(   52): Preloaded drawable resource #0x1080115 (android:drawable/btn_default_disabled_focused_holo_dark) that varies with configuration!!
W/Resources(   52): Preloaded drawable resource #0x1080123 (android:drawable/btn_default_normal_holo_dark) that varies with configuration!!
W/Resources(   52): Preloaded drawable resource #0x1080118 (android:drawable/btn_default_disabled_holo_dark) that varies with configuration!!
W/Resources(   52): Preloaded drawable resource #0x1080127 (android:drawable/btn_default_pressed_holo_dark) that varies with configuration!!
W/Resources(   52): Preloaded drawable resource #0x108011b (android:drawable/btn_default_focused_holo_dark) that varies with configuration!!
W/Resources(   52): Preloaded drawable resource #0x1080123 (android:drawable/btn_default_normal_holo_dark) that varies with configuration!!
W/Resources(   52): Preloaded drawable resource #0x1080115 (android:drawable/btn_default_disabled_focused_holo_dark) that varies with configuration!!
W/Resources(   52): Preloaded drawable resource #0x1080118 (android:drawable/btn_default_disabled_holo_dark) that varies with configuration!!
W/Resources(   52): Preloaded drawable resource #0x108011d (android:drawable/btn_default_holo_dark) that varies with configuration!!
W/Resources(   52): Preloaded drawable resource #0x1080124 (android:drawable/btn_default_normal_holo_light) that varies with configuration!!
V/NatController(   48): runCmd(/system/bin/ip rule add from all lookup default prio 32767) res=0
W/Resources(   52): Preloaded drawable resource #0x1080119 (android:drawable/btn_default_disabled_holo_light) that varies with configuration!!
W/Resources(   52): Preloaded drawable resource #0x1080128 (android:drawable/btn_default_pressed_holo_light) that varies with configuration!!
W/Resources(   52): Preloaded drawable resource #0x108011c (android:drawable/btn_default_focused_holo_light) that varies with configuration!!
W/Resources(   52): Preloaded drawable resource #0x1080124 (android:drawable/btn_default_normal_holo_light) that varies with configuration!!
W/Resources(   52): Preloaded drawable resource #0x1080116 (android:drawable/btn_default_disabled_focused_holo_light) that varies with configuration!!
W/Resources(   52): Preloaded drawable resource #0x1080119 (android:drawable/btn_default_disabled_holo_light) that varies with configuration!!
W/Resources(   52): Preloaded drawable resource #0x108011e (android:drawable/btn_default_holo_light) that varies with configuration!!
V/NatController(   48): runCmd(/system/bin/ip rule add from all lookup main prio 32766) res=0
D/dalvikvm(   52): GC_EXPLICIT freed 55K, 3% free 2621K/2692K, paused 2ms+2ms, total 119ms
W/Resources(   52): Preloaded drawable resource #0x10801d1 (android:drawable/btn_star_off_normal_holo_light) that varies with configuration!!
D/dalvikvm(  298): Note: class Landroid/app/ActivityManagerNative; has 179 unimplemented (abstract) methods
W/Resources(   52): Preloaded drawable resource #0x10801db (android:drawable/btn_star_on_normal_holo_light) that varies with configuration!!
V/NatController(   48): runCmd(/system/bin/ip -6 rule add from all lookup default prio 32767) res=0
W/Resources(   52): Preloaded drawable resource #0x10801d7 (android:drawable/btn_star_on_disabled_holo_light) that varies with configuration!!
W/Resources(   52): Preloaded drawable resource #0x10801cd (android:drawable/btn_star_off_disabled_holo_light) that varies with configuration!!
W/Resources(   52): Preloaded drawable resource #0x10801dd (android:drawable/btn_star_on_pressed_holo_light) that varies with configuration!!
W/Resources(   52): Preloaded drawable resource #0x10801d3 (android:drawable/btn_star_off_pressed_holo_light) that varies with configuration!!
V/NatController(   48): runCmd(/system/bin/ip -6 rule add from all lookup main prio 32766) res=0
W/Resources(   52): Preloaded drawable resource #0x10801d9 (android:drawable/btn_star_on_focused_holo_light) that varies with configuration!!
W/Resources(   52): Preloaded drawable resource #0x10801cf (android:drawable/btn_star_off_focused_holo_light) that varies with configuration!!
V/NatController(   48): runCmd(/system/bin/ip route flush cache) res=0
W/Resources(   52): Preloaded drawable resource #0x10801d5 (android:drawable/btn_star_on_disabled_focused_holo_light) that varies with configuration!!
V/NatController(   48): runCmd(/system/bin/iptables -F natctrl_tether_counters) res=1
D/dalvikvm(   52): GC_EXPLICIT freed 108K, 6% free 2566K/2708K, paused 2ms+2ms, total 77ms
W/Resources(   52): Preloaded drawable resource #0x10801cb (android:drawable/btn_star_off_disabled_focused_holo_light) that varies with configuration!!
W/Resources(   52): Preloaded drawable resource #0x10801d1 (android:drawable/btn_star_off_normal_holo_light) that varies with configuration!!
W/Resources(   52): Preloaded drawable resource #0x10801db (android:drawable/btn_star_on_normal_holo_light) that varies with configuration!!
W/Resources(   52): Preloaded drawable resource #0x10801d7 (android:drawable/btn_star_on_disabled_holo_light) that varies with configuration!!
W/Resources(   52): Preloaded drawable resource #0x10801cd (android:drawable/btn_star_off_disabled_holo_light) that varies with configuration!!
W/Resources(   52): Preloaded drawable resource #0x10801dd (android:drawable/btn_star_on_pressed_holo_light) that varies with configuration!!
W/Resources(   52): Preloaded drawable resource #0x10801d3 (android:drawable/btn_star_off_pressed_holo_light) that varies with configuration!!
W/Resources(   52): Preloaded drawable resource #0x10801d9 (android:drawable/btn_star_on_focused_holo_light) that varies with configuration!!
W/Resources(   52): Preloaded drawable resource #0x10801cf (android:drawable/btn_star_off_focused_holo_light) that varies with configuration!!
V/NatController(   48): runCmd(/system/bin/iptables -X natctrl_tether_counters) res=1
W/Resources(   52): Preloaded drawable resource #0x10801d5 (android:drawable/btn_star_on_disabled_focused_holo_light) that varies with configuration!!
W/Resources(   52): Preloaded drawable resource #0x10801d7 (android:drawable/btn_star_on_disabled_holo_light) that varies with configuration!!
W/Resources(   52): Preloaded drawable resource #0x10801cb (android:drawable/btn_star_off_disabled_focused_holo_light) that varies with configuration!!
W/Resources(   52): Preloaded drawable resource #0x10801cd (android:drawable/btn_star_off_disabled_holo_light) that varies with configuration!!
W/Resources(   52): Preloaded drawable resource #0x10801d1 (android:drawable/btn_star_off_normal_holo_light) that varies with configuration!!
W/Resources(   52): Preloaded drawable resource #0x10801db (android:drawable/btn_star_on_normal_holo_light) that varies with configuration!!
W/Resources(   52): Preloaded drawable resource #0x10801c8 (android:drawable/btn_star_holo_light) that varies with configuration!!
D/dalvikvm(   52): GC_EXPLICIT freed 86K, 6% free 2569K/2708K, paused 3ms+2ms, total 70ms
W/Resources(   52): Preloaded drawable resource #0x10801d0 (android:drawable/btn_star_off_normal_holo_dark) that varies with configuration!!
W/Resources(   52): Preloaded drawable resource #0x10801da (android:drawable/btn_star_on_normal_holo_dark) that varies with configuration!!
W/Resources(   52): Preloaded drawable resource #0x10801d6 (android:drawable/btn_star_on_disabled_holo_dark) that varies with configuration!!
W/Resources(   52): Preloaded drawable resource #0x10801cc (android:drawable/btn_star_off_disabled_holo_dark) that varies with configuration!!
W/Resources(   52): Preloaded drawable resource #0x10801dc (android:drawable/btn_star_on_pressed_holo_dark) that varies with configuration!!
W/Resources(   52): Preloaded drawable resource #0x10801d2 (android:drawable/btn_star_off_pressed_holo_dark) that varies with configuration!!
V/NatController(   48): runCmd(/system/bin/iptables -N natctrl_tether_counters) res=0
W/Resources(   52): Preloaded drawable resource #0x10801d8 (android:drawable/btn_star_on_focused_holo_dark) that varies with configuration!!
W/Resources(   52): Preloaded drawable resource #0x10801ce (android:drawable/btn_star_off_focused_holo_dark) that varies with configuration!!
W/Resources(   52): Preloaded drawable resource #0x10801d4 (android:drawable/btn_star_on_disabled_focused_holo_dark) that varies with configuration!!
D/dalvikvm(   52): GC_EXPLICIT freed 53K, 6% free 2568K/2708K, paused 2ms+2ms, total 75ms
W/Resources(   52): Preloaded drawable resource #0x10801ca (android:drawable/btn_star_off_disabled_focused_holo_dark) that varies with configuration!!
W/Resources(   52): Preloaded drawable resource #0x10801d0 (android:drawable/btn_star_off_normal_holo_dark) that varies with configuration!!
W/Resources(   52): Preloaded drawable resource #0x10801da (android:drawable/btn_star_on_normal_holo_dark) that varies with configuration!!
W/Resources(   52): Preloaded drawable resource #0x10801d6 (android:drawable/btn_star_on_disabled_holo_dark) that varies with configuration!!
W/Resources(   52): Preloaded drawable resource #0x10801cc (android:drawable/btn_star_off_disabled_holo_dark) that varies with configuration!!
W/Resources(   52): Preloaded drawable resource #0x10801dc (android:drawable/btn_star_on_pressed_holo_dark) that varies with configuration!!
W/Resources(   52): Preloaded drawable resource #0x10801d2 (android:drawable/btn_star_off_pressed_holo_dark) that varies with configuration!!
W/Resources(   52): Preloaded drawable resource #0x10801d8 (android:drawable/btn_star_on_focused_holo_dark) that varies with configuration!!
W/Resources(   52): Preloaded drawable resource #0x10801ce (android:drawable/btn_star_off_focused_holo_dark) that varies with configuration!!
W/Resources(   52): Preloaded drawable resource #0x10801d4 (android:drawable/btn_star_on_disabled_focused_holo_dark) that varies with configuration!!
W/Resources(   52): Preloaded drawable resource #0x10801d6 (android:drawable/btn_star_on_disabled_holo_dark) that varies with configuration!!
W/Resources(   52): Preloaded drawable resource #0x10801ca (android:drawable/btn_star_off_disabled_focused_holo_dark) that varies with configuration!!
W/Resources(   52): Preloaded drawable resource #0x10801cc (android:drawable/btn_star_off_disabled_holo_dark) that varies with configuration!!
W/Resources(   52): Preloaded drawable resource #0x10801d0 (android:drawable/btn_star_off_normal_holo_dark) that varies with configuration!!
W/Resources(   52): Preloaded drawable resource #0x10801da (android:drawable/btn_star_on_normal_holo_dark) that varies with configuration!!
W/Resources(   52): Preloaded drawable resource #0x10801c7 (android:drawable/btn_star_holo_dark) that varies with configuration!!
D/dalvikvm(   52): GC_EXPLICIT freed 86K, 6% free 2570K/2708K, paused 4ms+56ms, total 267ms
W/Resources(   52): Preloaded drawable resource #0x10801f7 (android:drawable/btn_toggle_on_pressed_holo_light) that varies with configuration!!
W/Resources(   52): Preloaded drawable resource #0x10801f6 (android:drawable/btn_toggle_on_pressed_holo_dark) that varies with configuration!!
W/Resources(   52): Preloaded drawable resource #0x10801f5 (android:drawable/btn_toggle_on_normal_holo_light) that varies with configuration!!
W/Resources(   52): Preloaded drawable resource #0x10801f4 (android:drawable/btn_toggle_on_normal_holo_dark) that varies with configuration!!
W/Resources(   52): Preloaded drawable resource #0x10801f3 (android:drawable/btn_toggle_on_focused_holo_light) that varies with configuration!!
W/Resources(   52): Preloaded drawable resource #0x10801f2 (android:drawable/btn_toggle_on_focused_holo_dark) that varies with configuration!!
W/Resources(   52): Preloaded drawable resource #0x10801f1 (android:drawable/btn_toggle_on_disabled_holo_light) that varies with configuration!!
W/Resources(   52): Preloaded drawable resource #0x10801f0 (android:drawable/btn_toggle_on_disabled_holo_dark) that varies with configuration!!
W/Resources(   52): Preloaded drawable resource #0x10801ef (android:drawable/btn_toggle_on_disabled_focused_holo_light) that varies with configuration!!
W/Resources(   52): Preloaded drawable resource #0x10801ee (android:drawable/btn_toggle_on_disabled_focused_holo_dark) that varies with configuration!!
D/dalvikvm(   52): GC_EXPLICIT freed 18K, 4% free 2605K/2708K, paused 2ms+2ms, total 84ms
W/Resources(   52): Preloaded drawable resource #0x10801ec (android:drawable/btn_toggle_off_pressed_holo_light) that varies with configuration!!
W/Resources(   52): Preloaded drawable resource #0x10801eb (android:drawable/btn_toggle_off_pressed_holo_dark) that varies with configuration!!
W/Resources(   52): Preloaded drawable resource #0x10801ea (android:drawable/btn_toggle_off_normal_holo_light) that varies with configuration!!
W/Resources(   52): Preloaded drawable resource #0x10801e9 (android:drawable/btn_toggle_off_normal_holo_dark) that varies with configuration!!
W/Resources(   52): Preloaded drawable resource #0x10801e8 (android:drawable/btn_toggle_off_focused_holo_light) that varies with configuration!!
W/Resources(   52): Preloaded drawable resource #0x10801e7 (android:drawable/btn_toggle_off_focused_holo_dark) that varies with configuration!!
W/Resources(   52): Preloaded drawable resource #0x10801e6 (android:drawable/btn_toggle_off_disabled_holo_light) that varies with configuration!!
W/Resources(   52): Preloaded drawable resource #0x10801e5 (android:drawable/btn_toggle_off_disabled_holo_dark) that varies with configuration!!
W/Resources(   52): Preloaded drawable resource #0x10801e4 (android:drawable/btn_toggle_off_disabled_focused_holo_light) that varies with configuration!!
W/Resources(   52): Preloaded drawable resource #0x10801e3 (android:drawable/btn_toggle_off_disabled_focused_holo_dark) that varies with configuration!!
D/dalvikvm(   52): GC_EXPLICIT freed 51K, 4% free 2606K/2708K, paused 2ms+2ms, total 86ms
W/Resources(   52): Preloaded drawable resource #0x10801f5 (android:drawable/btn_toggle_on_normal_holo_light) that varies with configuration!!
W/Resources(   52): Preloaded drawable resource #0x10801f1 (android:drawable/btn_toggle_on_disabled_holo_light) that varies with configuration!!
W/Resources(   52): Preloaded drawable resource #0x10801f7 (android:drawable/btn_toggle_on_pressed_holo_light) that varies with configuration!!
W/Resources(   52): Preloaded drawable resource #0x10801f3 (android:drawable/btn_toggle_on_focused_holo_light) that varies with configuration!!
W/Resources(   52): Preloaded drawable resource #0x10801f5 (android:drawable/btn_toggle_on_normal_holo_light) that varies with configuration!!
W/Resources(   52): Preloaded drawable resource #0x10801ef (android:drawable/btn_toggle_on_disabled_focused_holo_light) that varies with configuration!!
W/Resources(   52): Preloaded drawable resource #0x10801f1 (android:drawable/btn_toggle_on_disabled_holo_light) that varies with configuration!!
E/memtrack(  298): Couldn't load memtrack module (No such file or directory)
E/android.os.Debug(  298): failed to load memtrack module: -2
W/Resources(   52): Preloaded drawable resource #0x10801ea (android:drawable/btn_toggle_off_normal_holo_light) that varies with configuration!!
W/Resources(   52): Preloaded drawable resource #0x10801e6 (android:drawable/btn_toggle_off_disabled_holo_light) that varies with configuration!!
W/Resources(   52): Preloaded drawable resource #0x10801ec (android:drawable/btn_toggle_off_pressed_holo_light) that varies with configuration!!
W/Resources(   52): Preloaded drawable resource #0x10801e8 (android:drawable/btn_toggle_off_focused_holo_light) that varies with configuration!!
W/Resources(   52): Preloaded drawable resource #0x10801ea (android:drawable/btn_toggle_off_normal_holo_light) that varies with configuration!!
W/Resources(   52): Preloaded drawable resource #0x10801e4 (android:drawable/btn_toggle_off_disabled_focused_holo_light) that varies with configuration!!
W/Resources(   52): Preloaded drawable resource #0x10801e6 (android:drawable/btn_toggle_off_disabled_holo_light) that varies with configuration!!
W/Resources(   52): Preloaded drawable resource #0x10801e1 (android:drawable/btn_toggle_holo_light) that varies with configuration!!
D/dalvikvm(   52): GC_EXPLICIT freed 59K, 4% free 2622K/2708K, paused 2ms+2ms, total 87ms
W/Resources(   52): Preloaded drawable resource #0x10801f4 (android:drawable/btn_toggle_on_normal_holo_dark) that varies with configuration!!
W/Resources(   52): Preloaded drawable resource #0x10801f0 (android:drawable/btn_toggle_on_disabled_holo_dark) that varies with configuration!!
W/Resources(   52): Preloaded drawable resource #0x10801f6 (android:drawable/btn_toggle_on_pressed_holo_dark) that varies with configuration!!
W/Resources(   52): Preloaded drawable resource #0x10801f2 (android:drawable/btn_toggle_on_focused_holo_dark) that varies with configuration!!
W/Resources(   52): Preloaded drawable resource #0x10801f4 (android:drawable/btn_toggle_on_normal_holo_dark) that varies with configuration!!
W/Resources(   52): Preloaded drawable resource #0x10801ee (android:drawable/btn_toggle_on_disabled_focused_holo_dark) that varies with configuration!!
W/Resources(   52): Preloaded drawable resource #0x10801f0 (android:drawable/btn_toggle_on_disabled_holo_dark) that varies with configuration!!
W/Resources(   52): Preloaded drawable resource #0x10801e9 (android:drawable/btn_toggle_off_normal_holo_dark) that varies with configuration!!
W/Resources(   52): Preloaded drawable resource #0x10801e5 (android:drawable/btn_toggle_off_disabled_holo_dark) that varies with configuration!!
W/Resources(   52): Preloaded drawable resource #0x10801eb (android:drawable/btn_toggle_off_pressed_holo_dark) that varies with configuration!!
W/Resources(   52): Preloaded drawable resource #0x10801e7 (android:drawable/btn_toggle_off_focused_holo_dark) that varies with configuration!!
W/Resources(   52): Preloaded drawable resource #0x10801e9 (android:drawable/btn_toggle_off_normal_holo_dark) that varies with configuration!!
W/Resources(   52): Preloaded drawable resource #0x10801e3 (android:drawable/btn_toggle_off_disabled_focused_holo_dark) that varies with configuration!!
W/Resources(   52): Preloaded drawable resource #0x10801e5 (android:drawable/btn_toggle_off_disabled_holo_dark) that varies with configuration!!
W/Resources(   52): Preloaded drawable resource #0x10801e0 (android:drawable/btn_toggle_holo_dark) that varies with configuration!!
D/dalvikvm(   52): GC_EXPLICIT freed 75K, 4% free 2622K/2720K, paused 3ms+2ms, total 125ms
W/Resources(   52): Preloaded drawable resource #0x108064a (android:drawable/textfield_multiline_default_holo_light) that varies with configuration!!
W/Resources(   52): Preloaded drawable resource #0x108064e (android:drawable/textfield_multiline_disabled_holo_light) that varies with configuration!!
W/Resources(   52): Preloaded drawable resource #0x1080648 (android:drawable/textfield_multiline_activated_holo_light) that varies with configuration!!
W/Resources(   52): Preloaded drawable resource #0x1080650 (android:drawable/textfield_multiline_focused_holo_light) that varies with configuration!!
W/Resources(   52): Preloaded drawable resource #0x108064a (android:drawable/textfield_multiline_default_holo_light) that varies with configuration!!
W/Resources(   52): Preloaded drawable resource #0x108064c (android:drawable/textfield_multiline_disabled_focused_holo_light) that varies with configuration!!
W/Resources(   52): Preloaded drawable resource #0x108064e (android:drawable/textfield_multiline_disabled_holo_light) that varies with configuration!!
W/Resources(   52): Preloaded drawable resource #0x108063d (android:drawable/textfield_default_holo_light) that varies with configuration!!
W/Resources(   52): Preloaded drawable resource #0x1080642 (android:drawable/textfield_disabled_holo_light) that varies with configuration!!
W/Resources(   52): Preloaded drawable resource #0x1080635 (android:drawable/textfield_activated_holo_light) that varies with configuration!!
W/Resources(   52): Preloaded drawable resource #0x1080645 (android:drawable/textfield_focused_holo_light) that varies with configuration!!
D/AndroidRuntime(  298): Calling main entry com.android.commands.pm.Pm
W/Resources(   52): Preloaded drawable resource #0x108063d (android:drawable/textfield_default_holo_light) that varies with configuration!!
W/Resources(   52): Preloaded drawable resource #0x1080640 (android:drawable/textfield_disabled_focused_holo_light) that varies with configuration!!
W/Resources(   52): Preloaded drawable resource #0x1080642 (android:drawable/textfield_disabled_holo_light) that varies with configuration!!
W/Resources(   52): Preloaded drawable resource #0x1080258 (android:drawable/edit_text_holo_light) that varies with configuration!!
D/AndroidRuntime(  298): Shutting down VM
D/dalvikvm(  298): GC_CONCURRENT freed 93K, 15% free 555K/652K, paused 2ms+2ms, total 12ms
D/dalvikvm(   52): GC_EXPLICIT freed 75K, 4% free 2623K/2720K, paused 2ms+2ms, total 97ms
W/Resources(   52): Preloaded drawable resource #0x1080649 (android:drawable/textfield_multiline_default_holo_dark) that varies with configuration!!
W/Resources(   52): Preloaded drawable resource #0x108064d (android:drawable/textfield_multiline_disabled_holo_dark) that varies with configuration!!
W/Resources(   52): Preloaded drawable resource #0x1080647 (android:drawable/textfield_multiline_activated_holo_dark) that varies with configuration!!
W/Resources(   52): Preloaded drawable resource #0x108064f (android:drawable/textfield_multiline_focused_holo_dark) that varies with configuration!!
W/Resources(   52): Preloaded drawable resource #0x1080649 (android:drawable/textfield_multiline_default_holo_dark) that varies with configuration!!
W/Resources(   52): Preloaded drawable resource #0x108064b (android:drawable/textfield_multiline_disabled_focused_holo_dark) that varies with configuration!!
W/Resources(   52): Preloaded drawable resource #0x108064d (android:drawable/textfield_multiline_disabled_holo_dark) that varies with configuration!!
W/Resources(   52): Preloaded drawable resource #0x108063c (android:drawable/textfield_default_holo_dark) that varies with configuration!!
W/Resources(   52): Preloaded drawable resource #0x1080641 (android:drawable/textfield_disabled_holo_dark) that varies with configuration!!
W/Resources(   52): Preloaded drawable resource #0x1080634 (android:drawable/textfield_activated_holo_dark) that varies with configuration!!
W/Resources(   52): Preloaded drawable resource #0x1080644 (android:drawable/textfield_focused_holo_dark) that varies with configuration!!
W/Resources(   52): Preloaded drawable resource #0x108063c (android:drawable/textfield_default_holo_dark) that varies with configuration!!
W/Resources(   52): Preloaded drawable resource #0x108063f (android:drawable/textfield_disabled_focused_holo_dark) that varies with configuration!!
W/Resources(   52): Preloaded drawable resource #0x1080641 (android:drawable/textfield_disabled_holo_dark) that varies with configuration!!
W/Resources(   52): Preloaded drawable resource #0x1080257 (android:drawable/edit_text_holo_dark) that varies with configuration!!
D/dalvikvm(   52): GC_EXPLICIT freed 74K, 4% free 2625K/2720K, paused 2ms+2ms, total 54ms
W/Resources(   52): Preloaded drawable resource #0x1080631 (android:drawable/text_select_handle_left) that varies with configuration!!
W/Resources(   52): Preloaded drawable resource #0x1080633 (android:drawable/text_select_handle_right) that varies with configuration!!
