W/Resources(   52): Preloaded drawable resource #0x108062e (android:drawable/text_edit_paste_window) that varies with configuration!!
W/Resources(   52): Preloaded drawable resource #0x108026d (android:drawable/expander_close_holo_dark) that varies with configuration!!
W/Resources(   52): Preloaded drawable resource #0x108026e (android:drawable/expander_close_holo_light) that varies with configuration!!
W/Resources(   52): Preloaded drawable resource #0x108026d (android:drawable/expander_close_holo_dark) that varies with configuration!!
W/Resources(   52): Preloaded drawable resource #0x1080274 (android:drawable/expander_open_holo_dark) that varies with configuration!!
W/Resources(   52): Preloaded drawable resource #0x1080270 (android:drawable/expander_group_holo_dark) that varies with configuration!!
D/dalvikvm(   52): GC_EXPLICIT freed 85K, 6% free 2598K/2740K, paused 2ms+2ms, total 42ms
W/Resources(   52): Preloaded drawable resource #0x108026e (android:drawable/expander_close_holo_light) that varies with configuration!!
W/Resources(   52): Preloaded drawable resource #0x1080275 (android:drawable/expander_open_holo_light) that varies with configuration!!
W/Resources(   52): Preloaded drawable resource #0x1080271 (android:drawable/expander_group_holo_light) that varies with configuration!!
W/Resources(   52): Preloaded drawable resource #0x108041b (android:drawable/list_selector_disabled_holo_dark) that varies with configuration!!
W/Resources(   52): Preloaded drawable resource #0x108041b (android:drawable/list_selector_disabled_holo_dark) that varies with configuration!!
W/Resources(   52): Preloaded drawable resource #0x10803fc (android:drawable/list_pressed_holo_dark) that varies with configuration!!
W/Resources(   52): Preloaded drawable resource #0x10803fa (android:drawable/list_longpressed_holo_dark) that varies with configuration!!
W/Resources(   52): Preloaded drawable resource #0x1080418 (android:drawable/list_selector_background_transition_holo_dark) that varies with configuration!!
W/Resources(   52): Preloaded drawable resource #0x10803fc (android:drawable/list_pressed_holo_dark) that varies with configuration!!
W/Resources(   52): Preloaded drawable resource #0x10803fa (android:drawable/list_longpressed_holo_dark) that varies with configuration!!
W/Resources(   52): Preloaded drawable resource #0x1080418 (android:drawable/list_selector_background_transition_holo_dark) that varies with configuration!!
W/Resources(   52): Preloaded drawable resource #0x10803f5 (android:drawable/list_focused_holo) that varies with configuration!!
W/Resources(   52): Preloaded drawable resource #0x108041f (android:drawable/list_selector_holo_dark) that varies with configuration!!
W/Resources(   52): Preloaded drawable resource #0x108041c (android:drawable/list_selector_disabled_holo_light) that varies with configuration!!
W/Resources(   52): Preloaded drawable resource #0x108041c (android:drawable/list_selector_disabled_holo_light) that varies with configuration!!
W/Resources(   52): Preloaded drawable resource #0x10803fd (android:drawable/list_pressed_holo_light) that varies with configuration!!
W/Resources(   52): Preloaded drawable resource #0x10803fb (android:drawable/list_longpressed_holo_light) that varies with configuration!!
W/Resources(   52): Preloaded drawable resource #0x1080419 (android:drawable/list_selector_background_transition_holo_light) that varies with configuration!!
W/Resources(   52): Preloaded drawable resource #0x10803fd (android:drawable/list_pressed_holo_light) that varies with configuration!!
W/Resources(   52): Preloaded drawable resource #0x10803fb (android:drawable/list_longpressed_holo_light) that varies with configuration!!
W/Resources(   52): Preloaded drawable resource #0x1080419 (android:drawable/list_selector_background_transition_holo_light) that varies with configuration!!
W/Resources(   52): Preloaded drawable resource #0x10803f5 (android:drawable/list_focused_holo) that varies with configuration!!
W/Resources(   52): Preloaded drawable resource #0x1080420 (android:drawable/list_selector_holo_light) that varies with configuration!!
D/dalvikvm(   52): GC_EXPLICIT freed 54K, 5% free 2605K/2740K, paused 2ms+3ms, total 45ms
W/Resources(   52): Preloaded drawable resource #0x10803ff (android:drawable/list_section_divider_holo_light) that varies with configuration!!
W/Resources(   52): Preloaded drawable resource #0x10803fe (android:drawable/list_section_divider_holo_dark) that varies with configuration!!
W/Resources(   52): Preloaded drawable resource #0x1080430 (android:drawable/menu_hardkey_panel_holo_dark) that varies with configuration!!
W/Resources(   52): Preloaded drawable resource #0x1080431 (android:drawable/menu_hardkey_panel_holo_light) that varies with configuration!!
W/Resources(   52): Preloaded drawable resource #0x1080438 (android:drawable/menu_submenu_background) that varies with configuration!!
W/Resources(   52): Preloaded drawable resource #0x108042f (android:drawable/menu_dropdown_panel_holo_light) that varies with configuration!!
W/Resources(   52): Preloaded drawable resource #0x108042e (android:drawable/menu_dropdown_panel_holo_dark) that varies with configuration!!
D/dalvikvm(   52): GC_EXPLICIT freed 36K, 5% free 2621K/2740K, paused 2ms+2ms, total 51ms
W/Resources(   52): Preloaded drawable resource #0x1080435 (android:drawable/menu_popup_panel_holo_light) that varies with configuration!!
W/Resources(   52): Preloaded drawable resource #0x1080434 (android:drawable/menu_popup_panel_holo_dark) that varies with configuration!!
W/Resources(   52): Preloaded drawable resource #0x1080435 (android:drawable/menu_popup_panel_holo_light) that varies with configuration!!
W/Resources(   52): Preloaded drawable resource #0x108042f (android:drawable/menu_dropdown_panel_holo_light) that varies with configuration!!
W/Resources(   52): Preloaded drawable resource #0x1080433 (android:drawable/menu_panel_holo_light) that varies with configuration!!
W/Resources(   52): Preloaded drawable resource #0x1080434 (android:drawable/menu_popup_panel_holo_dark) that varies with configuration!!
W/Resources(   52): Preloaded drawable resource #0x108042e (android:drawable/menu_dropdown_panel_holo_dark) that varies with configuration!!
W/Resources(   52): Preloaded drawable resource #0x1080432 (android:drawable/menu_panel_holo_dark) that varies with configuration!!
D/dalvikvm(   52): GC_EXPLICIT freed 53K, 6% free 2632K/2776K, paused 3ms+2ms, total 45ms
W/Resources(   52): Preloaded drawable resource #0x108047a (android:drawable/overscroll_edge) that varies with configuration!!
W/Resources(   52): Preloaded drawable resource #0x108047b (android:drawable/overscroll_glow) that varies with configuration!!
D/dalvikvm(   52): GC_EXPLICIT freed 354K, 16% free 2581K/3052K, paused 13ms+4ms, total 50ms
W/Resources(   52): Preloaded drawable resource #0x1080543 (android:drawable/spinner_16_outer_holo) that varies with configuration!!
W/Resources(   52): Preloaded drawable resource #0x1080542 (android:drawable/spinner_16_inner_holo) that varies with configuration!!
W/Resources(   52): Preloaded drawable resource #0x1080547 (android:drawable/spinner_48_outer_holo) that varies with configuration!!
W/Resources(   52): Preloaded drawable resource #0x1080546 (android:drawable/spinner_48_inner_holo) that varies with configuration!!
W/Resources(   52): Preloaded drawable resource #0x1080549 (android:drawable/spinner_76_outer_holo) that varies with configuration!!
D/dalvikvm(   52): GC_EXPLICIT freed 49K, 16% free 2582K/3052K, paused 32ms+2ms, total 73ms
W/Resources(   52): Preloaded drawable resource #0x1080548 (android:drawable/spinner_76_inner_holo) that varies with configuration!!
W/Resources(   52): Preloaded drawable resource #0x10804c3 (android:drawable/progress_bg_holo_dark) that varies with configuration!!
W/Resources(   52): Preloaded drawable resource #0x10804c4 (android:drawable/progress_bg_holo_light) that varies with configuration!!
W/Resources(   52): Preloaded drawable resource #0x10804c3 (android:drawable/progress_bg_holo_dark) that varies with configuration!!
W/Resources(   52): Preloaded drawable resource #0x10804d0 (android:drawable/progress_secondary_holo_dark) that varies with configuration!!
W/Resources(   52): Preloaded drawable resource #0x10804ce (android:drawable/progress_primary_holo_dark) that varies with configuration!!
W/Resources(   52): Preloaded drawable resource #0x10804c5 (android:drawable/progress_horizontal_holo_dark) that varies with configuration!!
W/Resources(   52): Preloaded drawable resource #0x10804c4 (android:drawable/progress_bg_holo_light) that varies with configuration!!
W/Resources(   52): Preloaded drawable resource #0x10804d1 (android:drawable/progress_secondary_holo_light) that varies with configuration!!
W/Resources(   52): Preloaded drawable resource #0x10804cf (android:drawable/progress_primary_holo_light) that varies with configuration!!
W/Resources(   52): Preloaded drawable resource #0x10804c6 (android:drawable/progress_horizontal_holo_light) that varies with configuration!!
W/Resources(   52): Preloaded drawable resource #0x10804d9 (android:drawable/progressbar_indeterminate_holo1) that varies with configuration!!
W/Resources(   52): Preloaded drawable resource #0x10804da (android:drawable/progressbar_indeterminate_holo2) that varies with configuration!!
W/Resources(   52): Preloaded drawable resource #0x10804db (android:drawable/progressbar_indeterminate_holo3) that varies with configuration!!
W/Resources(   52): Preloaded drawable resource #0x10804dc (android:drawable/progressbar_indeterminate_holo4) that varies with configuration!!
W/Resources(   52): Preloaded drawable resource #0x10804dd (android:drawable/progressbar_indeterminate_holo5) that varies with configuration!!
W/Resources(   52): Preloaded drawable resource #0x10804de (android:drawable/progressbar_indeterminate_holo6) that varies with configuration!!
W/Resources(   52): Preloaded drawable resource #0x10804df (android:drawable/progressbar_indeterminate_holo7) that varies with configuration!!
W/Resources(   52): Preloaded drawable resource #0x10804e0 (android:drawable/progressbar_indeterminate_holo8) that varies with configuration!!
W/Resources(   52): Preloaded drawable resource #0x10804c7 (android:drawable/progress_indeterminate_horizontal_holo) that varies with configuration!!
D/dalvikvm(   52): GC_EXPLICIT freed 355K, 15% free 2596K/3052K, paused 2ms+5ms, total 47ms
W/Resources(   52): Preloaded drawable resource #0x1080549 (android:drawable/spinner_76_outer_holo) that varies with configuration!!
W/Resources(   52): Preloaded drawable resource #0x1080548 (android:drawable/spinner_76_inner_holo) that varies with configuration!!
W/Resources(   52): Preloaded drawable resource #0x10804c9 (android:drawable/progress_large_holo) that varies with configuration!!
D/dalvikvm(   52): GC_EXPLICIT freed 60K, 16% free 2586K/3052K, paused 2ms+2ms, total 42ms
W/Resources(   52): Preloaded drawable resource #0x1080547 (android:drawable/spinner_48_outer_holo) that varies with configuration!!
W/Resources(   52): Preloaded drawable resource #0x1080546 (android:drawable/spinner_48_inner_holo) that varies with configuration!!
W/Resources(   52): Preloaded drawable resource #0x10804cc (android:drawable/progress_medium_holo) that varies with configuration!!
W/Resources(   52): Preloaded drawable resource #0x10804ce (android:drawable/progress_primary_holo_dark) that varies with configuration!!
W/Resources(   52): Preloaded drawable resource #0x10804cf (android:drawable/progress_primary_holo_light) that varies with configuration!!
W/Resources(   52): Preloaded drawable resource #0x10804d0 (android:drawable/progress_secondary_holo_dark) that varies with configuration!!
W/Resources(   52): Preloaded drawable resource #0x10804d1 (android:drawable/progress_secondary_holo_light) that varies with configuration!!
W/Resources(   52): Preloaded drawable resource #0x1080543 (android:drawable/spinner_16_outer_holo) that varies with configuration!!
W/Resources(   52): Preloaded drawable resource #0x1080542 (android:drawable/spinner_16_inner_holo) that varies with configuration!!
W/Resources(   52): Preloaded drawable resource #0x10804d3 (android:drawable/progress_small_holo) that varies with configuration!!
W/Resources(   52): Preloaded drawable resource #0x1080533 (android:drawable/scrubber_track_holo_dark) that varies with configuration!!
W/Resources(   52): Preloaded drawable resource #0x1080532 (android:drawable/scrubber_secondary_holo) that varies with configuration!!
W/Resources(   52): Preloaded drawable resource #0x108052f (android:drawable/scrubber_primary_holo) that varies with configuration!!
W/Resources(   52): Preloaded drawable resource #0x1080530 (android:drawable/scrubber_progress_horizontal_holo_dark) that varies with configuration!!
W/Resources(   52): Preloaded drawable resource #0x1080534 (android:drawable/scrubber_track_holo_light) that varies with configuration!!
W/Resources(   52): Preloaded drawable resource #0x1080532 (android:drawable/scrubber_secondary_holo) that varies with configuration!!
W/Resources(   52): Preloaded drawable resource #0x108052f (android:drawable/scrubber_primary_holo) that varies with configuration!!
W/Resources(   52): Preloaded drawable resource #0x1080531 (android:drawable/scrubber_progress_horizontal_holo_light) that varies with configuration!!
D/dalvikvm(   52): GC_EXPLICIT freed 46K, 15% free 2599K/3052K, paused 2ms+3ms, total 44ms
W/Resources(   52): Preloaded drawable resource #0x1080526 (android:drawable/scrollbar_handle_holo_dark) that varies with configuration!!
W/Resources(   52): Preloaded drawable resource #0x1080527 (android:drawable/scrollbar_handle_holo_light) that varies with configuration!!
D/dalvikvm(   52): GC_EXPLICIT freed 19K, 14% free 2633K/3052K, paused 12ms+2ms, total 65ms
W/Resources(   52): Preloaded drawable resource #0x1080208 (android:drawable/cab_background_bottom_holo_dark) that varies with configuration!!
W/Resources(   52): Preloaded drawable resource #0x108020b (android:drawable/cab_background_top_holo_light) that varies with configuration!!
W/Resources(   52): Preloaded drawable resource #0x1080209 (android:drawable/cab_background_bottom_holo_light) that varies with configuration!!
W/Resources(   52): Preloaded drawable resource #0x10802bc (android:drawable/ic_cab_done_holo_dark) that varies with configuration!!
D/dalvikvm(   52): GC_EXPLICIT freed 21K, 13% free 2663K/3052K, paused 25ms+3ms, total 133ms
W/Resources(   52): Preloaded drawable resource #0x108020a (android:drawable/cab_background_top_holo_dark) that varies with configuration!!
W/Resources(   52): Preloaded drawable resource #0x10802bd (android:drawable/ic_cab_done_holo_light) that varies with configuration!!
W/Resources(   52): Preloaded drawable resource #0x10800d0 (android:drawable/btn_cab_done_default_holo_dark) that varies with configuration!!
W/Resources(   52): Preloaded drawable resource #0x10800d3 (android:drawable/btn_cab_done_focused_holo_light) that varies with configuration!!
W/Resources(   52): Preloaded drawable resource #0x10800d1 (android:drawable/btn_cab_done_default_holo_light) that varies with configuration!!
W/Resources(   52): Preloaded drawable resource #0x10800d6 (android:drawable/btn_cab_done_pressed_holo_dark) that varies with configuration!!
W/Resources(   52): Preloaded drawable resource #0x10800d2 (android:drawable/btn_cab_done_focused_holo_dark) that varies with configuration!!
W/Resources(   52): Preloaded drawable resource #0x10800d7 (android:drawable/btn_cab_done_pressed_holo_light) that varies with configuration!!
W/Resources(   52): Preloaded drawable resource #0x10803fd (android:drawable/list_pressed_holo_light) that varies with configuration!!
W/Resources(   52): Preloaded drawable resource #0x10800d3 (android:drawable/btn_cab_done_focused_holo_light) that varies with configuration!!
W/Resources(   52): Preloaded drawable resource #0x10800d1 (android:drawable/btn_cab_done_default_holo_light) that varies with configuration!!
W/Resources(   52): Preloaded drawable resource #0x10800d5 (android:drawable/btn_cab_done_holo_light) that varies with configuration!!
W/Resources(   52): Preloaded drawable resource #0x10803fc (android:drawable/list_pressed_holo_dark) that varies with configuration!!
W/Resources(   52): Preloaded drawable resource #0x10800d2 (android:drawable/btn_cab_done_focused_holo_dark) that varies with configuration!!
W/Resources(   52): Preloaded drawable resource #0x10800d0 (android:drawable/btn_cab_done_default_holo_dark) that varies with configuration!!
W/Resources(   52): Preloaded drawable resource #0x10800d4 (android:drawable/btn_cab_done_holo_dark) that varies with configuration!!
W/Resources(   52): Preloaded drawable resource #0x1080038 (android:drawable/ic_menu_close_clear_cancel) that varies with configuration!!
W/Resources(   52): Preloaded drawable resource #0x1080340 (android:drawable/ic_menu_copy_holo_dark) that varies with configuration!!
W/Resources(   52): Preloaded drawable resource #0x1080341 (android:drawable/ic_menu_copy_holo_light) that varies with configuration!!
D/dalvikvm(   52): GC_EXPLICIT freed 53K, 13% free 2663K/3052K, paused 3ms+2ms, total 78ms
W/Resources(   52): Preloaded drawable resource #0x1080343 (android:drawable/ic_menu_cut_holo_dark) that varies with configuration!!
W/Resources(   52): Preloaded drawable resource #0x1080344 (android:drawable/ic_menu_cut_holo_light) that varies with configuration!!
W/Resources(   52): Preloaded drawable resource #0x1080045 (android:drawable/ic_menu_more) that varies with configuration!!
W/Resources(   52): Preloaded drawable resource #0x1080357 (android:drawable/ic_menu_moreoverflow_normal_holo_dark) that varies with configuration!!
W/Resources(   52): Preloaded drawable resource #0x1080355 (android:drawable/ic_menu_moreoverflow_holo_dark) that varies with configuration!!
W/Resources(   52): Preloaded drawable resource #0x1080358 (android:drawable/ic_menu_moreoverflow_normal_holo_light) that varies with configuration!!
W/Resources(   52): Preloaded drawable resource #0x1080356 (android:drawable/ic_menu_moreoverflow_holo_light) that varies with configuration!!
W/Resources(   52): Preloaded drawable resource #0x108035b (android:drawable/ic_menu_paste_holo_dark) that varies with configuration!!
W/Resources(   52): Preloaded drawable resource #0x108035c (android:drawable/ic_menu_paste_holo_light) that varies with configuration!!
W/Resources(   52): Preloaded drawable resource #0x1080362 (android:drawable/ic_menu_selectall_holo_light) that varies with configuration!!
D/dalvikvm(   52): GC_EXPLICIT freed 58K, 13% free 2660K/3052K, paused 13ms+16ms, total 79ms
W/Resources(   52): Preloaded drawable resource #0x1080361 (android:drawable/ic_menu_selectall_holo_dark) that varies with configuration!!
W/Resources(   52): Preloaded drawable resource #0x10802c0 (android:drawable/ic_clear_disabled) that varies with configuration!!
W/Resources(   52): Preloaded drawable resource #0x10802bf (android:drawable/ic_clear) that varies with configuration!!
W/Resources(   52): Preloaded drawable resource #0x10802c0 (android:drawable/ic_clear_disabled) that varies with configuration!!
W/Resources(   52): Preloaded drawable resource #0x1080390 (android:drawable/ic_search) that varies with configuration!!
W/Resources(   52): Preloaded drawable resource #0x10802dd (android:drawable/ic_go) that varies with configuration!!
W/Resources(   52): Preloaded drawable resource #0x1080399 (android:drawable/ic_voice_search) that varies with configuration!!
W/Resources(   52): Preloaded drawable resource #0x1080221 (android:drawable/dialog_bottom_holo_dark) that varies with configuration!!
D/dalvikvm(   52): WAIT_FOR_CONCURRENT_GC blocked 1ms
D/dalvikvm(   52): GC_EXPLICIT freed 38K, 13% free 2673K/3052K, paused 25ms+18ms, total 169ms
W/Resources(   52): Preloaded drawable resource #0x1080222 (android:drawable/dialog_bottom_holo_light) that varies with configuration!!
W/Resources(   52): Preloaded drawable resource #0x1080226 (android:drawable/dialog_full_holo_dark) that varies with configuration!!
W/Resources(   52): Preloaded drawable resource #0x1080227 (android:drawable/dialog_full_holo_light) that varies with configuration!!
W/Resources(   52): Preloaded drawable resource #0x108022f (android:drawable/dialog_middle_holo_dark) that varies with configuration!!
D/dalvikvm(   52): GC_EXPLICIT freed 7K, 11% free 2717K/3052K, paused 2ms+3ms, total 118ms
W/Resources(   52): Preloaded drawable resource #0x1080230 (android:drawable/dialog_middle_holo_light) that varies with configuration!!
W/Resources(   52): Preloaded drawable resource #0x1080231 (android:drawable/dialog_top_holo_dark) that varies with configuration!!
W/Resources(   52): Preloaded drawable resource #0x1080232 (android:drawable/dialog_top_holo_light) that varies with configuration!!
W/Resources(   52): Preloaded drawable resource #0x10802d1 (android:drawable/ic_dialog_alert_holo_dark) that varies with configuration!!
W/Resources(   52): Preloaded drawable resource #0x10802d2 (android:drawable/ic_dialog_alert_holo_light) that varies with configuration!!
W/Resources(   52): Preloaded drawable resource #0x10803f2 (android:drawable/list_divider_holo_dark) that varies with configuration!!
W/Resources(   52): Preloaded drawable resource #0x10803f3 (android:drawable/list_divider_holo_light) that varies with configuration!!
W/Resources(   52): Preloaded drawable resource #0x10803f3 (android:drawable/list_divider_holo_light) that varies with configuration!!
W/Resources(   52): Preloaded drawable resource #0x10800bd (android:drawable/ab_transparent_dark_holo) that varies with configuration!!
W/Resources(   52): Preloaded drawable resource #0x10800bb (android:drawable/ab_stacked_transparent_dark_holo) that varies with configuration!!
D/dalvikvm(   52): GC_EXPLICIT freed 75K, 12% free 2694K/3052K, paused 3ms+4ms, total 124ms
W/Resources(   52): Preloaded drawable resource #0x10800a1 (android:drawable/ab_bottom_transparent_dark_holo) that varies with configuration!!
W/Resources(   52): Preloaded drawable resource #0x10800b5 (android:drawable/ab_solid_dark_holo) that varies with configuration!!
W/Resources(   52): Preloaded drawable resource #0x10800b8 (android:drawable/ab_stacked_solid_dark_holo) that varies with configuration!!
W/Resources(   52): Preloaded drawable resource #0x108009e (android:drawable/ab_bottom_solid_dark_holo) that varies with configuration!!
W/Resources(   52): Preloaded drawable resource #0x10800be (android:drawable/ab_transparent_light_holo) that varies with configuration!!
W/Resources(   52): Preloaded drawable resource #0x10800bc (android:drawable/ab_stacked_transparent_light_holo) that varies with configuration!!
W/Resources(   52): Preloaded drawable resource #0x10800a2 (android:drawable/ab_bottom_transparent_light_holo) that varies with configuration!!
W/Resources(   52): Preloaded drawable resource #0x10800b6 (android:drawable/ab_solid_light_holo) that varies with configuration!!
W/Resources(   52): Preloaded drawable resource #0x10800ba (android:drawable/ab_stacked_solid_light_holo) that varies with configuration!!
W/Resources(   52): Preloaded drawable resource #0x10800a0 (android:drawable/ab_bottom_solid_light_holo) that varies with configuration!!
W/Resources(   52): Preloaded drawable resource #0x10800b7 (android:drawable/ab_solid_shadow_holo) that varies with configuration!!
W/Resources(   52): Preloaded drawable resource #0x108041b (android:drawable/list_selector_disabled_holo_dark) that varies with configuration!!
W/Resources(   52): Preloaded drawable resource #0x108041b (android:drawable/list_selector_disabled_holo_dark) that varies with configuration!!
W/Resources(   52): Preloaded drawable resource #0x10803fc (android:drawable/list_pressed_holo_dark) that varies with configuration!!
W/Resources(   52): Preloaded drawable resource #0x10803fa (android:drawable/list_longpressed_holo_dark) that varies with configuration!!
W/Resources(   52): Preloaded drawable resource #0x1080418 (android:drawable/list_selector_background_transition_holo_dark) that varies with configuration!!
W/Resources(   52): Preloaded drawable resource #0x10803fc (android:drawable/list_pressed_holo_dark) that varies with configuration!!
W/Resources(   52): Preloaded drawable resource #0x10803fa (android:drawable/list_longpressed_holo_dark) that varies with configuration!!
W/Resources(   52): Preloaded drawable resource #0x1080418 (android:drawable/list_selector_background_transition_holo_dark) that varies with configuration!!
W/Resources(   52): Preloaded drawable resource #0x10803f5 (android:drawable/list_focused_holo) that varies with configuration!!
W/Resources(   52): Preloaded drawable resource #0x10803b1 (android:drawable/item_background_holo_dark) that varies with configuration!!
D/dalvikvm(   52): GC_EXPLICIT freed 56K, 12% free 2705K/3052K, paused 3ms+24ms, total 113ms
W/Resources(   52): Preloaded drawable resource #0x108041c (android:drawable/list_selector_disabled_holo_light) that varies with configuration!!
W/Resources(   52): Preloaded drawable resource #0x108041c (android:drawable/list_selector_disabled_holo_light) that varies with configuration!!
W/Resources(   52): Preloaded drawable resource #0x10803fd (android:drawable/list_pressed_holo_light) that varies with configuration!!
W/Resources(   52): Preloaded drawable resource #0x10803fb (android:drawable/list_longpressed_holo_light) that varies with configuration!!
W/Resources(   52): Preloaded drawable resource #0x1080419 (android:drawable/list_selector_background_transition_holo_light) that varies with configuration!!
W/Resources(   52): Preloaded drawable resource #0x10803fd (android:drawable/list_pressed_holo_light) that varies with configuration!!
W/Resources(   52): Preloaded drawable resource #0x10803fb (android:drawable/list_longpressed_holo_light) that varies with configuration!!
W/Resources(   52): Preloaded drawable resource #0x1080419 (android:drawable/list_selector_background_transition_holo_light) that varies with configuration!!
W/Resources(   52): Preloaded drawable resource #0x10803f5 (android:drawable/list_focused_holo) that varies with configuration!!
W/Resources(   52): Preloaded drawable resource #0x10803b2 (android:drawable/item_background_holo_light) that varies with configuration!!
W/Resources(   52): Preloaded drawable resource #0x108027c (android:drawable/fastscroll_thumb_pressed_holo) that varies with configuration!!
W/Resources(   52): Preloaded drawable resource #0x108027a (android:drawable/fastscroll_thumb_default_holo) that varies with configuration!!
W/Resources(   52): Preloaded drawable resource #0x108027b (android:drawable/fastscroll_thumb_holo) that varies with configuration!!
W/Resources(   52): Preloaded drawable resource #0x108027c (android:drawable/fastscroll_thumb_pressed_holo) that varies with configuration!!
W/Resources(   52): Preloaded drawable resource #0x108027a (android:drawable/fastscroll_thumb_default_holo) that varies with configuration!!
D/dalvikvm(   52): GC_EXPLICIT freed 86K, 13% free 2677K/3052K, paused 3ms+3ms, total 107ms
W/Resources(   52): Preloaded drawable resource #0x1080281 (android:drawable/fastscroll_track_pressed_holo_dark) that varies with configuration!!
W/Resources(   52): Preloaded drawable resource #0x108027d (android:drawable/fastscroll_track_default_holo_dark) that varies with configuration!!
W/Resources(   52): Preloaded drawable resource #0x108027f (android:drawable/fastscroll_track_holo_dark) that varies with configuration!!
W/Resources(   52): Preloaded drawable resource #0x1080281 (android:drawable/fastscroll_track_pressed_holo_dark) that varies with configuration!!
W/Resources(   52): Preloaded drawable resource #0x108027d (android:drawable/fastscroll_track_default_holo_dark) that varies with configuration!!
W/Resources(   52): Preloaded drawable resource #0x1080276 (android:drawable/fastscroll_label_left_holo_dark) that varies with configuration!!
W/Resources(   52): Preloaded drawable resource #0x1080278 (android:drawable/fastscroll_label_right_holo_dark) that varies with configuration!!
D/dalvikvm(   52): GC_EXPLICIT freed 20K, 12% free 2712K/3052K, paused 4ms+24ms, total 119ms
W/Resources(   52): Preloaded drawable resource #0x1080282 (android:drawable/fastscroll_track_pressed_holo_light) that varies with configuration!!
W/Resources(   52): Preloaded drawable resource #0x108027e (android:drawable/fastscroll_track_default_holo_light) that varies with configuration!!
W/Resources(   52): Preloaded drawable resource #0x1080280 (android:drawable/fastscroll_track_holo_light) that varies with configuration!!
W/Resources(   52): Preloaded drawable resource #0x1080282 (android:drawable/fastscroll_track_pressed_holo_light) that varies with configuration!!
W/Resources(   52): Preloaded drawable resource #0x108027e (android:drawable/fastscroll_track_default_holo_light) that varies with configuration!!
W/Resources(   52): Preloaded drawable resource #0x1080277 (android:drawable/fastscroll_label_left_holo_light) that varies with configuration!!
W/Resources(   52): Preloaded drawable resource #0x1080279 (android:drawable/fastscroll_label_right_holo_light) that varies with configuration!!
D/dalvikvm(   52): GC_EXPLICIT freed 54K, 12% free 2713K/3052K, paused 4ms+29ms, total 150ms
W/Resources(   52): Preloaded drawable resource #0x108025b (android:drawable/editbox_dropdown_background_dark) that varies with configuration!!
W/Resources(   52): Preloaded drawable resource #0x1080660 (android:drawable/textfield_search_selected_holo_dark) that varies with configuration!!
W/Resources(   52): Preloaded drawable resource #0x1080654 (android:drawable/textfield_search_default_holo_dark) that varies with configuration!!
W/Resources(   52): Preloaded drawable resource #0x1080662 (android:drawable/textfield_searchview_holo_dark) that varies with configuration!!
W/Resources(   52): Preloaded drawable resource #0x108065d (android:drawable/textfield_search_right_selected_holo_dark) that varies with configuration!!
W/Resources(   52): Preloaded drawable resource #0x108065b (android:drawable/textfield_search_right_default_holo_dark) that varies with configuration!!
W/Resources(   52): Preloaded drawable resource #0x1080664 (android:drawable/textfield_searchview_right_holo_dark) that varies with configuration!!
W/Resources(   52): Preloaded drawable resource #0x1080661 (android:drawable/textfield_search_selected_holo_light) that varies with configuration!!
W/Resources(   52): Preloaded drawable resource #0x1080655 (android:drawable/textfield_search_default_holo_light) that varies with configuration!!
W/Resources(   52): Preloaded drawable resource #0x1080663 (android:drawable/textfield_searchview_holo_light) that varies with configuration!!
W/Resources(   52): Preloaded drawable resource #0x108065e (android:drawable/textfield_search_right_selected_holo_light) that varies with configuration!!
W/Resources(   52): Preloaded drawable resource #0x108065c (android:drawable/textfield_search_right_default_holo_light) that varies with configuration!!
W/Resources(   52): Preloaded drawable resource #0x1080665 (android:drawable/textfield_searchview_right_holo_light) that varies with configuration!!
W/Resources(   52): Preloaded drawable resource #0x1080660 (android:drawable/textfield_search_selected_holo_dark) that varies with configuration!!
W/Resources(   52): Preloaded drawable resource #0x1080654 (android:drawable/textfield_search_default_holo_dark) that varies with configuration!!
W/Resources(   52): Preloaded drawable resource #0x108065d (android:drawable/textfield_search_right_selected_holo_dark) that varies with configuration!!
W/Resources(   52): Preloaded drawable resource #0x108065b (android:drawable/textfield_search_right_default_holo_dark) that varies with configuration!!
W/Resources(   52): Preloaded drawable resource #0x1080661 (android:drawable/textfield_search_selected_holo_light) that varies with configuration!!
W/Resources(   52): Preloaded drawable resource #0x1080655 (android:drawable/textfield_search_default_holo_light) that varies with configuration!!
W/Resources(   52): Preloaded drawable resource #0x108065e (android:drawable/textfield_search_right_selected_holo_light) that varies with configuration!!
W/Resources(   52): Preloaded drawable resource #0x108065c (android:drawable/textfield_search_right_default_holo_light) that varies with configuration!!
W/Resources(   52): Preloaded drawable resource #0x1080629 (android:drawable/tab_unselected_holo) that varies with configuration!!
W/Resources(   52): Preloaded drawable resource #0x1080624 (android:drawable/tab_selected_holo) that varies with configuration!!
W/Resources(   52): Preloaded drawable resource #0x1080628 (android:drawable/tab_unselected_focused_holo) that varies with configuration!!
W/Resources(   52): Preloaded drawable resource #0x1080623 (android:drawable/tab_selected_focused_holo) that varies with configuration!!
W/Resources(   52): Preloaded drawable resource #0x108062a (android:drawable/tab_unselected_pressed_holo) that varies with configuration!!
W/Resources(   52): Preloaded drawable resource #0x1080625 (android:drawable/tab_selected_pressed_holo) that varies with configuration!!
W/Resources(   52): Preloaded drawable resource #0x108062a (android:drawable/tab_unselected_pressed_holo) that varies with configuration!!
W/Resources(   52): Preloaded drawable resource #0x1080625 (android:drawable/tab_selected_pressed_holo) that varies with configuration!!
W/Resources(   52): Preloaded drawable resource #0x1080618 (android:drawable/tab_indicator_holo) that varies with configuration!!
D/dalvikvm(   52): GC_EXPLICIT freed 65K, 12% free 2711K/3052K, paused 23ms+2ms, total 119ms
W/Resources(   52): Preloaded drawable resource #0x1080629 (android:drawable/tab_unselected_holo) that varies with configuration!!
W/Resources(   52): Preloaded drawable resource #0x1080624 (android:drawable/tab_selected_holo) that varies with configuration!!
W/Resources(   52): Preloaded drawable resource #0x1080628 (android:drawable/tab_unselected_focused_holo) that varies with configuration!!
W/Resources(   52): Preloaded drawable resource #0x1080623 (android:drawable/tab_selected_focused_holo) that varies with configuration!!
W/Resources(   52): Preloaded drawable resource #0x108062a (android:drawable/tab_unselected_pressed_holo) that varies with configuration!!
W/Resources(   52): Preloaded drawable resource #0x1080625 (android:drawable/tab_selected_pressed_holo) that varies with configuration!!
I/Zygote  (   52): ...preloaded 274 resources in 11487ms.
D/dalvikvm(   52): GC_EXPLICIT freed 56K, 12% free 2709K/3052K, paused 1ms+2ms, total 91ms
I/Zygote  (   52): ...preloaded 31 resources in 158ms.
D/libEGL  (   52): Emulator without GPU support detected. Fallback to software renderer.
D/libEGL  (   52): loaded /system/lib/egl/libGLES_android.so
D/dalvikvm(   52): GC_EXPLICIT freed 15K, 12% free 2702K/3052K, paused 2ms+2ms, total 92ms
D/dalvikvm(   52): GC_EXPLICIT freed 4K, 12% free 2698K/3052K, paused 2ms+1ms, total 71ms
D/dalvikvm(   52): GC_EXPLICIT freed <1K, 12% free 2698K/3052K, paused 2ms+2ms, total 72ms
I/dalvikvm(   52): System server process 377 has been created
I/Zygote  (   52): Accepting command socket connections
D/AndroidRuntime(  365): 
D/AndroidRuntime(  365): >>>>>> AndroidRuntime START com.android.internal.os.RuntimeInit <<<<<<
D/AndroidRuntime(  365): CheckJNI is ON
I/SystemServer(  377): Entered the Android system server!
D/SensorService(  377): nuSensorService starting...
D/dalvikvm(  365): Trying to load lib libjavacore.so 0x0
I/SensorService(  377): Goldfish 3-axis Accelerometer
I/SensorService(  377): Goldfish 3-axis Magnetic field sensor
I/SensorService(  377): Goldfish Orientation sensor
I/SensorService(  377): Goldfish Temperature sensor
I/SensorService(  377): Goldfish Proximity sensor
D/dalvikvm(  365): Added shared lib libjavacore.so 0x0
D/SensorService(  377): Max socket buffer size 131071
I/installd(   55): new connection
I/SystemServer(  377): Waiting for installd to be ready.
I/Installer(  377): connecting...
I/SystemServer(  377): Power Manager
D/dalvikvm(  365): Trying to load lib libnativehelper.so 0x0
D/dalvikvm(  365): Added shared lib libnativehelper.so 0x0
D/dalvikvm(  365): No JNI_OnLoad found in libnativehelper.so 0x0, skipping init
D/SensorService(  377): nuSensorService thread starting...
I/SystemServer(  377): Enabled StrictMode logging for WM Looper
I/SystemServer(  377): Activity Manager
I/ActivityManager(  377): Memory class: 512
W/UsageStats(  377): Usage stats version changed; dropping
D/dalvikvm(  365): Note: class Landroid/app/ActivityManagerNative; has 179 unimplemented (abstract) methods
D/dalvikvm(  377): GC_CONCURRENT freed 153K, 8% free 2954K/3184K, paused 6ms+10ms, total 179ms
W/ProcessCpuTracker(  377): Skipping unknown process pid 413
I/UiThread(  377): Enabled StrictMode logging for UI thread
I/IntentFirewall(  377): Read new rules (A:0 B:0 S:0)
I/ActivityManager(  377): Enabled StrictMode logging for AThread's Looper
I/SystemServer(  377): Display Manager
I/SystemServer(  377): Telephony Registry
E/SurfaceFlinger(   51): ro.sf.lcd_density must be defined as a build property
I/DisplayManagerService(  377): Display device added: DisplayDeviceInfo{"Built-in Screen": 320 x 480, 651.04126 fps, density 160, 160.0 x 160.0 dpi, touch INTERNAL, rotation 0, type BUILT_IN, FLAG_DEFAULT_DISPLAY, FLAG_ROTATES_WITH_CONTENT, FLAG_SECURE, FLAG_SUPPORTS_PROTECTED_BUFFERS}
I/SystemServer(  377): Scheduling Policy
I/SystemServer(  377): Package Manager
D/SELinuxMMAC(  377): Couldn't find install policy /data/security/mac_permissions.xml
D/SELinuxMMAC(  377): Using install policy file /system/etc/security/mac_permissions.xml
D/dalvikvm(  377): GC_CONCURRENT freed 300K, 12% free 3043K/3420K, paused 7ms+2ms, total 63ms
E/memtrack(  365): Couldn't load memtrack module (No such file or directory)
E/android.os.Debug(  365): failed to load memtrack module: -2
D/MDnsDS  (   48): MDnsSdListener::Hander starting up
D/MDnsDS  (   48): MDnsSdListener starting to monitor
D/MDnsDS  (   48): Going to poll with pollCount 1
D/AndroidRuntime(  365): Calling main entry com.android.commands.pm.Pm
D/AndroidRuntime(  365): Shutting down VM
D/dalvikvm(  365): GC_CONCURRENT freed 93K, 15% free 555K/652K, paused 1ms+1ms, total 7ms
W/PackageManager(  377): Running ENG build: no pre-dexopt!
D/dalvikvm(  377): GC_CONCURRENT freed 216K, 8% free 3238K/3516K, paused 4ms+3ms, total 72ms
W/PackageParser(  377): No actions in intent filter at /system/priv-app/Contacts.apk Binary XML file line #375
W/PackageParser(  377): No actions in intent filter at /system/priv-app/Dialer.apk Binary XML file line #161
W/ResourceType(  377): Failure getting entry for 0x7f050000 (t=4 e=0) in package 0 (error -75)
D/dalvikvm(  377): GC_CONCURRENT freed 117K, 6% free 3522K/3716K, paused 4ms+15ms, total 85ms
D/dalvikvm(  377): GC_CONCURRENT freed 206K, 7% free 3723K/4004K, paused 5ms+12ms, total 63ms
W/PackageParser(  377): No actions in intent filter at /system/app/Bluetooth.apk Binary XML file line #210
W/ResourceType(  377): Failure getting entry for 0x7f04000f (t=3 e=15) in package 0 (error -75)
W/ResourceType(  377): Failure getting entry for 0x7f04000f (t=3 e=15) in package 0 (error -75)
D/dalvikvm(  377): GC_CONCURRENT freed 213K, 7% free 3975K/4264K, paused 5ms+15ms, total 151ms
W/PackageParser(  377): Unknown element under <application>: permission at /system/app/Gallery2.apk Binary XML file line #243
W/PackageParser(  377): Unknown element under <application>: permission at /system/app/Gallery2.apk Binary XML file line #246
D/dalvikvm(  377): GC_CONCURRENT freed 265K, 8% free 4112K/4452K, paused 8ms+8ms, total 204ms
D/PackageManager(  377): No files in app dir /vendor/app
W/PackageParser(  377): No actions in intent filter at /data/app/ApiDemos.apk Binary XML file line #2899
W/PackageParser(  377): No actions in intent filter at /data/app/ApiDemos.apk Binary XML file line #2905
W/PackageManager(  377): Package com.example.android.apis desires unavailable shared library com.example.will.never.exist; ignoring!
D/dalvikvm(  377): GC_CONCURRENT freed 209K, 7% free 4320K/4608K, paused 4ms+3ms, total 69ms
W/PackageManager(  377): Package com.example.android.apis desires unavailable shared library com.example.will.never.exist; ignoring!
W/PackageManager(  377): Package com.android.gallery3d desires unavailable shared library com.google.android.media.effects; ignoring!
I/PackageManager(  377): Time to scan packages: 3.073 seconds
W/PackageManager(  377): Not granting permission android.permission.GLOBAL_SEARCH to package com.android.quicksearchbox (protectionLevel=18 flags=0x8be45)
W/PackageManager(  377): Unknown permission com.google.android.gallery3d.permission.GALLERY_PROVIDER in package com.android.bluetooth
W/PackageManager(  377): Unknown permission com.google.android.googleapps.permission.GOOGLE_AUTH in package com.android.providers.calendar
W/PackageManager(  377): Unknown permission com.google.android.googleapps.permission.GOOGLE_AUTH.cl in package com.android.providers.calendar
W/PackageManager(  377): Unknown permission com.google.android.googleapps.permission.GOOGLE_AUTH.mail in package com.android.calendar
W/PackageManager(  377): Not granting permission android.permission.ACCESS_DOWNLOAD_MANAGER to package com.android.browser (protectionLevel=18 flags=0x9be45)
W/PackageManager(  377): Not granting permission android.permission.SEND_DOWNLOAD_COMPLETED_INTENTS to package com.android.browser (protectionLevel=2 flags=0x9be45)
W/PackageManager(  377): Not granting permission android.permission.BIND_APPWIDGET to package com.android.widgetpreview (protectionLevel=18 flags=0x8be44)
W/PackageManager(  377): Not granting permission android.permission.BIND_WALLPAPER to package com.android.camera2 (protectionLevel=18 flags=0x18bc45)
W/PackageManager(  377): Unknown permission android.permission.INSTALL_DRM in package com.android.mms
W/PackageManager(  377): Unknown permission com.google.android.gallery3d.permission.PICASA_STORE in package com.android.dreams.phototable
W/PackageManager(  377): Unknown permission com.google.android.googleapps.permission.GOOGLE_AUTH in package com.android.settings
W/PackageManager(  377): Unknown permission com.google.android.googleapps.permission.ACCESS_GOOGLE_PASSWORD in package com.android.development
W/PackageManager(  377): Unknown permission com.google.android.googleapps.permission.GOOGLE_AUTH in package com.android.development
W/PackageManager(  377): Unknown permission com.google.android.googleapps.permission.GOOGLE_AUTH.ALL_SERVICES in package com.android.development
W/PackageManager(  377): Unknown permission com.google.android.googleapps.permission.GOOGLE_AUTH.YouTubeUser in package com.android.development
W/PackageManager(  377): Not granting permission android.permission.DELETE_PACKAGES to package com.svox.pico (protectionLevel=18 flags=0x8be45)
W/PackageManager(  377): Not granting permission android.permission.DEVICE_POWER to package com.android.deskclock (protectionLevel=2 flags=0x48be45)
D/dalvikvm(  377): GC_CONCURRENT freed 328K, 9% free 4429K/4832K, paused 4ms+3ms, total 60ms
D/dalvikvm(  377): WAIT_FOR_CONCURRENT_GC blocked 13ms
D/dalvikvm(  377): GC_EXPLICIT freed 117K, 11% free 4312K/4832K, paused 3ms+2ms, total 44ms
I/SystemServer(  377): Entropy Mixer
I/EntropyMixer(  377): Writing entropy...
I/SystemServer(  377): User Service
I/SystemServer(  377): Account Manager
I/SystemServer(  377): Content Manager
I/SystemServer(  377): System Content Providers
I/SystemServer(  377): Lights Service
I/SystemServer(  377): Battery Service
I/SystemServer(  377): Vibrator Service
E/ConsumerIrService(  377): Can't open consumer IR HW Module, error: -2
I/SystemServer(  377): Consumer IR Service
W/libsuspend(  377): Error writing 'on' to /sys/power/state: Invalid argument
E/libsuspend(  377): Error opening /sys/power/autosleep: No such file or directory
I/libsuspend(  377): Selected wakeup count
D/PermissionCache(   51): checking android.permission.ACCESS_SURFACE_FLINGER for uid=1000 => granted (30336 us)
D/SurfaceFlinger(   51): Screen acquired, type=0 flinger=0xb8683450
D/SurfaceFlinger(   51):  screen was previously acquired
D/AlarmManagerService(  377): Kernel timezone updated to 240 minutes west of GMT
I/SystemServer(  377): Alarm Manager
I/SystemServer(  377): Init Watchdog
I/SystemServer(  377): Input Manager
I/InputManager(  377): Initializing input manager, mUseDevInputEventForAudioJack=false
I/SystemServer(  377): Window Manager
I/WindowManager(  377): No existing display settings /data/system/display_settings.xml; starting empty
I/WindowManager(  377): No keyguard interface!
I/InputManager(  377): Starting input manager
I/SystemServer(  377): No Bluetooh Service (emulator)
I/SystemServer(  377): Input Method Service
D/dalvikvm(  377): GC_CONCURRENT freed 213K, 7% free 4503K/4832K, paused 5ms+3ms, total 60ms
E/EventHub(  377): could not get driver version for /dev/input/mouse0, Not a typewriter
W/InputMethodManagerService(  377): Couldn't create dir.: /data/system/inputmethod
W/EventHub(  377): Unable to disable kernel key repeat for /dev/input/event0: Function not implemented
I/EventHub(  377): New device: id=1, fd=95, path='/dev/input/event0', name='qwerty2', classes=0xad, configuration='/system/usr/idc/qwerty2.idc', keyLayout='/system/usr/keylayout/qwerty.kl', keyCharacterMap='/system/usr/keychars/qwerty2.kcm', builtinKeyboard=true, usingSuspendBlockIoctl=true, usingClockIoctl=true
E/EventHub(  377): could not get driver version for /dev/input/mice, Not a typewriter
I/InputReader(  377): Device added: id=-1, name='Virtual', sources=0x00000301
I/InputReader(  377):   Touch device 'qwerty2' could not query the properties of its associated display.  The device will be inoperable until the display size becomes available.
I/InputReader(  377): Device added: id=0, name='qwerty2', sources=0x80011307
W/ResourceType(  377): Failure getting entry for 0x7f060000 (t=5 e=0) in package 0 (error -75)
I/SystemServer(  377): Accessibility Manager
I/ActivityManager(  377): Config changes=1df8 {1.0 ?mcc?mnc en_US ldltr sw320dp w320dp h480dp 160dpi nrml port ?uimode ?night -touch -keyb/v/h tball/v s.2}
I/InputReader(  377): Reconfiguring input devices.  changes=0x00000004
I/InputReader(  377): Device reconfigured: id=0, name='qwerty2', size 320x480, orientation 0, mode 1, display id 0
I/ActivityManager(  377): Config changes=400 {1.0 ?mcc?mnc en_US ldltr sw320dp w320dp h455dp 160dpi nrml port ?uimode ?night -touch -keyb/v/h tball/v s.3}
I/SystemServer(  377): Mount Service
D/MountService(  377): got storage path: /storage/sdcard description: USB storage primary: true removable: false emulated: false mtpReserve: 0 allowMassStorage: false maxFileSize: 0
D/MountService(  377): addVolumeLocked() StorageVolume [mStorageId=0 mPath=/storage/sdcard mDescriptionId=17040660 mPrimary=true mRemovable=false mEmulated=false mMtpReserveSpace=0 mAllowMassStorage=false mMaxFileSize=0 mOwner=null]
I/SystemServer(  377): LockSettingsService
I/SystemServer(  377): Device Policy
I/SystemServer(  377): Status Bar
I/SystemServer(  377): Clipboard Service
I/SystemServer(  377): NetworkManagement Service
W/MountService(  377): Duplicate state transition (unmounted -> unmounted) for /storage/sdcard
W/MountService(  377): getSecureContainerList() called when storage not mounted
I/SystemServer(  377): Text Service Manager Service
I/PackageManager(  377): No secure containers on sdcard
W/PackageManager(  377): Not granting permission android.permission.GLOBAL_SEARCH to package com.android.quicksearchbox (protectionLevel=18 flags=0x8be45)
W/PackageManager(  377): Unknown permission com.google.android.gallery3d.permission.GALLERY_PROVIDER in package com.android.bluetooth
W/PackageManager(  377): Unknown permission com.google.android.googleapps.permission.GOOGLE_AUTH in package com.android.providers.calendar
W/PackageManager(  377): Unknown permission com.google.android.googleapps.permission.GOOGLE_AUTH.cl in package com.android.providers.calendar
W/PackageManager(  377): Unknown permission com.google.android.googleapps.permission.GOOGLE_AUTH.mail in package com.android.calendar
W/PackageManager(  377): Not granting permission android.permission.ACCESS_DOWNLOAD_MANAGER to package com.android.browser (protectionLevel=18 flags=0x9be45)
W/PackageManager(  377): Not granting permission android.permission.SEND_DOWNLOAD_COMPLETED_INTENTS to package com.android.browser (protectionLevel=2 flags=0x9be45)
W/PackageManager(  377): Not granting permission android.permission.BIND_APPWIDGET to package com.android.widgetpreview (protectionLevel=18 flags=0x8be44)
W/PackageManager(  377): Not granting permission android.permission.BIND_WALLPAPER to package com.android.camera2 (protectionLevel=18 flags=0x18bc45)
W/PackageManager(  377): Unknown permission android.permission.INSTALL_DRM in package com.android.mms
W/PackageManager(  377): Unknown permission com.google.android.gallery3d.permission.PICASA_STORE in package com.android.dreams.phototable
W/PackageManager(  377): Unknown permission com.google.android.googleapps.permission.GOOGLE_AUTH in package com.android.settings
W/PackageManager(  377): Unknown permission com.google.android.googleapps.permission.ACCESS_GOOGLE_PASSWORD in package com.android.development
W/PackageManager(  377): Unknown permission com.google.android.googleapps.permission.GOOGLE_AUTH in package com.android.development
W/PackageManager(  377): Unknown permission com.google.android.googleapps.permission.GOOGLE_AUTH.ALL_SERVICES in package com.android.development
