W/KeyguardServiceWrapper(  377): 	at com.android.server.wm.WindowManagerService.performLayoutAndPlaceSurfacesLockedLoop(WindowManagerService.java:8137)
W/KeyguardServiceWrapper(  377): 	at com.android.server.wm.WindowManagerService.performLayoutAndPlaceSurfacesLocked(WindowManagerService.java:8079)
W/KeyguardServiceWrapper(  377): 	at com.android.server.wm.WindowManagerService.access$300(WindowManagerService.java:157)
W/KeyguardServiceWrapper(  377): 	at com.android.server.wm.WindowManagerService$H.handleMessage(WindowManagerService.java:7316)
W/KeyguardServiceWrapper(  377): 	at android.os.Handler.dispatchMessage(Handler.java:102)
W/KeyguardServiceWrapper(  377): 	at android.os.Looper.loop(Looper.java:137)
W/KeyguardServiceWrapper(  377): 	at android.os.HandlerThread.run(HandlerThread.java:61)
E/JavaBinder(  377): !!! FAILED BINDER TRANSACTION !!!
E/JavaBinder(  377): !!! FAILED BINDER TRANSACTION !!!
W/KeyguardServiceWrapper(  377): Remote Exception
W/KeyguardServiceWrapper(  377): android.os.TransactionTooLargeException
W/KeyguardServiceWrapper(  377): 	at android.os.BinderProxy.transact(Native Method)
W/KeyguardServiceWrapper(  377): 	at com.android.internal.policy.IKeyguardService$Stub$Proxy.setHidden(IKeyguardService.java:345)
W/KeyguardServiceWrapper(  377): 	at com.android.internal.policy.impl.keyguard.KeyguardServiceWrapper.setHidden(KeyguardServiceWrapper.java:105)
W/KeyguardServiceWrapper(  377): 	at com.android.internal.policy.impl.keyguard.KeyguardServiceDelegate.setHidden(KeyguardServiceDelegate.java:169)
W/KeyguardServiceWrapper(  377): 	at com.android.internal.policy.impl.PhoneWindowManager.finishPostLayoutPolicyLw(PhoneWindowManager.java:3556)
W/KeyguardServiceWrapper(  377): 	at com.android.server.wm.WindowManagerService.performLayoutAndPlaceSurfacesLockedInner(WindowManagerService.java:8976)
W/KeyguardServiceWrapper(  377): 	at com.android.server.wm.WindowManagerService.performLayoutAndPlaceSurfacesLockedLoop(WindowManagerService.java:8137)
W/KeyguardServiceWrapper(  377): 	at com.android.server.wm.WindowManagerService.performLayoutAndPlaceSurfacesLocked(WindowManagerService.java:8079)
W/KeyguardServiceWrapper(  377): 	at com.android.server.wm.WindowManagerService.access$300(WindowManagerService.java:157)
W/KeyguardServiceWrapper(  377): 	at com.android.server.wm.WindowManagerService$H.handleMessage(WindowManagerService.java:7139)
W/KeyguardServiceWrapper(  377): 	at android.os.Handler.dispatchMessage(Handler.java:102)
W/KeyguardServiceWrapper(  377): 	at android.os.Looper.loop(Looper.java:137)
W/KeyguardServiceWrapper(  377): 	at android.os.HandlerThread.run(HandlerThread.java:61)
D/MobileDataStateTracker(  377): default: Broadcast received: android.intent.action.ANY_DATA_STATE apnType=default
E/JavaBinder(  377): !!! FAILED BINDER TRANSACTION !!!
E/JavaBinder(  377): !!! FAILED BINDER TRANSACTION !!!
W/BroadcastQueue(  377): Failure sending broadcast Intent { act=android.intent.action.SIM_STATE_CHANGED flg=0x20000010 (has extras) }
W/BroadcastQueue(  377): android.os.TransactionTooLargeException
W/BroadcastQueue(  377): 	at android.os.BinderProxy.transact(Native Method)
W/BroadcastQueue(  377): 	at android.app.ApplicationThreadProxy.scheduleRegisteredReceiver(ApplicationThreadNative.java:1059)
W/BroadcastQueue(  377): 	at com.android.server.am.BroadcastQueue.performReceiveLocked(BroadcastQueue.java:419)
W/BroadcastQueue(  377): 	at com.android.server.am.BroadcastQueue.deliverToRegisteredReceiverLocked(BroadcastQueue.java:505)
W/BroadcastQueue(  377): 	at com.android.server.am.BroadcastQueue.processNextBroadcast(BroadcastQueue.java:553)
W/BroadcastQueue(  377): 	at com.android.server.am.BroadcastQueue$1.handleMessage(BroadcastQueue.java:140)
W/BroadcastQueue(  377): 	at android.os.Handler.dispatchMessage(Handler.java:102)
W/BroadcastQueue(  377): 	at android.os.Looper.loop(Looper.java:137)
W/BroadcastQueue(  377): 	at com.android.server.am.ActivityManagerService$AThread.run(ActivityManagerService.java:1848)
W/BroadcastQueue(  377): Failure sending broadcast Intent { act=android.intent.action.SIM_STATE_CHANGED flg=0x20000010 (has extras) }
W/BroadcastQueue(  377): android.os.TransactionTooLargeException
W/BroadcastQueue(  377): 	at android.os.BinderProxy.transact(Native Method)
W/BroadcastQueue(  377): 	at android.app.ApplicationThreadProxy.scheduleRegisteredReceiver(ApplicationThreadNative.java:1059)
W/BroadcastQueue(  377): 	at com.android.server.am.BroadcastQueue.performReceiveLocked(BroadcastQueue.java:419)
W/BroadcastQueue(  377): 	at com.android.server.am.BroadcastQueue.deliverToRegisteredReceiverLocked(BroadcastQueue.java:505)
W/BroadcastQueue(  377): 	at com.android.server.am.BroadcastQueue.processNextBroadcast(BroadcastQueue.java:553)
W/BroadcastQueue(  377): 	at com.android.server.am.BroadcastQueue$1.handleMessage(BroadcastQueue.java:140)
W/BroadcastQueue(  377): 	at android.os.Handler.dispatchMessage(Handler.java:102)
W/BroadcastQueue(  377): 	at android.os.Looper.loop(Looper.java:137)
W/BroadcastQueue(  377): 	at com.android.server.am.ActivityManagerService$AThread.run(ActivityManagerService.java:1848)
W/BroadcastQueue(  377): Failure sending broadcast Intent { act=android.intent.action.SIM_STATE_CHANGED flg=0x20000010 (has extras) }
W/BroadcastQueue(  377): android.os.TransactionTooLargeException
W/BroadcastQueue(  377): 	at android.os.BinderProxy.transact(Native Method)
W/BroadcastQueue(  377): 	at android.app.ApplicationThreadProxy.scheduleRegisteredReceiver(ApplicationThreadNative.java:1059)
W/BroadcastQueue(  377): 	at com.android.server.am.BroadcastQueue.performReceiveLocked(BroadcastQueue.java:419)
W/BroadcastQueue(  377): 	at com.android.server.am.BroadcastQueue.deliverToRegisteredReceiverLocked(BroadcastQueue.java:505)
W/BroadcastQueue(  377): 	at com.android.server.am.BroadcastQueue.processNextBroadcast(BroadcastQueue.java:553)
W/BroadcastQueue(  377): 	at com.android.server.am.BroadcastQueue$1.handleMessage(BroadcastQueue.java:140)
W/BroadcastQueue(  377): 	at android.os.Handler.dispatchMessage(Handler.java:102)
W/BroadcastQueue(  377): 	at android.os.Looper.loop(Looper.java:137)
W/BroadcastQueue(  377): 	at com.android.server.am.ActivityManagerService$AThread.run(ActivityManagerService.java:1848)
D/MobileDataStateTracker(  377): default: Received state=CONNECTING, old=DISCONNECTED, reason=simLoaded
D/MobileDataStateTracker(  377): default: setDetailed state, old =IDLE and new state=CONNECTING
D/MobileDataStateTracker(  377): fota: Broadcast received: android.intent.action.ANY_DATA_STATE apnType=fota
D/MobileDataStateTracker(  377): fota: Received state=DISCONNECTED, old=DISCONNECTED, reason=simLoaded
D/MobileDataStateTracker(  377): ia: Broadcast received: android.intent.action.ANY_DATA_STATE apnType=ia
D/MobileDataStateTracker(  377): ia: Received state=DISCONNECTED, old=DISCONNECTED, reason=simLoaded
D/MobileDataStateTracker(  377): supl: Broadcast received: android.intent.action.ANY_DATA_STATE apnType=supl
D/MobileDataStateTracker(  377): supl: Received state=DISCONNECTED, old=DISCONNECTED, reason=simLoaded
D/MobileDataStateTracker(  377): hipri: Broadcast received: android.intent.action.ANY_DATA_STATE apnType=hipri
D/MobileDataStateTracker(  377): hipri: Received state=DISCONNECTED, old=DISCONNECTED, reason=simLoaded
D/MobileDataStateTracker(  377): ims: Broadcast received: android.intent.action.ANY_DATA_STATE apnType=ims
D/MobileDataStateTracker(  377): ims: Received state=DISCONNECTED, old=DISCONNECTED, reason=simLoaded
D/MobileDataStateTracker(  377): mms: Broadcast received: android.intent.action.ANY_DATA_STATE apnType=mms
D/MobileDataStateTracker(  377): mms: Received state=DISCONNECTED, old=DISCONNECTED, reason=simLoaded
D/MobileDataStateTracker(  377): cbs: Broadcast received: android.intent.action.ANY_DATA_STATE apnType=cbs
D/MobileDataStateTracker(  377): cbs: Received state=DISCONNECTED, old=DISCONNECTED, reason=simLoaded
D/MobileDataStateTracker(  377): default: Broadcast received: android.intent.action.ANY_DATA_STATE apnType=default
D/MobileDataStateTracker(  377): default: Received state=CONNECTED, old=CONNECTING, reason=connected
D/MobileDataStateTracker(  377): default: setDetailed state, old =CONNECTING and new state=CONNECTED
D/ConnectivityService(  377): ConnectivityChange for mobile: CONNECTED/CONNECTED
D/ConnectivityService(  377): ConnectivityChange checkMobileProvisioning for TYPE_MOBILE or ProvisioningNetwork
D/ConnectivityService(  377): checkMobileProvisioning: E suggestedTimeOutMs=60000
D/ConnectivityService(  377): setProvNotificationVisible: E visible=false networkType=5 extraInfo=null url=null
D/ConnectivityService(  377): checkMobileProvisioning: params={ url=http://clients3.google.com/generate_204 mTimeOutMs=60000 mCb=com.android.server.ConnectivityService$5@95f8ff30}
D/ConnectivityService(  377): checkMobileProvisioning: X
W/InputDispatcher(  377): channel '95fd8570 StatusBar (server)' ~ Consumer closed input channel or an error occurred.  events=0x9
E/InputDispatcher(  377): channel '95fd8570 StatusBar (server)' ~ Channel is unrecoverably broken and will be disposed!
W/InputDispatcher(  377): channel '95fd04d8 Keyguard (server)' ~ Consumer closed input channel or an error occurred.  events=0x9
E/InputDispatcher(  377): channel '95fd04d8 Keyguard (server)' ~ Channel is unrecoverably broken and will be disposed!
W/InputDispatcher(  377): Attempted to unregister already unregistered input channel '95fd04d8 Keyguard (server)'
V/WindowManager(  377): Removing keyguard window (Did it crash?)
I/WindowState(  377): WIN DEATH: Window{95fd04d8 u0 Keyguard}
W/ActivityManager(  377): Scheduling restart of crashed service com.android.systemui/.ImageWallpaper in 0ms
W/ActivityManager(  377): Scheduling restart of crashed service com.android.keyguard/.KeyguardService in 0ms
W/ActivityManager(  377): Scheduling restart of crashed service com.android.systemui/.SystemUIService in 0ms
D/dalvikvm(   52): GC_EXPLICIT freed 37K, 5% free 2710K/2824K, paused 2ms+2ms, total 27ms
I/ActivityManager(  377): Start proc com.android.systemui for restart com.android.systemui: pid=719 uid=10007 gids={50007, 1028, 1015, 1035, 3002, 3001}
D/dalvikvm(   52): GC_EXPLICIT freed <1K, 5% free 2711K/2824K, paused 27ms+2ms, total 57ms
V/KeyguardServiceDelegate(  377): *** Keyguard disconnected (boo!)
I/StatusBarManagerService(  377): binder died for pkg=com.android.keyguard
W/WallpaperService(  377): Wallpaper service gone: ComponentInfo{com.android.systemui/com.android.systemui.ImageWallpaper}
W/WallpaperService(  377): Reverting to built-in wallpaper!
D/dalvikvm(   52): GC_EXPLICIT freed <1K, 5% free 2711K/2824K, paused 2ms+2ms, total 42ms
W/InputDispatcher(  377): Attempted to unregister already unregistered input channel '95fd8570 StatusBar (server)'
I/WindowState(  377): WIN DEATH: Window{95fd8570 u0 StatusBar}
I/Choreographer(  377): Skipped 48 frames!  The application may be doing too much work on its main thread.
I/Choreographer(  377): Skipped 62 frames!  The application may be doing too much work on its main thread.
D/Nat464Xlat(  377): requiresClat: netType=0, hasIPv4Address=true
D/MobileDataStateTracker(  377): default: setPolicyDataEnable(enabled=true)
D/dalvikvm(  377): GC_CONCURRENT freed 557K, 25% free 5859K/7768K, paused 161ms+94ms, total 731ms
V/KeyguardService(  719): onCreate()
D/SystemUIService(  719): loading: class com.android.systemui.recent.Recents
D/SystemUIService(  719): running: com.android.systemui.recent.Recents@95d33b28
D/SystemUIService(  719): loading: class com.android.systemui.statusbar.SystemBars
D/SystemUIService(  719): running: com.android.systemui.statusbar.SystemBars@95d34110
D/SystemUIService(  719): loading: class com.android.systemui.usb.StorageNotification
D/SystemUIService(  719): running: com.android.systemui.usb.StorageNotification@95d35ed0
D/SystemUIService(  719): loading: class com.android.systemui.power.PowerUI
D/SystemUIService(  719): running: com.android.systemui.power.PowerUI@95d37538
D/SystemUIService(  719): loading: class com.android.systemui.media.RingtonePlayer
D/SystemUIService(  719): running: com.android.systemui.media.RingtonePlayer@95d38678
D/SystemUIService(  719): loading: class com.android.systemui.settings.SettingsUI
D/SystemUIService(  719): running: com.android.systemui.settings.SettingsUI@95d399c0
E/NetdConnector(  377): NDC Command {12 bandwidth setiquota eth0 9223372036854775807} took too long (1521ms)
D/MobileDataStateTracker(  377): default: setPolicyDataEnable(enabled=true)
D/dalvikvm(  719): GC_FOR_ALLOC freed 155K, 8% free 2785K/3016K, paused 183ms, total 184ms
I/dalvikvm-heap(  719): Grow heap (frag case) to 5.719MB for 3072016-byte allocation
D/dalvikvm(  719): GC_CONCURRENT freed 1K, 4% free 5784K/6020K, paused 10ms+2ms, total 42ms
I/Choreographer(  599): Skipped 3608 frames!  The application may be doing too much work on its main thread.
D/dalvikvm(  719): GC_FOR_ALLOC freed <1K, 4% free 5784K/6020K, paused 42ms, total 42ms
I/dalvikvm-heap(  719): Grow heap (frag case) to 6.798MB for 1132816-byte allocation
D/dalvikvm(  719): GC_CONCURRENT freed 0K, 4% free 6890K/7128K, paused 4ms+35ms, total 52ms
D/dalvikvm(  719): WAIT_FOR_CONCURRENT_GC blocked 46ms
D/gralloc_goldfish(  719): Emulator without GPU emulation detected.
D/gralloc_goldfish(  599): Emulator without GPU emulation detected.
I/SurfaceFlinger(   51): Boot is finished (81124 ms)
D/dalvikvm(  599): GC_FOR_ALLOC freed 166K, 9% free 3964K/4328K, paused 115ms, total 125ms
I/dalvikvm-heap(  599): Grow heap (frag case) to 4.527MB for 614416-byte allocation
I/StatusBarManagerService(  377): registerStatusBar bar=com.android.internal.statusbar.IStatusBar$Stub$Proxy@95f3fec0
D/PhoneStatusBar(  719): mSettingsPanelGravity = 55
D/dalvikvm(  599): GC_CONCURRENT freed 13K, 8% free 4550K/4932K, paused 27ms+22ms, total 95ms
D/dalvikvm(  599): WAIT_FOR_CONCURRENT_GC blocked 68ms
D/dalvikvm(  599): GC_FOR_ALLOC freed <1K, 8% free 4551K/4932K, paused 21ms, total 21ms
I/dalvikvm-heap(  599): Grow heap (frag case) to 5.100MB for 614416-byte allocation
D/dalvikvm(  599): GC_CONCURRENT freed 0K, 7% free 5151K/5536K, paused 4ms+2ms, total 30ms
D/dalvikvm(  599): WAIT_FOR_CONCURRENT_GC blocked 20ms
I/dalvikvm(  650): Wrote stack traces to '/data/anr/traces.txt'
I/ActivityManager(  377): Displayed com.android.launcher/com.android.launcher2.Launcher: +23s875ms
D/MobileDataStateTracker(  377): default: isProvisioningNetwork: retVal=false
D/ConnectivityService(  377): [CheckMp] isMobileOk: isDefaultProvisioning=false
E/BluetoothAdapter(  719): Bluetooth binder is null
E/BluetoothAdapter(  719): Bluetooth binder is null
E/BluetoothAdapter(  719): Bluetooth binder is null
E/BluetoothAdapter(  719): Bluetooth binder is null
D/MobileDataStateTracker(  377): hipri: isProvisioningNetwork: retVal=false
D/ConnectivityService(  377): [CheckMp] isMobileOk: isHipriProvisioning=false
D/ConnectivityService(  377): [CheckMp] isMobileOk: start hipri url=http://clients3.google.com/generate_204
D/ConnectivityService(  377): startUsingNetworkFeature reconnecting to 0: enableHIPRI
D/ConnectivityService(  377): startUsingNetworkFeature X: return APN_REQUEST_STARTED
D/ConnectivityService(  377): [CheckMp] isMobileOk: hipri started
D/ConnectivityService(  377): [CheckMp] isMobileOk: not connected ni=NetworkInfo: type: mobile_hipri[LTE], state: DISCONNECTED/IDLE, reason: (unspecified), extra: (none), roaming: false, failover: false, isAvailable: true, isConnectedToProvisioningNetwork: false
D/PhoneStatusBar(  719): disable: < EXPAND* icons alerts ticker system_info BACK* HOME* RECENT* clock SEARCH* >
E/BluetoothAdapter(  719): Bluetooth binder is null
D/PhoneStatusBar(  719): heads up is disabled
I/Choreographer(  719): Skipped 481 frames!  The application may be doing too much work on its main thread.
D/dalvikvm(  599): GC_FOR_ALLOC freed 1238K, 29% free 4002K/5592K, paused 77ms, total 78ms
I/dalvikvm-heap(  599): Grow heap (frag case) to 4.534MB for 582416-byte allocation
I/Choreographer(  719): Skipped 262 frames!  The application may be doing too much work on its main thread.
D/dalvikvm(  599): GC_CONCURRENT freed <1K, 19% free 4570K/5592K, paused 3ms+2ms, total 45ms
D/dalvikvm(  599): WAIT_FOR_CONCURRENT_GC blocked 40ms
I/Choreographer(  719): Skipped 39 frames!  The application may be doing too much work on its main thread.
D/dalvikvm(  599): GC_CONCURRENT freed <1K, 9% free 5139K/5592K, paused 3ms+1ms, total 54ms
D/ConnectivityService(  377): [CheckMp] isMobileOk: not connected ni=NetworkInfo: type: mobile_hipri[LTE], state: DISCONNECTED/IDLE, reason: (unspecified), extra: (none), roaming: false, failover: false, isAvailable: true, isConnectedToProvisioningNetwork: false
I/Choreographer(  377): Skipped 37 frames!  The application may be doing too much work on its main thread.
I/Choreographer(  377): Skipped 37 frames!  The application may be doing too much work on its main thread.
I/Choreographer(  377): Skipped 49 frames!  The application may be doing too much work on its main thread.
I/Choreographer(  377): Skipped 37 frames!  The application may be doing too much work on its main thread.
I/Choreographer(  599): Skipped 59 frames!  The application may be doing too much work on its main thread.
I/Choreographer(  377): Skipped 37 frames!  The application may be doing too much work on its main thread.
I/Choreographer(  599): Skipped 33 frames!  The application may be doing too much work on its main thread.
I/Choreographer(  719): Skipped 291 frames!  The application may be doing too much work on its main thread.
I/FusedLocation(  377): engine stopped (com.android.location.fused)
I/FusedLocation(  377): engine started (com.android.location.fused)
V/KeyguardServiceDelegate(  377): *** Keyguard connected (yay!)
D/Tethering(  377): MasterInitialState.processMessage what=3
D/CaptivePortalTracker(  377): NoActiveNetworkState{ what=1 when=-1ms obj=NetworkInfo: type: mobile[LTE], state: CONNECTED/CONNECTED, reason: connected, extra: epc.tmobile.com, roaming: false, failover: false, isAvailable: true, isConnectedToProvisioningNetwork: false }
D/CaptivePortalTracker(  377): NoActiveNetworkState not a wifi connectivity change, ignore
D/MobileDataStateTracker(  377): hipri: Broadcast received: android.intent.action.ANY_DATA_STATE apnType=hipri
D/MobileDataStateTracker(  377): hipri: Received state=CONNECTING, old=DISCONNECTED, reason=dataEnabled
D/MobileDataStateTracker(  377): hipri: setDetailed state, old =IDLE and new state=CONNECTING
D/MobileDataStateTracker(  377): fota: Broadcast received: android.intent.action.ANY_DATA_STATE apnType=fota
D/MobileDataStateTracker(  377): fota: Received state=DISCONNECTED, old=DISCONNECTED, reason=dataEnabled
D/MobileDataStateTracker(  377): ia: Broadcast received: android.intent.action.ANY_DATA_STATE apnType=ia
D/MobileDataStateTracker(  377): ia: Received state=DISCONNECTED, old=DISCONNECTED, reason=dataEnabled
D/MobileDataStateTracker(  377): supl: Broadcast received: android.intent.action.ANY_DATA_STATE apnType=supl
D/MobileDataStateTracker(  377): supl: Received state=DISCONNECTED, old=DISCONNECTED, reason=dataEnabled
D/MobileDataStateTracker(  377): ims: Broadcast received: android.intent.action.ANY_DATA_STATE apnType=ims
D/MobileDataStateTracker(  377): ims: Received state=DISCONNECTED, old=DISCONNECTED, reason=dataEnabled
D/MobileDataStateTracker(  377): mms: Broadcast received: android.intent.action.ANY_DATA_STATE apnType=mms
D/MobileDataStateTracker(  377): mms: Received state=DISCONNECTED, old=DISCONNECTED, reason=dataEnabled
D/MobileDataStateTracker(  377): cbs: Broadcast received: android.intent.action.ANY_DATA_STATE apnType=cbs
I/FusedLocation(  377): engine started (com.android.location.fused)
D/MobileDataStateTracker(  377): cbs: Received state=DISCONNECTED, old=DISCONNECTED, reason=dataEnabled
D/MobileDataStateTracker(  377): hipri: Broadcast received: android.intent.action.ANY_DATA_STATE apnType=hipri
D/MobileDataStateTracker(  377): hipri: Received state=CONNECTED, old=CONNECTING, reason=dataEnabled
D/MobileDataStateTracker(  377): hipri: setDetailed state, old =CONNECTING and new state=CONNECTED
D/ConnectivityService(  377): ConnectivityChange for mobile_hipri: CONNECTED/CONNECTED
D/dalvikvm(  719): GC_CONCURRENT freed 4582K, 56% free 3744K/8344K, paused 4ms+2ms, total 204ms
D/dalvikvm(  719): GC_CONCURRENT freed 216K, 53% free 3921K/8344K, paused 4ms+23ms, total 72ms
D/Nat464Xlat(  377): requiresClat: netType=5, hasIPv4Address=true
D/MobileDataStateTracker(  377): default: setPolicyDataEnable(enabled=true)
W/NetworkPolicy(  377): shared quota unsupported; generating rule for each iface
D/dalvikvm(  377): GC_CONCURRENT freed 1120K, 19% free 5530K/6776K, paused 42ms+15ms, total 408ms
D/dalvikvm(  377): WAIT_FOR_CONCURRENT_GC blocked 47ms
D/dalvikvm(  719): GC_CONCURRENT freed 337K, 52% free 4074K/8344K, paused 13ms+3ms, total 151ms
D/MobileDataStateTracker(  377): hipri: isProvisioningNetwork: retVal=false
D/ConnectivityService(  377): [CheckMp] isMobileOk: isProvisioningNetwork is false, continue
E/NetdConnector(  377): NDC Command {29 bandwidth removeiquota eth0} took too long (652ms)
D/dalvikvm(  719): GC_CONCURRENT freed 566K, 52% free 4016K/8344K, paused 4ms+13ms, total 134ms
D/dalvikvm(  719): WAIT_FOR_CONCURRENT_GC blocked 21ms
I/Choreographer(  719): Skipped 1456 frames!  The application may be doing too much work on its main thread.
E/NetdConnector(  377): NDC Command {30 bandwidth gettetherstats} took too long (881ms)
V/KeyguardHostView(  719): music state changed: 0
D/dalvikvm(  719): GC_CONCURRENT freed 488K, 53% free 3978K/8344K, paused 5ms+3ms, total 180ms
D/dalvikvm(  377): GC_CONCURRENT freed 664K, 19% free 5521K/6776K, paused 6ms+6ms, total 353ms
D/ConnectivityService(  377): [CheckMp] isMobileOk: addresses=clients3.google.com/172.217.17.110
D/ConnectivityService(  377): [CheckMp] isMobileOk: linkHasIpv4=true linkHasIpv6=false
D/dalvikvm(  719): GC_CONCURRENT freed 450K, 53% free 3972K/8344K, paused 4ms+3ms, total 119ms
E/NetdConnector(  377): NDC Command {31 bandwidth setiquota eth0 9223372036854775807} took too long (1894ms)
D/Tethering(  377): MasterInitialState.processMessage what=3
D/CaptivePortalTracker(  377): NoActiveNetworkState{ what=1 when=-16ms obj=NetworkInfo: type: mobile_hipri[LTE], state: CONNECTED/CONNECTED, reason: dataEnabled, extra: epc.tmobile.com, roaming: false, failover: false, isAvailable: true, isConnectedToProvisioningNetwork: false }
D/CaptivePortalTracker(  377): NoActiveNetworkState not a wifi connectivity change, ignore
E/NetdConnector(  377): NDC Command {33 bandwidth removeiquota eth0} took too long (829ms)
D/PhoneStatusBar(  719): disable: < expand* icons alerts ticker system_info BACK HOME RECENT clock SEARCH >
D/dalvikvm(  377): GC_CONCURRENT freed 549K, 18% free 5557K/6776K, paused 3ms+4ms, total 218ms
E/NetdConnector(  377): NDC Command {32 interface route add eth0 default 10.0.2.2 32 0.0.0.0} took too long (1708ms)
I/Choreographer(  719): Skipped 1396 frames!  The application may be doing too much work on its main thread.
I/Choreographer(  377): Skipped 50 frames!  The application may be doing too much work on its main thread.
I/Choreographer(  377): Skipped 55 frames!  The application may be doing too much work on its main thread.
V/KeyguardServiceDelegate(  377): **** SHOWN CALLED ****
I/Choreographer(  377): Skipped 61 frames!  The application may be doing too much work on its main thread.
D/PhoneStatusBar(  719): disable: < expand icons alerts ticker system_info BACK HOME RECENT CLOCK* SEARCH >
D/dalvikvm(  719): GC_CONCURRENT freed 203K, 51% free 4166K/8344K, paused 17ms+3ms, total 325ms
E/NetdConnector(  377): NDC Command {34 bandwidth setiquota eth0 9223372036854775807} took too long (1780ms)
D/MobileDataStateTracker(  377): default: setPolicyDataEnable(enabled=true)
E/NetdConnector(  377): NDC Command {35 interface route add eth0 default 172.217.17.110 32 10.0.2.2} took too long (1528ms)
I/Choreographer(  719): Skipped 742 frames!  The application may be doing too much work on its main thread.
D/ConnectivityService(  377): requestRouteToHostAddress ok=true
D/ConnectivityService(  377): [CheckMp] isMobileOk: wait to establish route to hostAddr=clients3.google.com/172.217.17.110
I/Choreographer(  719): Skipped 332 frames!  The application may be doing too much work on its main thread.
I/Choreographer(  719): Skipped 53 frames!  The application may be doing too much work on its main thread.
D/MediaScannerReceiver(  511): action: android.intent.action.MEDIA_MOUNTED path: /storage/sdcard
I/Choreographer(  719): Skipped 52 frames!  The application may be doing too much work on its main thread.
I/Choreographer(  719): Skipped 43 frames!  The application may be doing too much work on its main thread.
I/Choreographer(  719): Skipped 36 frames!  The application may be doing too much work on its main thread.
I/Choreographer(  719): Skipped 51 frames!  The application may be doing too much work on its main thread.
I/Choreographer(  719): Skipped 38 frames!  The application may be doing too much work on its main thread.
I/Choreographer(  719): Skipped 38 frames!  The application may be doing too much work on its main thread.
I/ActivityManager(  377): Start proc com.android.settings for broadcast com.android.settings/.widget.SettingsAppWidgetProvider: pid=837 uid=1000 gids={41000, 1028, 1015, 3002, 3001, 3003}
D/MediaProvider(  511): object removed 113
I/ContactLocale(  650): AddressBook Labels [en_US]: [, A, B, C, D, E, F, G, H, I, J, K, L, M, N, O, P, Q, R, S, T, U, V, W, X, Y, Z, , , , , , , , , , , , , , , , , , , , , , , , , , , , , , , , , , , , , , , , , , , , , , , , , , , , , , , , , , , , , , , , , , , , , , , , , , , , , , , , , , , , , , , , , , , , , , , , , , , , , , , , , , , , , , , , , , , , , , , , , , , , , , , , , , , , , , , , , , , , , , , , , , , , , , , , , , , , , , , , , , , , , , , , , , , , , , , , , , , , , , #, ]
D/dalvikvm(  511): GC_CONCURRENT freed 201K, 9% free 2900K/3176K, paused 5ms+136ms, total 196ms
D/dalvikvm(  599): GC_CONCURRENT freed 1118K, 21% free 4710K/5912K, paused 4ms+3ms, total 37ms
D/GpsLocationProvider(  377): NTP server returned: 1498086806640 (Wed Jun 21 19:13:26 EDT 2017) reference: 83433 certainty: 62 system time offset: -14325
I/dalvikvm(  623): Wrote stack traces to '/data/anr/traces.txt'
V/MediaScanner(  511): pruneDeadThumbnailFiles... android.database.sqlite.SQLiteCursor@95d75298
V/MediaScanner(  511): /pruneDeadThumbnailFiles... android.database.sqlite.SQLiteCursor@95d75298
D/ConnectivityService(  377): [CheckMp] isMobileOk: newUrl=http://172.217.17.110/generate_204?q=680244827
W/ActivityThread(  377): ClassLoader.loadClass: The class loader returned by Thread.getContextClassLoader() may fail for processes that host multiple applications. You should explicitly specify a context class loader. For example: Thread.setContextClassLoader(getClass().getClassLoader());
E/BluetoothAdapter(  837): Bluetooth binder is null
I/ActivityManager(  377): Start proc com.android.music for broadcast com.android.music/.MediaButtonIntentReceiver: pid=855 uid=10036 gids={50036, 3003, 1028, 1015}
I/dalvikvm(  855): CheckJNI enabled: not enabling JNI app bug workarounds.
W/Binder  (  719): Binder call failed.
W/Binder  (  719): android.os.DeadObjectException
W/Binder  (  719): 	at android.os.BinderProxy.transact(Native Method)
W/Binder  (  719): 	at android.content.IIntentReceiver$Stub$Proxy.performReceive(IIntentReceiver.java:124)
W/Binder  (  719): 	at android.app.ActivityThread$ApplicationThread.scheduleRegisteredReceiver(ActivityThread.java:823)
W/Binder  (  719): 	at android.app.ApplicationThreadNative.onTransact(ApplicationThreadNative.java:394)
W/Binder  (  719): 	at android.os.Binder.execTransact(Binder.java:404)
W/Binder  (  719): 	at dalvik.system.NativeStart.run(Native Method)
E/JavaBinder(  719): *** Uncaught remote exception!  (Exceptions are not yet supported across processes.)
E/JavaBinder(  719): java.lang.RuntimeException: android.os.DeadObjectException
E/JavaBinder(  719): 	at android.os.Parcel.writeException(Parcel.java:1362)
E/JavaBinder(  719): 	at android.os.Binder.execTransact(Binder.java:410)
E/JavaBinder(  719): 	at dalvik.system.NativeStart.run(Native Method)
E/JavaBinder(  719): Caused by: android.os.DeadObjectException
E/JavaBinder(  719): 	at android.os.BinderProxy.transact(Native Method)
E/JavaBinder(  719): 	at android.content.IIntentReceiver$Stub$Proxy.performReceive(IIntentReceiver.java:124)
E/JavaBinder(  719): 	at android.app.ActivityThread$ApplicationThread.scheduleRegisteredReceiver(ActivityThread.java:823)
E/JavaBinder(  719): 	at android.app.ApplicationThreadNative.onTransact(ApplicationThreadNative.java:394)
E/JavaBinder(  719): 	at android.os.Binder.execTransact(Binder.java:404)
E/JavaBinder(  719): 	... 1 more
I/MediaFocusControl(  377):   Remote Control   registerMediaButtonIntent() for PendingIntent{95de8508: PendingIntentRecord{96051728 com.android.music broadcastIntent}}
V/KeyguardHostView(  719): hide transport, gen:3
V/KeyguardHostView(  719): update widget: transport state changed
D/ConnectivityService(  377): [CheckMp] isMobileOk: headers={null=[HTTP/1.1 204 No Content], Connection=[close], Content-Length=[0], Date=[Wed, 21 Jun 2017 23:13:41 GMT], X-Android-Received-Millis=[1498086821659], X-Android-Response-Source=[NETWORK 204], X-Android-Selected-Transport=[http/1.1], X-Android-Sent-Millis=[1498086821529]}
D/ConnectivityService(  377): [CheckMp] isMobileOk: X expected responseCode=204 result=1
D/ConnectivityService(  377): [CheckMp] isMobileOk: F stop hipri
D/MobileDataStateTracker(  377): default: setEnableFailFastMobileData(enabled=0)
V/KeyguardHostView(  719): hide transport, gen:4
D/ConnectivityService(  377): stopUsingNetworkFeature: teardown net 0: enableHIPRI
D/dalvikvm(  585): GC_CONCURRENT freed 395K, 16% free 3253K/3836K, paused 15ms+3ms, total 51ms
D/MobileDataStateTracker(  377): hipri: Broadcast received: android.intent.action.ANY_DATA_STATE apnType=hipri
D/MobileDataStateTracker(  377): hipri: Received state=DISCONNECTED, old=CONNECTED, reason=dataDisabled
D/MobileDataStateTracker(  377): hipri: setDetailed state, old =CONNECTED and new state=DISCONNECTED
D/ConnectivityService(  377): ConnectivityChange for mobile_hipri: DISCONNECTED/DISCONNECTED
D/dalvikvm(  377): GC_CONCURRENT freed 605K, 15% free 5559K/6516K, paused 15ms+12ms, total 124ms
D/Nat464Xlat(  377): requiresClat: netType=5, hasIPv4Address=true
D/MobileDataStateTracker(  377): default: setPolicyDataEnable(enabled=true)
D/dalvikvm(  377): GC_CONCURRENT freed 611K, 15% free 5553K/6516K, paused 6ms+19ms, total 245ms
D/dalvikvm(  377): GC_CONCURRENT freed 611K, 15% free 5564K/6516K, paused 5ms+14ms, total 149ms
E/NetdConnector(  377): NDC Command {49 bandwidth removeiquota eth0} took too long (658ms)
E/NetdConnector(  377): NDC Command {50 bandwidth gettetherstats} took too long (746ms)
D/dalvikvm(  377): GC_CONCURRENT freed 644K, 15% free 5563K/6516K, paused 5ms+5ms, total 152ms
W/ProcessCpuTracker(  377): Skipping unknown process pid 895
D/dalvikvm(  377): GC_CONCURRENT freed 629K, 15% free 5600K/6516K, paused 5ms+6ms, total 163ms
D/dalvikvm(  377): GC_CONCURRENT freed 676K, 15% free 5563K/6516K, paused 5ms+14ms, total 121ms
E/NetdConnector(  377): NDC Command {51 bandwidth setiquota eth0 9223372036854775807} took too long (1547ms)
D/MobileDataStateTracker(  377): default: setPolicyDataEnable(enabled=true)
D/dalvikvm(  377): GC_CONCURRENT freed 629K, 15% free 5563K/6516K, paused 4ms+5ms, total 120ms
D/Tethering(  377): MasterInitialState.processMessage what=3
D/CaptivePortalTracker(  377): NoActiveNetworkState{ what=1 when=-2ms obj=NetworkInfo: type: mobile_hipri[LTE], state: DISCONNECTED/DISCONNECTED, reason: dataDisabled, extra: epc.tmobile.com, roaming: false, failover: false, isAvailable: true, isConnectedToProvisioningNetwork: false }
D/CaptivePortalTracker(  377): NoActiveNetworkState not a wifi connectivity change, ignore
D/Tethering(  377): MasterInitialState.processMessage what=3
D/CaptivePortalTracker(  377): NoActiveNetworkState{ what=1 when=0 obj=NetworkInfo: type: mobile[LTE], state: CONNECTED/CONNECTED, reason: connected, extra: epc.tmobile.com, roaming: false, failover: false, isAvailable: true, isConnectedToProvisioningNetwork: false }
D/CaptivePortalTracker(  377): NoActiveNetworkState not a wifi connectivity change, ignore
E/NetdConnector(  377): NDC Command {52 bandwidth removeiquota eth0} took too long (748ms)
D/dalvikvm(  377): GC_CONCURRENT freed 623K, 15% free 5569K/6516K, paused 5ms+6ms, total 132ms
D/dalvikvm(  377): GC_CONCURRENT freed 633K, 15% free 5565K/6516K, paused 15ms+17ms, total 134ms
D/ConnectivityService(  377): [CheckMp] isMobileOk: X result=1
D/ConnectivityService(  377): [CheckMp] onPostExecute: result=1
D/ConnectivityService(  377): CheckMp.onComplete: result=1
D/ConnectivityService(  377): CheckMp.onComplete: ignore, connected or no connection
E/NetdConnector(  377): NDC Command {53 bandwidth setiquota eth0 9223372036854775807} took too long (1141ms)
D/MobileDataStateTracker(  377): default: setPolicyDataEnable(enabled=true)
D/MobileDataStateTracker(  377): default: setPolicyDataEnable(enabled=true)
I/ActivityManager(  377): Waited long enough for: ServiceRecord{95f8b940 u0 com.android.music/.MediaPlaybackService}
I/Choreographer(  719): Skipped 30 frames!  The application may be doing too much work on its main thread.
W/BroadcastQueue(  377): Timeout of broadcast BroadcastRecord{96027cf8 u0 android.intent.action.BOOT_COMPLETED} - receiver=android.os.BinderProxy@95f65a98, started 60014ms ago
W/BroadcastQueue(  377): Receiver during timeout: BroadcastFilter{95f6b660 u0 ReceiverList{95eed1b8 474 com.android.systemui/10007/u0 remote:95f65a98}}
I/ActivityManager(  377): Start proc com.android.dialer for broadcast com.android.dialer/.calllog.CallLogReceiver: pid=934 uid=10004 gids={50004, 3003, 1028, 1015}
D/ExtensionsFactory(  934): No custom extensions.
E/BluetoothAdapter(  377): Bluetooth binder is null
E/BluetoothAdapter(  377): Bluetooth binder is null
V/WiredAccessoryManager(  377): init()
I/RecoverySystem(  377): No recovery log file
I/ActivityManager(  377): Start proc com.android.providers.calendar for broadcast com.android.providers.calendar/.CalendarReceiver: pid=953 uid=10001 gids={50001, 3003, 1028, 1015}
I/BootReceiver(  377): Copying audit failures to DropBox
I/BootReceiver(  377): Checking for fsck errors
D/dalvikvm(  377): GC_CONCURRENT freed 655K, 13% free 5594K/6388K, paused 6ms+4ms, total 235ms
D/dalvikvm(  377): WAIT_FOR_CONCURRENT_GC blocked 111ms
I/dalvikvm-heap(  377): Grow heap (frag case) to 5.635MB for 98320-byte allocation
D/dalvikvm(  377): GC_FOR_ALLOC freed 3K, 13% free 5686K/6488K, paused 114ms, total 114ms
I/PowerManagerService(  377): Boot animation finished.
I/MediaFocusControl(  377):  AudioFocus  abandonAudioFocus() from android.media.AudioManager@95d12d38com.android.music.MediaPlaybackService$3@95d11bb8
I/ActivityManager(  377): Start proc com.android.mms for broadcast com.android.mms/.transaction.MmsSystemEventReceiver: pid=999 uid=10009 gids={50009, 3003, 1028, 1015}
D/CountryDetector(  377): The first listener is added
V/MmsConfig(  999): mnc/mcc: 310260
V/MmsConfig(  999): tag: bool value: enabledMMS - true
V/MmsConfig(  999): tag: int value: maxMessageSize - 307200
V/MmsConfig(  999): tag: int value: maxImageHeight - 480
V/MmsConfig(  999): tag: int value: maxImageWidth - 640
V/MmsConfig(  999): tag: int value: defaultSMSMessagesPerThread - 10000
V/MmsConfig(  999): tag: int value: defaultMMSMessagesPerThread - 1000
V/MmsConfig(  999): tag: int value: minMessageCountPerThread - 10
V/MmsConfig(  999): tag: int value: maxMessageCountPerThread - 5000
V/MmsConfig(  999): tag: string value: uaProfUrl - http://www.google.com/oha/rdf/ua-profile-kila.xml
V/MmsConfig(  999): tag: int value: recipientLimit - -1
V/MmsConfig(  999): tag: bool value: enableMultipartSMS - true
V/MmsConfig(  999): tag: int value: smsToMmsTextThreshold - -1
V/MmsConfig(  999): tag: bool value: enableSlideDuration - true
V/MmsConfig(  999): tag: int value: maxMessageTextSize - -1
I/ActivityManager(  377): Delay finish: com.android.mms/.transaction.MmsSystemEventReceiver
I/CalendarProvider2(  953): Sending notification intent: Intent { act=android.intent.action.PROVIDER_CHANGED dat=content://com.android.calendar }
W/ContentResolver(  953): Failed to get type for: content://com.android.calendar (Unknown URL content://com.android.calendar)
I/ActivityManager(  377): Resuming delayed broadcast
I/ActivityManager(  377): Delay finish: com.android.mms/.transaction.SmsReceiver
D/dalvikvm(  511): GC_CONCURRENT freed 287K, 11% free 3002K/3364K, paused 41ms+85ms, total 237ms
D/Mms:app (  999): cancelNotification
D/MmsSmsDatabaseHelper(  585): [MmsSmsDb] tableName: threads hasAutoIncrement: CREATE TABLE threads (_id INTEGER PRIMARY KEY AUTOINCREMENT,date INTEGER DEFAULT 0,message_count INTEGER DEFAULT 0,recipient_ids TEXT,snippet TEXT,snippet_cs INTEGER DEFAULT 0,read INTEGER DEFAULT 1,type INTEGER DEFAULT 0,error INTEGER DEFAULT 0,has_attachment INTEGER DEFAULT 0) result: true
D/MmsSmsDatabaseHelper(  585): [MmsSmsDb] tableName: canonical_addresses hasAutoIncrement: CREATE TABLE canonical_addresses (_id INTEGER PRIMARY KEY AUTOINCREMENT,address TEXT) result: true
D/MmsSmsDatabaseHelper(  585): [MmsSmsDb] tableName: part hasAutoIncrement: CREATE TABLE part (_id INTEGER PRIMARY KEY AUTOINCREMENT,mid INTEGER,seq INTEGER DEFAULT 0,ct TEXT,name TEXT,chset INTEGER,cd TEXT,fn TEXT,cid TEXT,cl TEXT,ctt_s INTEGER,ctt_t TEXT,_data TEXT,text TEXT) result: true
D/MmsSmsDatabaseHelper(  585): [MmsSmsDb] tableName: pdu hasAutoIncrement: CREATE TABLE pdu (_id INTEGER PRIMARY KEY AUTOINCREMENT,thread_id INTEGER,date INTEGER,date_sent INTEGER DEFAULT 0,msg_box INTEGER,read INTEGER DEFAULT 0,m_id TEXT,sub TEXT,sub_cs INTEGER,ct_t TEXT,ct_l TEXT,exp INTEGER,m_cls TEXT,m_type INTEGER,v INTEGER,m_size INTEGER,pri INTEGER,rr INTEGER,rpt_a INTEGER,resp_st INTEGER,st INTEGER,tr_id TEXT,retr_st INTEGER,retr_txt TEXT,retr_txt_cs INTEGER,read_status INTEGER,ct_cls INTEGER,resp_txt TEXT,d_tm INTEGER,d_rpt INTEGER,locked INTEGER DEFAULT 0,seen INTEGER DEFAULT 0,text_only INTEGER DEFAULT 0) result: true
D/MmsSmsDatabaseHelper(  585): [getWritableDatabase] hasAutoIncrementThreads: true hasAutoIncrementAddresses: true hasAutoIncrementPart: true hasAutoIncrementPdu: true
I/ActivityManager(  377): Resuming delayed broadcast
I/ActivityManager(  377): Start proc com.android.onetimeinitializer for broadcast com.android.onetimeinitializer/.OneTimeInitializerReceiver: pid=1026 uid=10011 gids={50011}
D/Mms:app (  999): cancelNotification
D/dalvikvm(  511): GC_CONCURRENT freed 346K, 13% free 3044K/3464K, paused 6ms+2ms, total 45ms
D/dalvikvm(  999): GC_CONCURRENT freed 251K, 11% free 2857K/3188K, paused 494ms+9ms, total 552ms
V/OneTimeInitializerRece( 1026): OneTimeInitializerReceiver.onReceive
D/dalvikvm(  511): GC_CONCURRENT freed 390K, 14% free 3042K/3508K, paused 5ms+13ms, total 73ms
I/ActivityManager(  377): Start proc com.android.voicedialer for broadcast com.android.voicedialer/.VoiceDialerReceiver: pid=1039 uid=10014 gids={50014, 3002}
I/ActivityManager(  377): Start proc com.android.calendar for broadcast com.android.calendar/.alerts.AlertReceiver: pid=1054 uid=10020 gids={50020, 3003}
D/ExtensionsFactory( 1054): No custom extensions.
D/AlertReceiver( 1054): onReceive: a=android.intent.action.BOOT_COMPLETED Intent { act=android.intent.action.BOOT_COMPLETED flg=0x8000010 cmp=com.android.calendar/.alerts.AlertReceiver (has extras) }
I/ActivityManager(  377): Start proc com.android.deskclock for broadcast com.android.deskclock/.AlarmInitReceiver: pid=1072 uid=10023 gids={50023, 1028}
D/AlertService( 1054): 0 Action = android.intent.action.BOOT_COMPLETED
D/AlertService( 1054): Scheduling next alarm with AlarmScheduler. sEventReminderReceived: null
D/AlarmScheduler( 1054): No events found starting within 1 week.
V/MediaScanner(  511): pruneDeadThumbnailFiles... android.database.sqlite.SQLiteCursor@95d62608
V/MediaScanner(  511): /pruneDeadThumbnailFiles... android.database.sqlite.SQLiteCursor@95d62608
V/AlarmClock( 1072): AlarmInitReceiver android.intent.action.BOOT_COMPLETED
V/AlarmClock( 1072): AlarmInitReceiver - Reset timers and clear stopwatch data
I/AlarmClock( 1072): Displaying next alarm time: ''
V/AlarmClock( 1072): AlarmInitReceiver finished
I/ActivityManager(  377): Start proc com.android.email for broadcast com.android.email/.service.EmailBroadcastReceiver: pid=1091 uid=10026 gids={50026, 3003, 1028, 1015}
D/ActivityThread( 1091): Loading provider com.android.email.provider;com.android.email.notifier: com.android.email.provider.EmailProvider
D/ActivityThread( 1091): Loading provider com.android.email.provider;com.android.email.notifier: com.android.email.provider.EmailProvider
I/LauncherIconVisibilityManager(  571): Boot has been completed
I/LauncherIconVisibilityManager(  571): Activity has already been disabled: ComponentInfo{com.android.inputmethod.latin/com.android.inputmethod.latin.setup.SetupActivity}
E/BluetoothAdapter(  837): Bluetooth binder is null
D/dalvikvm( 1091): GC_CONCURRENT freed 230K, 10% free 2895K/3204K, paused 3ms+1ms, total 159ms
D/dalvikvm(  377): GC_EXPLICIT freed 291K, 13% free 5653K/6484K, paused 18ms+5ms, total 82ms
D/MobileDataStateTracker(  377): default: setPolicyDataEnable(enabled=true)
D/ConnectivityService(  377): Sampling interval elapsed, updating statistics ..
D/ConnectivityService(  377): Done.
D/ConnectivityService(  377): Setting timer for 720seconds
D/        (  377): Setting time of day to sec=1498086894
I/ActivityManager(  377): Start proc com.android.musicfx for broadcast com.android.musicfx/.ControlPanelReceiver: pid=1118 uid=10010 gids={50010, 3003, 3002}
D/dalvikvm(   52): GC_EXPLICIT freed 40K, 5% free 2710K/2828K, paused 3ms+2ms, total 46ms
D/dalvikvm(   52): GC_EXPLICIT freed <1K, 5% free 2711K/2828K, paused 12ms+12ms, total 54ms
D/dalvikvm(   52): GC_EXPLICIT freed <1K, 5% free 2711K/2828K, paused 2ms+2ms, total 42ms
I/Choreographer(  719): Skipped 149 frames!  The application may be doing too much work on its main thread.
V/MusicFXControlPanelReceiver( 1118): onReceive
V/MusicFXControlPanelReceiver( 1118): Action: android.media.action.CLOSE_AUDIO_EFFECT_CONTROL_SESSION
V/MusicFXControlPanelReceiver( 1118): Package name: com.android.music
V/MusicFXControlPanelReceiver( 1118): Audio session: 4
V/MusicFXControlPanelEffect( 1118): closeSession(android.app.ReceiverRestrictedContext@95d174d0, com.android.music, 4)
I/ActivityManager(  377): Delay finish: com.android.mms/.transaction.SmsReceiver
V/SmsReceiverService(  999): onStart: #1 mResultCode: -1 = Activity.RESULT_OK
I/ActivityManager(  377): Delaying start of: ServiceRecord{95f03af8 u0 com.android.exchange/.service.EmailSyncAdapterService}
I/ActivityManager(  377): Start proc com.android.exchange for service com.android.exchange/.service.EmailSyncAdapterService: pid=1133 uid=10027 gids={50027, 3003, 1028, 1015}
W/ActivityManager(  377): Unable to start service Intent { cmp=com.android.email/.service.AttachmentDownloadService } U=0: not found
W/ActivityManager(  377): Unable to start service Intent { cmp=com.android.email/.service.AttachmentDownloadService } U=0: not found
I/Email   ( 1091): Observing account changes for notifications
I/ActivityManager(  377): Resuming delayed broadcast
D/AlertReceiver( 1054): onReceive: a=android.intent.action.PROVIDER_CHANGED Intent { act=android.intent.action.PROVIDER_CHANGED dat=content://com.android.calendar flg=0x10 cmp=com.android.calendar/.alerts.AlertReceiver }
W/ActivityManager(  377): Unable to start service Intent { cmp=com.android.email/.service.AttachmentDownloadService } U=0: not found
I/ActivityManager(  377): Delay finish: com.android.calendar/.alerts.AlertReceiver
D/AlertService( 1054): 0 Action = android.intent.action.PROVIDER_CHANGED
I/ActivityManager(  377): Resuming delayed broadcast
I/ActivityManager(  377): Delay finish: com.android.providers.calendar/.CalendarProviderBroadcastReceiver
I/ActivityManager(  377): Resuming delayed broadcast
V/AlarmClock( 1072): AlarmInitReceiver android.intent.action.TIME_SET
I/AlarmClock( 1072): Displaying next alarm time: ''
V/AlarmClock( 1072): AlarmInitReceiver finished
I/Choreographer(  719): Skipped 33 frames!  The application may be doing too much work on its main thread.
I/GlobalDismissManager( 1054): no sender configured
D/AlertService( 1054): Beginning updateAlertNotification
D/AlertService( 1054): No fired or scheduled alerts
D/AlertService( 1054): Scheduling next alarm with AlarmScheduler. sEventReminderReceived: null
D/dalvikvm( 1054): GC_CONCURRENT freed 290K, 12% free 2808K/3176K, paused 4ms+2ms, total 39ms
E/StrictMode( 1054): A resource was acquired at attached stack trace but never released. See java.io.Closeable for information on avoiding resource leaks.
E/StrictMode( 1054): java.lang.Throwable: Explicit termination method 'close' not called
E/StrictMode( 1054): 	at dalvik.system.CloseGuard.open(CloseGuard.java:184)
E/StrictMode( 1054): 	at android.content.ContentResolver$CursorWrapperInner.<init>(ContentResolver.java:2255)
E/StrictMode( 1054): 	at android.content.ContentResolver.query(ContentResolver.java:485)
E/StrictMode( 1054): 	at android.content.CursorLoader.loadInBackground(CursorLoader.java:65)
E/StrictMode( 1054): 	at android.content.CursorLoader.loadInBackground(CursorLoader.java:43)
E/StrictMode( 1054): 	at android.content.AsyncTaskLoader.onLoadInBackground(AsyncTaskLoader.java:312)
E/StrictMode( 1054): 	at android.content.AsyncTaskLoader$LoadTask.doInBackground(AsyncTaskLoader.java:69)
E/StrictMode( 1054): 	at android.content.AsyncTaskLoader$LoadTask.doInBackground(AsyncTaskLoader.java:57)
E/StrictMode( 1054): 	at android.os.AsyncTask$2.call(AsyncTask.java:288)
E/StrictMode( 1054): 	at java.util.concurrent.FutureTask.run(FutureTask.java:237)
E/StrictMode( 1054): 	at java.util.concurrent.ThreadPoolExecutor.runWorker(ThreadPoolExecutor.java:1112)
E/StrictMode( 1054): 	at java.util.concurrent.ThreadPoolExecutor$Worker.run(ThreadPoolExecutor.java:587)
E/StrictMode( 1054): 	at java.lang.Thread.run(Thread.java:841)
D/AlarmScheduler( 1054): No events found starting within 1 week.
W/CursorWrapperInner( 1054): Cursor finalized without prior close()
I/ActivityManager(  377): Waited long enough for: ServiceRecord{95fd5060 u0 com.android.calendar/.alerts.InitAlarmsService}
D/InitAlarmsService( 1054): Clearing and rescheduling alarms.
I/Choreographer(  719): Skipped 58 frames!  The application may be doing too much work on its main thread.
I/Choreographer(  719): Skipped 66 frames!  The application may be doing too much work on its main thread.
I/Choreographer(  719): Skipped 114 frames!  The application may be doing too much work on its main thread.
I/Choreographer(  719): Skipped 60 frames!  The application may be doing too much work on its main thread.
I/Choreographer(  719): Skipped 100 frames!  The application may be doing too much work on its main thread.
I/Choreographer(  719): Skipped 42 frames!  The application may be doing too much work on its main thread.
I/Choreographer(  719): Skipped 65 frames!  The application may be doing too much work on its main thread.
D/dalvikvm(  585): GC_CONCURRENT freed 333K, 14% free 3308K/3836K, paused 14ms+6ms, total 57ms
I/Choreographer(  719): Skipped 45 frames!  The application may be doing too much work on its main thread.
I/Choreographer(  719): Skipped 38 frames!  The application may be doing too much work on its main thread.
I/Choreographer(  719): Skipped 37 frames!  The application may be doing too much work on its main thread.
I/Choreographer(  719): Skipped 45 frames!  The application may be doing too much work on its main thread.
D/dalvikvm(  719): GC_CONCURRENT freed 379K, 50% free 4176K/8324K, paused 5ms+2ms, total 194ms
D/AndroidRuntime( 1236): 
D/AndroidRuntime( 1236): >>>>>> AndroidRuntime START com.android.internal.os.RuntimeInit <<<<<<
D/AndroidRuntime( 1236): CheckJNI is ON
D/dalvikvm( 1236): Trying to load lib libjavacore.so 0x0
D/dalvikvm( 1236): Added shared lib libjavacore.so 0x0
D/dalvikvm( 1236): Trying to load lib libnativehelper.so 0x0
D/dalvikvm( 1236): Added shared lib libnativehelper.so 0x0
D/dalvikvm( 1236): No JNI_OnLoad found in libnativehelper.so 0x0, skipping init
D/dalvikvm( 1236): Note: class Landroid/app/ActivityManagerNative; has 179 unimplemented (abstract) methods
E/memtrack( 1236): Couldn't load memtrack module (No such file or directory)
E/android.os.Debug( 1236): failed to load memtrack module: -2
D/AndroidRuntime( 1236): Calling main entry com.android.commands.am.Am
I/ActivityManager(  377): START u0 {act=android.intent.action.VIEW dat=about:blank flg=0x10000000 cmp=com.android.browser/.BrowserActivity} from pid 1236
I/Choreographer(  719): Skipped 144 frames!  The application may be doing too much work on its main thread.
I/Choreographer(  719): Skipped 110 frames!  The application may be doing too much work on its main thread.
I/WindowManager(  377): Screenshot max retries 4 of Token{95f86e60 ActivityRecord{95f86be8 u0 com.android.launcher/com.android.launcher2.Launcher t1}} appWin=Window{95fe5170 u0 com.android.launcher/com.android.launcher2.Launcher} drawState=4
W/WindowManager(  377): Screenshot failure taking screenshot for (320x480) to layer 21000
D/AndroidRuntime( 1236): Shutting down VM
D/dalvikvm( 1236): GC_CONCURRENT freed 96K, 15% free 586K/684K, paused 2ms+2ms, total 23ms
I/ActivityManager(  377): Start proc com.android.browser for activity com.android.browser/.BrowserActivity: pid=1247 uid=10018 gids={50018, 3003, 1028, 1015}
D/dalvikvm( 1247): Enabling method tracing for this process (uid: 10018)
I/dalvikvm( 1247): TRACE STARTED: '/sdcard/dmtrace.trace' 8192KB
D/dalvikvm( 1247): +++ active profiler count now 1
