W/PackageManager(  377): Unknown permission com.google.android.googleapps.permission.GOOGLE_AUTH.YouTubeUser in package com.android.development
W/PackageManager(  377): Not granting permission android.permission.DELETE_PACKAGES to package com.svox.pico (protectionLevel=18 flags=0x8be45)
W/PackageManager(  377): Not granting permission android.permission.DEVICE_POWER to package com.android.deskclock (protectionLevel=2 flags=0x48be45)
D/dalvikvm(  377): GC_CONCURRENT freed 299K, 8% free 4636K/5020K, paused 13ms+4ms, total 83ms
I/SystemServer(  377): NetworkStats Service
I/SystemServer(  377): NetworkPolicy Service
I/SystemServer(  377): Wi-Fi P2pService
I/SystemServer(  377): Wi-Fi Service
I/SystemServer(  377): Connectivity Service
D/ConnectivityService(  377): ConnectivityService starting up
D/ConnectivityService(  377): wifiOnly=false
E/MobileDataStateTracker(  377): default: Ignoring feature request because could not acquire PhoneService
E/MobileDataStateTracker(  377): default: Could not enable APN type "default"
I/WifiService(  377): WifiService starting up with Wi-Fi disabled
I/SystemServer(  377): Network Service Discovery Service
D/NsdService(  377): Network service discovery enabled true
I/SystemServer(  377): UpdateLock Service
I/SystemServer(  377): Notification Manager
I/SystemServer(  377): Device Storage Monitor
W/SystemServer(  377): ***********************************************
F/SystemServer(  377): BOOT FAILURE starting DeviceStorageMonitor service
F/SystemServer(  377): java.lang.IllegalArgumentException: Invalid path: /cache
F/SystemServer(  377): 	at android.os.StatFs.doStat(StatFs.java:46)
F/SystemServer(  377): 	at android.os.StatFs.<init>(StatFs.java:39)
F/SystemServer(  377): 	at com.android.server.DeviceStorageMonitorService.<init>(DeviceStorageMonitorService.java:322)
F/SystemServer(  377): 	at com.android.server.ServerThread.initAndLoop(SystemServer.java:579)
F/SystemServer(  377): 	at com.android.server.SystemServer.main(SystemServer.java:1147)
F/SystemServer(  377): 	at java.lang.reflect.Method.invokeNative(Native Method)
F/SystemServer(  377): 	at java.lang.reflect.Method.invoke(Method.java:515)
F/SystemServer(  377): 	at com.android.internal.os.ZygoteInit$MethodAndArgsCaller.run(ZygoteInit.java:777)
F/SystemServer(  377): 	at com.android.internal.os.ZygoteInit.main(ZygoteInit.java:593)
F/SystemServer(  377): 	at dalvik.system.NativeStart.main(Native Method)
F/SystemServer(  377): Caused by: libcore.io.ErrnoException: statvfs failed: ENOENT (No such file or directory)
F/SystemServer(  377): 	at libcore.io.Posix.statvfs(Native Method)
F/SystemServer(  377): 	at libcore.io.ForwardingOs.statvfs(ForwardingOs.java:132)
F/SystemServer(  377): 	at android.os.StatFs.doStat(StatFs.java:44)
F/SystemServer(  377): 	... 9 more
I/SystemServer(  377): Location Manager
I/SystemServer(  377): Country Detector
I/SystemServer(  377): Search Service
D/dalvikvm(  377): GC_CONCURRENT freed 353K, 9% free 4795K/5232K, paused 37ms+3ms, total 200ms
D/dalvikvm(  377): WAIT_FOR_CONCURRENT_GC blocked 53ms
I/SystemServer(  377): DropBox Service
I/SystemServer(  377): Wallpaper Service
I/SystemServer(  377): Audio Service
D/AndroidRuntime(  452): 
D/AndroidRuntime(  452): >>>>>> AndroidRuntime START com.android.internal.os.RuntimeInit <<<<<<
D/AndroidRuntime(  452): CheckJNI is ON
I/MediaFocusControl(  377):   Remote Control   registerMediaButtonIntent() for PendingIntent{95f47a28: PendingIntentRecord{95daa420 android broadcastIntent}}
D/dalvikvm(  452): Trying to load lib libjavacore.so 0x0
D/dalvikvm(  452): Added shared lib libjavacore.so 0x0
D/dalvikvm(  452): Trying to load lib libnativehelper.so 0x0
D/dalvikvm(  452): Added shared lib libnativehelper.so 0x0
D/dalvikvm(  452): No JNI_OnLoad found in libnativehelper.so 0x0, skipping init
I/SystemServer(  377): Dock Observer
W/DockObserver(  377): This kernel does not have dock station support
I/SystemServer(  377): Wired Accessory Manager
W/WiredAccessoryManager(  377): This kernel does not have wired headset support
W/WiredAccessoryManager(  377): This kernel does not have usb audio support
W/WiredAccessoryManager(  377): This kernel does not have HDMI audio support
I/SystemServer(  377): USB Service
I/SystemServer(  377): Serial Service
I/SystemServer(  377): Twilight Service
I/SystemServer(  377): UI Mode Manager Service
I/SystemServer(  377): Backup Service
V/BackupManagerService(  377): Initializing package tracking
V/BackupManagerService(  377): No ancestral data
V/BackupManagerService(  377): addPackageParticipantsLocked: all
I/BackupManagerService(  377): Scheduling backup for new app com.android.calendar
D/BackupManagerService(  377): Now staging backup of com.android.calendar
I/BackupManagerService(  377): Scheduling backup for new app com.android.browser
D/BackupManagerService(  377): Now staging backup of com.android.browser
I/BackupManagerService(  377): Scheduling backup for new app com.android.providers.userdictionary
D/BackupManagerService(  377): Now staging backup of com.android.providers.userdictionary
I/BackupManagerService(  377): Scheduling backup for new app com.android.sharedstoragebackup
D/BackupManagerService(  377): Now staging backup of com.android.sharedstoragebackup
I/BackupManagerService(  377): Scheduling backup for new app android
D/BackupManagerService(  377): Now staging backup of android
I/BackupManagerService(  377): Scheduling backup for new app com.android.dialer
D/BackupManagerService(  377): Now staging backup of com.android.dialer
I/BackupManagerService(  377): Scheduling backup for new app com.android.providers.settings
D/BackupManagerService(  377): Now staging backup of com.android.providers.settings
E/SELinux (  377): selinux_android_restorecon:  Error restoring context for /cache/backup (No such file or directory)
E/LocalTransport(  377): SELinux restorecon failed for /cache/backup
V/BackupManagerService(  377): Registering transport android/com.android.internal.backup.LocalTransport = com.android.internal.backup.LocalTransport@95f14d50
V/BackupManagerService(  377): Starting with transport android/com.android.internal.backup.LocalTransport
V/BackupManagerService(  377): Google transport not present
I/BackupManagerService(  377): Found stale backup journal, scheduling
I/BackupManagerService(  377):   com.android.calendar
I/BackupManagerService(  377):   com.android.browser
I/BackupManagerService(  377):   com.android.providers.userdictionary
I/BackupManagerService(  377):   com.android.sharedstoragebackup
I/BackupManagerService(  377):   android
I/BackupManagerService(  377):   com.android.dialer
I/BackupManagerService(  377):   com.android.providers.settings
I/BackupManagerService(  377): Backup enabled => false
I/BackupManagerService(  377): Opting out of backup
I/SystemServer(  377): AppWidget Service
I/SystemServer(  377): Recognition Service
I/SystemServer(  377): DiskStats Service
I/SystemServer(  377): SamplingProfiler Service
I/SystemServer(  377): NetworkTimeUpdateService
I/SystemServer(  377): CommonTimeManagementService
I/SystemServer(  377): CertBlacklister
I/SystemServer(  377): Dreams Service
I/SystemServer(  377): Assets Atlas Service
I/SystemServer(  377): IdleMaintenanceService
I/SystemServer(  377): Print Service
D/Atlas   (  377): Loaded configuration: SliceMinArea (768x768) flags=0x2 count=25
D/gralloc_goldfish(  377): Emulator without GPU emulation detected.
D/dalvikvm(  452): Note: class Landroid/app/ActivityManagerNative; has 179 unimplemented (abstract) methods
I/WindowManager(  377): SAFE MODE not enabled
D/dalvikvm(  377): JIT started for system_server
W/AssetAtlasService(  377): Could not find EGL configuration
D/Atlas   (  377): Rendered atlas in 118.81ms (38.33+80.48ms)
I/Zygote  (  377): Process: zygote socket opened
V/KeyguardServiceDelegate(  377): *** Keyguard started
V/KeyguardServiceDelegate(  377): onSystemReady() called before keyguard service was ready
I/ActivityManager(  377): Start proc com.android.systemui for service com.android.keyguard/.KeyguardService: pid=474 uid=10007 gids={50007, 1028, 1015, 1035, 3002, 3001}
E/memtrack(  452): Couldn't load memtrack module (No such file or directory)
E/android.os.Debug(  452): failed to load memtrack module: -2
I/AppOps  (  377): Pruning old package media/1013: new uid=-1
I/ActivityManager(  377): System now ready
D/dalvikvm(  377): GC_CONCURRENT freed 274K, 7% free 5031K/5376K, paused 15ms+351ms, total 2175ms
D/AndroidRuntime(  452): Calling main entry com.android.commands.pm.Pm
I/SystemServer(  377): Making services ready
D/NetworkManagementService(  377): enabling bandwidth control
I/Vold    (   46): /dev/block/vold/179:0 being considered for volume sdcard
D/Vold    (   46): Volume sdcard state changing 1 (Idle-Unmounted) -> 3 (Checking)
D/AndroidRuntime(  452): Shutting down VM
D/MountService(  377): volume state changed for /storage/sdcard (unmounted -> checking)
D/MountService(  377): sendStorageIntent Intent { act=android.intent.action.MEDIA_CHECKING dat=file:///storage/sdcard (has extras) } to UserHandle{-1}
D/dalvikvm(  452): GC_CONCURRENT freed 95K, 15% free 566K/664K, paused 2ms+1ms, total 31ms
I/fsck_msdos(   46): ** /dev/block/vold/179:0
I/fsck_msdos(   46): ** Phase 1 - Read and Compare FATs
I/fsck_msdos(   46): Attempting to allocate 2032 KB for FAT
I/fsck_msdos(   46): Attempting to allocate 2032 KB for FAT
I/fsck_msdos(   46): ** Phase 2 - Check Cluster Chains
I/fsck_msdos(   46): ** Phase 3 - Checking Directories
I/fsck_msdos(   46): ** Phase 4 - Checking for Lost Files
I/fsck_msdos(   46): Next free cluster in FSInfo block (71460) not free
I/fsck_msdos(   46): FIXED
I/fsck_msdos(   46): 68 files, 222335 free (444670 clusters)
I/Vold    (   46): Filesystem check completed OK
V/KeyguardService(  474): onCreate()
D/Vold    (   46): Volume sdcard state changing 3 (Checking) -> 4 (Mounted)
I/PackageManager(  377): Updating external media status from unmounted to mounted
D/MountService(  377): volume state changed for /storage/sdcard (checking -> mounted)
D/MountService(  377): sendStorageIntent Intent { act=android.intent.action.MEDIA_MOUNTED dat=file:///storage/sdcard (has extras) } to UserHandle{-1}
E/VoldConnector(  377): NDC Command {3 volume mount /storage/sdcard} took too long (1888ms)
I/ActivityManager(  377): Start proc android.process.media for broadcast com.android.providers.downloads/.DownloadReceiver: pid=511 uid=10005 gids={50005, 1028, 1015, 1023, 1024, 2001, 3003, 3007}
I/PackageManager(  377): No secure containers on sdcard
W/ProcessCpuTracker(  377): Skipping unknown process pid 509
D/SystemUIService(  474): loading: class com.android.systemui.recent.Recents
D/SystemUIService(  474): running: com.android.systemui.recent.Recents@95d292c8
D/SystemUIService(  474): loading: class com.android.systemui.statusbar.SystemBars
D/SystemUIService(  474): running: com.android.systemui.statusbar.SystemBars@95d298b0
E/WVMExtractor(   54): Failed to open libwvm.so
W/PackageManager(  377): Not granting permission android.permission.GLOBAL_SEARCH to package com.android.quicksearchbox (protectionLevel=18 flags=0x88be45)
W/PackageManager(  377): Unknown permission com.google.android.gallery3d.permission.GALLERY_PROVIDER in package com.android.bluetooth
W/PackageManager(  377): Unknown permission com.google.android.googleapps.permission.GOOGLE_AUTH in package com.android.providers.calendar
W/PackageManager(  377): Unknown permission com.google.android.googleapps.permission.GOOGLE_AUTH.cl in package com.android.providers.calendar
W/PackageManager(  377): Unknown permission com.google.android.googleapps.permission.GOOGLE_AUTH.mail in package com.android.calendar
W/PackageManager(  377): Not granting permission android.permission.ACCESS_DOWNLOAD_MANAGER to package com.android.browser (protectionLevel=18 flags=0x89be45)
W/PackageManager(  377): Not granting permission android.permission.SEND_DOWNLOAD_COMPLETED_INTENTS to package com.android.browser (protectionLevel=2 flags=0x89be45)
W/PackageManager(  377): Not granting permission android.permission.BIND_APPWIDGET to package com.android.widgetpreview (protectionLevel=18 flags=0x8be44)
W/PackageManager(  377): Not granting permission android.permission.BIND_WALLPAPER to package com.android.camera2 (protectionLevel=18 flags=0x98bc45)
W/PackageManager(  377): Unknown permission android.permission.INSTALL_DRM in package com.android.mms
W/PackageManager(  377): Unknown permission com.google.android.gallery3d.permission.PICASA_STORE in package com.android.dreams.phototable
W/PackageManager(  377): Unknown permission com.google.android.googleapps.permission.GOOGLE_AUTH in package com.android.settings
W/PackageManager(  377): Unknown permission com.google.android.googleapps.permission.ACCESS_GOOGLE_PASSWORD in package com.android.development
W/PackageManager(  377): Unknown permission com.google.android.googleapps.permission.GOOGLE_AUTH in package com.android.development
W/PackageManager(  377): Unknown permission com.google.android.googleapps.permission.GOOGLE_AUTH.ALL_SERVICES in package com.android.development
W/PackageManager(  377): Unknown permission com.google.android.googleapps.permission.GOOGLE_AUTH.YouTubeUser in package com.android.development
W/PackageManager(  377): Not granting permission android.permission.DELETE_PACKAGES to package com.svox.pico (protectionLevel=18 flags=0x88be45)
W/PackageManager(  377): Not granting permission android.permission.DEVICE_POWER to package com.android.deskclock (protectionLevel=2 flags=0xc8be45)
E/NetdConnector(  377): NDC Command {1 bandwidth enable} took too long (4262ms)
D/SystemUIService(  474): loading: class com.android.systemui.usb.StorageNotification
D/SystemUIService(  474): running: com.android.systemui.usb.StorageNotification@95d2b670
D/SystemUIService(  474): loading: class com.android.systemui.power.PowerUI
D/SystemUIService(  474): running: com.android.systemui.power.PowerUI@95d2cdd0
D/SystemUIService(  474): loading: class com.android.systemui.media.RingtonePlayer
D/SystemUIService(  474): running: com.android.systemui.media.RingtonePlayer@95d2dad0
D/SystemUIService(  474): loading: class com.android.systemui.settings.SettingsUI
D/SystemUIService(  474): running: com.android.systemui.settings.SettingsUI@95d2ef60
I/StatusBarManagerService(  377): registerStatusBar bar=com.android.internal.statusbar.IStatusBar$Stub$Proxy@95fa89d0
D/PhoneStatusBar(  474): mSettingsPanelGravity = 55
E/NetdConnector(  377): NDC Command {2 firewall disable} took too long (809ms)
E/NetdConnector(  377): NDC Command {4 bandwidth setglobalalert 2097152} took too long (548ms)
D/dalvikvm(  474): GC_CONCURRENT freed 182K, 9% free 2937K/3196K, paused 6ms+3ms, total 193ms
D/dalvikvm(  377): GC_CONCURRENT freed 391K, 9% free 5125K/5600K, paused 45ms+4ms, total 364ms
E/NetdConnector(  377): NDC Command {5 firewall disable} took too long (568ms)
I/ActivityManager(  377): Config changes=200 {1.0 ?mcc?mnc en_US ldltr sw320dp w320dp h455dp 160dpi nrml port -touch -keyb/v/h tball/v s.4}
W/RecognitionManagerService(  377): no available voice recognition services found for user 0
W/InputMethodManagerService(  377): Ignoring setImeWindowStatus of uid 1000 token: null
W/ResourceType(  377): Failure getting entry for 0x7f060000 (t=5 e=0) in package 0 (error -75)
I/ActivityManager(  377): Start proc com.android.inputmethod.latin for service com.android.inputmethod.latin/.LatinIME: pid=571 uid=10032 gids={50032, 1028, 1015}
V/InputMethodManagerService(  377): Adding window token: android.os.Binder@95face20
E/BluetoothAdapter(  474): Bluetooth binder is null
E/BluetoothAdapter(  474): Bluetooth binder is null
W/GpsLocationProvider(  377): Could not open GPS configuration file /etc/gps.conf
W/LocationManagerService(  377): no network location provider found
E/FlpHardwareProvider(  377): Error hw_get_module 'flp': -2
E/FlpHardwareProvider(  377): Error hw_get_module 'flp': -2
E/LocationManagerService(  377): no geocoder provider found
E/LocationManagerService(  377): No FusedProvider found.
E/LocationManagerService(  377): no geofence provider found
E/BluetoothAdapter(  474): Bluetooth binder is null
D/dalvikvm(  474): GC_CONCURRENT freed 61K, 5% free 3348K/3520K, paused 53ms+2ms, total 142ms
I/CommonTimeManagementService(  377): No common time service detected on this platform.  Common time services will be unavailable.
I/InputReader(  377): Reconfiguring input devices.  changes=0x00000020
I/InputReader(  377): Reconfiguring input devices.  changes=0x00000010
I/ActivityManager(  377): Start proc com.android.phone for added application com.android.phone: pid=585 uid=1001 gids={41001, 3002, 3001, 3003, 1028, 1015}
I/ActivityManager(  377): START u0 {act=android.intent.action.MAIN cat=[android.intent.category.HOME] flg=0x10000000 cmp=com.android.launcher/com.android.launcher2.Launcher} from pid 0
I/ActivityManager(  377): Start proc com.android.launcher for activity com.android.launcher/com.android.launcher2.Launcher: pid=599 uid=10008 gids={50008}
I/SystemServer(  377): Enabled StrictMode for system server main thread.
I/Choreographer(  377): Skipped 7096 frames!  The application may be doing too much work on its main thread.
V/KeyguardServiceDelegate(  377): *** Keyguard connected (yay!)
W/InputMethodManagerService(  377): Focus gain on non-focused client android.view.inputmethod.InputMethodManager$1@95f71a70 (uid=1000 pid=377)
E/BluetoothAdapter(  474): Bluetooth binder is null
I/MediaFocusControl(  377):   Remote Control   registerMediaButtonIntent() for PendingIntent{95fc6078: PendingIntentRecord{95daa420 android broadcastIntent}}
I/LatinIME(  571): Hardware accelerated drawing: true
D/PhoneStatusBar(  474): disable: < expand icons alerts ticker system_info back home recent clock search >
W/ResourceType(  377): Failure getting entry for 0x7f060000 (t=5 e=0) in package 0 (error -75)
I/ActivityManager(  377): Start proc com.android.printspooler for service com.android.printspooler/.PrintSpoolerService: pid=623 uid=10045 gids={50045}
D/dalvikvm(  377): GC_CONCURRENT freed 364K, 8% free 5323K/5768K, paused 73ms+75ms, total 736ms
W/InputAttributes(  571): No editor info for this field. Bug?
I/ActivityManager(  377): Start proc com.android.smspush for service com.android.smspush/.WapPushManager: pid=642 uid=10052 gids={50052}
I/ActivityManager(  377): Start proc android.process.acore for content provider com.android.providers.contacts/.ContactsProvider2: pid=650 uid=10002 gids={50002, 3003, 1028, 1015}
I/ResourceUtils(  571): Found default value: resource=keypress_vibration_durations build=[HARDWARE=goldfish MODEL=AOSP on ARM Emulator BRAND=Android MANUFACTURER=unknown] default=-1
I/ResourceUtils(  571): Found default value: resource=keypress_volumes build=[HARDWARE=goldfish MODEL=AOSP on ARM Emulator BRAND=Android MANUFACTURER=unknown] default=-1.0f
E/BluetoothAdapter(  474): Bluetooth binder is null
D/PhoneStatusBar(  474): heads up is disabled
I/LatinIME:LogUtils(  571): Dictionary info: dictionary = userunigram.en_US.dict ; version = ? ; date = ?
D/dalvikvm(  571): GC_CONCURRENT freed 203K, 9% free 2914K/3192K, paused 55ms+3ms, total 356ms
E/BluetoothAdapter(  585): Bluetooth binder is null
D/PhoneStatusBar(  474): mSettingsPanelGravity = 55
I/Choreographer(  474): Skipped 4082 frames!  The application may be doing too much work on its main thread.
D/dalvikvm(  585): GC_CONCURRENT freed 181K, 8% free 2955K/3212K, paused 61ms+4ms, total 398ms
E/BluetoothAdapter(  585): Bluetooth binder is null
I/LatinIME:LogUtils(  571): Dictionary info: dictionary = main:en ; version = 42 ; date = 1381226429
D/CallNotifier(  585): CallNotifier: mSignalInfoToneGenerator created when toneplay
E/BluetoothAdapter(  585): Bluetooth binder is null
D/dalvikvm(  650): GC_CONCURRENT freed 214K, 8% free 3001K/3252K, paused 5ms+2ms, total 214ms
I/Choreographer(  377): Skipped 57 frames!  The application may be doing too much work on its main thread.
W/dalvikvm(  599): threadid=2: spin on suspend #1 threadid=13 (pcf=0)
D/dalvikvm(  599): Temporarily moving tid 640 to fg (was 0)
D/dalvikvm(  599): Temporarily raised priority on tid 640 (10 -> 0)
I/LatinIME:LogUtils(  571): Dictionary info: dictionary = UserHistoryDictionary.en_US.dic ; version = ? ; date = 1497316949
I/LatinIME:LogUtils(  571): Dictionary info: dictionary = personalization.en_US.dict ; version = ? ; date = 1497316949
I/LatinIME:LogUtils(  571): Dictionary info: dictionary = PersonalizationPredictionDictio ; version = ? ; date = 1497316949
D/TelephonyDebugService(  585): TelephonyDebugService()
D/dalvikvm(  474): GC_CONCURRENT freed 153K, 6% free 3599K/3828K, paused 5ms+72ms, total 121ms
W/dalvikvm(  599): threadid=2: spin on suspend resolved in 1527 msec
D/dalvikvm(  599): Restored policy of 640 to 0
D/dalvikvm(  599): Restored priority on 640 to 10
D/dalvikvm(  599): GC_CONCURRENT freed 189K, 9% free 2929K/3196K, paused 1534ms+2ms, total 1638ms
D/dalvikvm(  585): GC_CONCURRENT freed 258K, 10% free 3085K/3420K, paused 3ms+2ms, total 34ms
D/dalvikvm(  474): GC_CONCURRENT freed 314K, 10% free 3766K/4160K, paused 3ms+51ms, total 267ms
W/WindowManager(  377): Window freeze timeout expired.
W/WindowManager(  377): Force clearing orientation change: Window{95fd8570 u0 StatusBar}
D/dalvikvm(  377): GC_CONCURRENT freed 435K, 9% free 5526K/6036K, paused 11ms+84ms, total 597ms
W/dalvikvm(  650): threadid=5: spin on suspend #1 threadid=12 (pcf=0)
D/dalvikvm(  650): Temporarily moving tid 684 to fg (was 0)
D/dalvikvm(  650): Temporarily raised priority on tid 684 (10 -> 0)
D/MccTable(  585): updateMccMncConfiguration: mcc=310, mnc=260
D/MccTable(  585): getLocaleFromMcc to en_us mcc=310
D/MccTable(  585): getLocaleForLanguageCountry: skipping already persisted
D/MccTable(  585): getLocaleForLanguageCountry: X locale=null
D/MccTable(  585): WIFI_COUNTRY_CODE set to us
I/WifiService(  377): WifiService trying to set country code to us with persist set to true
D/MccTable(  585): updateMccMncConfiguration updateConfig config={1.0 310mcc260mnc ?locale ?layoutDir ?swdp ?wdp ?hdp ?density ?lsize ?long ?orien ?uimode ?night ?touch ?keyb/?/? ?nav/?}
I/ActivityManager(  377): Config changes=3 {1.0 310mcc260mnc en_US ldltr sw320dp w320dp h455dp 160dpi nrml port -touch -keyb/v/h tball/v s.5}
D/PermissionCache(   51): checking android.permission.READ_FRAME_BUFFER for uid=1000 => granted (4081 us)
D/gralloc (   51): Registering a buffer in the process that created it. This may cause memory ordering problems.
E/libEGL  (   51): called unimplemented OpenGL ES API
E/libEGL  (   51): called unimplemented OpenGL ES API
E/libEGL  (   51): called unimplemented OpenGL ES API
E/libEGL  (   51): called unimplemented OpenGL ES API
E/SurfaceFlinger(   51): glCheckFramebufferStatusOES error 1752393590
E/SurfaceFlinger(   51): got GL_FRAMEBUFFER_COMPLETE_OES error while taking screenshot
E/libEGL  (   51): called unimplemented OpenGL ES API
E/libEGL  (   51): called unimplemented OpenGL ES API
W/dalvikvm(  650): threadid=5: spin on suspend resolved in 1534 msec
D/dalvikvm(  650): Restored policy of 684 to 0
D/dalvikvm(  650): Restored priority on 684 to 10
D/dalvikvm(  474): GC_CONCURRENT freed 188K, 7% free 3984K/4256K, paused 11ms+12ms, total 128ms
D/MccTable(  585): updateMccMncConfiguration: mcc=310, mnc=260
D/MccTable(  585): getLocaleFromMcc to en_us mcc=310
D/MccTable(  585): getLocaleForLanguageCountry: skipping already persisted
D/MccTable(  585): getLocaleForLanguageCountry: X locale=null
D/MccTable(  585): WIFI_COUNTRY_CODE set to us
I/WifiService(  377): WifiService trying to set country code to us with persist set to true
D/MccTable(  585): updateMccMncConfiguration updateConfig config={1.0 310mcc260mnc ?locale ?layoutDir ?swdp ?wdp ?hdp ?density ?lsize ?long ?orien ?uimode ?night ?touch ?keyb/?/? ?nav/?}
D/dalvikvm(  585): GC_CONCURRENT freed 292K, 11% free 3209K/3576K, paused 22ms+102ms, total 188ms
D/dalvikvm(  474): GC_CONCURRENT freed 394K, 11% free 3989K/4460K, paused 74ms+14ms, total 317ms
W/BroadcastQueue(  377): Timeout of broadcast BroadcastRecord{95fa6628 u-1 android.intent.action.TIME_TICK} - receiver=android.os.BinderProxy@95f65a98, started 10001ms ago
W/BroadcastQueue(  377): Receiver during timeout: BroadcastFilter{95ed9f00 u0 ReceiverList{95eed1b8 474 com.android.systemui/10007/u0 remote:95f65a98}}
I/Process (  377): Sending signal. PID: 474 SIG: 3
I/dalvikvm(  474): threadid=3: reacting to signal 3
I/Process (  377): Sending signal. PID: 377 SIG: 3
I/dalvikvm(  377): threadid=3: reacting to signal 3
I/dalvikvm(  474): Wrote stack traces to '/data/anr/traces.txt'
D/dalvikvm(  474): GC_CONCURRENT freed 47K, 11% free 3987K/4460K, paused 3ms+29ms, total 106ms
D/dalvikvm(  585): GC_CONCURRENT freed 363K, 12% free 3286K/3728K, paused 28ms+2ms, total 94ms
I/Process (  377): Sending signal. PID: 585 SIG: 3
I/dalvikvm(  585): threadid=3: reacting to signal 3
I/dalvikvm(  377): Wrote stack traces to '/data/anr/traces.txt'
W/WindowManager(  377): Window freeze timeout expired.
D/dalvikvm(  377): GC_CONCURRENT freed 650K, 12% free 5582K/6316K, paused 10ms+448ms, total 772ms
D/dalvikvm(  377): WAIT_FOR_CONCURRENT_GC blocked 623ms
D/dalvikvm(  377): WAIT_FOR_CONCURRENT_GC blocked 10ms
D/dalvikvm(  377): WAIT_FOR_CONCURRENT_GC blocked 16ms
D/dalvikvm(  377): WAIT_FOR_CONCURRENT_GC blocked 19ms
D/dalvikvm(  377): WAIT_FOR_CONCURRENT_GC blocked 20ms
D/dalvikvm(  377): WAIT_FOR_CONCURRENT_GC blocked 21ms
W/WindowManager(  377): Force clearing orientation change: Window{95fd8570 u0 StatusBar}
D/MobileDataStateTracker(  377): fota: Broadcast received: android.intent.action.ANY_DATA_STATE apnType=fota
D/dalvikvm(  474): GC_CONCURRENT freed 400K, 11% free 3990K/4472K, paused 2ms+2ms, total 46ms
D/dalvikvm(  599): GC_CONCURRENT freed 197K, 9% free 3118K/3392K, paused 4ms+32ms, total 83ms
D/dalvikvm(  377): GC_CONCURRENT freed 698K, 13% free 5608K/6388K, paused 58ms+38ms, total 259ms
D/dalvikvm(  377): WAIT_FOR_CONCURRENT_GC blocked 167ms
I/dalvikvm-heap(  377): Grow heap (frag case) to 5.588MB for 35732-byte allocation
D/dalvikvm(  377): WAIT_FOR_CONCURRENT_GC blocked 163ms
I/dalvikvm-heap(  377): Grow heap (frag case) to 5.588MB for 12-byte allocation
D/dalvikvm(  377): GC_FOR_ALLOC freed 35K, 13% free 5608K/6424K, paused 97ms, total 99ms
D/dalvikvm(  377): GC_FOR_ALLOC freed <1K, 13% free 5617K/6424K, paused 330ms, total 330ms
I/dalvikvm-heap(  377): Grow heap (frag case) to 5.615MB for 53594-byte allocation
D/dalvikvm(  599): GC_FOR_ALLOC freed 10K, 9% free 3107K/3392K, paused 153ms, total 153ms
I/dalvikvm-heap(  599): Grow heap (frag case) to 3.714MB for 640016-byte allocation
D/dalvikvm(  599): GC_CONCURRENT freed 0K, 8% free 3732K/4020K, paused 6ms+20ms, total 169ms
D/dalvikvm(  377): GC_FOR_ALLOC freed 36K, 14% free 5633K/6480K, paused 311ms, total 311ms
D/dalvikvm(  377): GC_FOR_ALLOC freed 38K, 14% free 5619K/6480K, paused 101ms, total 101ms
I/dalvikvm-heap(  377): Grow heap (frag case) to 5.642MB for 80386-byte allocation
I/dalvikvm(  585): Wrote stack traces to '/data/anr/traces.txt'
D/dalvikvm(  377): GC_FOR_ALLOC freed <1K, 14% free 5698K/6560K, paused 399ms, total 399ms
D/dalvikvm(  585): GC_CONCURRENT freed 33K, 13% free 3255K/3728K, paused 4ms+2ms, total 89ms
D/dalvikvm(  377): GC_FOR_ALLOC freed 86K, 14% free 5642K/6560K, paused 80ms, total 80ms
I/dalvikvm-heap(  377): Grow heap (frag case) to 5.703MB for 120574-byte allocation
D/dalvikvm(  377): GC_FOR_ALLOC freed <1K, 14% free 5760K/6680K, paused 53ms, total 54ms
D/MobileDataStateTracker(  377): fota: Received state=DISCONNECTED, old=DISCONNECTED, reason=radioTurnedOff
D/MobileDataStateTracker(  377): ia: Broadcast received: android.intent.action.ANY_DATA_STATE apnType=ia
D/MobileDataStateTracker(  377): ia: Received state=DISCONNECTED, old=DISCONNECTED, reason=radioTurnedOff
D/dalvikvm(  377): GC_FOR_ALLOC freed 161K, 15% free 5689K/6680K, paused 89ms, total 90ms
I/dalvikvm-heap(  377): Grow heap (frag case) to 5.806MB for 180856-byte allocation
D/dalvikvm(  377): GC_FOR_ALLOC freed 122K, 17% free 5743K/6860K, paused 86ms, total 86ms
D/MobileDataStateTracker(  377): supl: Broadcast received: android.intent.action.ANY_DATA_STATE apnType=supl
W/WindowManager(  377): App freeze timeout expired.
W/WindowManager(  377): Force clearing freeze: AppWindowToken{95ed3090 token=Token{95f86e60 ActivityRecord{95f86be8 u0 com.android.launcher/com.android.launcher2.Launcher t1}}}
I/WindowManager(  377): Screen frozen for +5s94ms due to AppWindowToken{95ed3090 token=Token{95f86e60 ActivityRecord{95f86be8 u0 com.android.launcher/com.android.launcher2.Launcher t1}}}
D/MobileDataStateTracker(  377): supl: Received state=DISCONNECTED, old=DISCONNECTED, reason=radioTurnedOff
D/MobileDataStateTracker(  377): hipri: Broadcast received: android.intent.action.ANY_DATA_STATE apnType=hipri
D/MobileDataStateTracker(  377): hipri: Received state=DISCONNECTED, old=DISCONNECTED, reason=radioTurnedOff
D/MobileDataStateTracker(  377): ims: Broadcast received: android.intent.action.ANY_DATA_STATE apnType=ims
D/MobileDataStateTracker(  377): ims: Received state=DISCONNECTED, old=DISCONNECTED, reason=radioTurnedOff
D/MobileDataStateTracker(  377): default: Broadcast received: android.intent.action.ANY_DATA_STATE apnType=default
D/MobileDataStateTracker(  377): default: Received state=DISCONNECTED, old=DISCONNECTED, reason=radioTurnedOff
I/Choreographer(  377): Skipped 31 frames!  The application may be doing too much work on its main thread.
D/MobileDataStateTracker(  377): mms: Broadcast received: android.intent.action.ANY_DATA_STATE apnType=mms
D/MobileDataStateTracker(  377): mms: Received state=DISCONNECTED, old=DISCONNECTED, reason=radioTurnedOff
D/MobileDataStateTracker(  377): cbs: Broadcast received: android.intent.action.ANY_DATA_STATE apnType=cbs
D/MobileDataStateTracker(  377): cbs: Received state=DISCONNECTED, old=DISCONNECTED, reason=radioTurnedOff
D/MobileDataStateTracker(  377): fota: Broadcast received: android.intent.action.ANY_DATA_STATE apnType=fota
D/MobileDataStateTracker(  377): fota: Received state=DISCONNECTED, old=DISCONNECTED, reason=radioTurnedOff
D/MobileDataStateTracker(  377): ia: Broadcast received: android.intent.action.ANY_DATA_STATE apnType=ia
I/Choreographer(  377): Skipped 69 frames!  The application may be doing too much work on its main thread.
D/MobileDataStateTracker(  377): ia: Received state=DISCONNECTED, old=DISCONNECTED, reason=radioTurnedOff
I/Choreographer(  377): Skipped 64 frames!  The application may be doing too much work on its main thread.
I/Choreographer(  377): Skipped 33 frames!  The application may be doing too much work on its main thread.
D/MobileDataStateTracker(  377): supl: Broadcast received: android.intent.action.ANY_DATA_STATE apnType=supl
D/MobileDataStateTracker(  377): supl: Received state=DISCONNECTED, old=DISCONNECTED, reason=radioTurnedOff
D/MobileDataStateTracker(  377): hipri: Broadcast received: android.intent.action.ANY_DATA_STATE apnType=hipri
D/MobileDataStateTracker(  377): hipri: Received state=DISCONNECTED, old=DISCONNECTED, reason=radioTurnedOff
D/MobileDataStateTracker(  377): ims: Broadcast received: android.intent.action.ANY_DATA_STATE apnType=ims
D/MobileDataStateTracker(  377): ims: Received state=DISCONNECTED, old=DISCONNECTED, reason=radioTurnedOff
W/ProcessCpuTracker(  377): Skipping unknown process pid 699
D/MobileDataStateTracker(  377): default: Broadcast received: android.intent.action.ANY_DATA_STATE apnType=default
D/MobileDataStateTracker(  377): default: Received state=DISCONNECTED, old=DISCONNECTED, reason=radioTurnedOff
D/MobileDataStateTracker(  377): mms: Broadcast received: android.intent.action.ANY_DATA_STATE apnType=mms
D/MobileDataStateTracker(  377): mms: Received state=DISCONNECTED, old=DISCONNECTED, reason=radioTurnedOff
D/MobileDataStateTracker(  377): cbs: Broadcast received: android.intent.action.ANY_DATA_STATE apnType=cbs
D/MobileDataStateTracker(  377): cbs: Received state=DISCONNECTED, old=DISCONNECTED, reason=radioTurnedOff
D/MobileDataStateTracker(  377): fota: Broadcast received: android.intent.action.ANY_DATA_STATE apnType=fota
D/MobileDataStateTracker(  377): fota: Received state=DISCONNECTED, old=DISCONNECTED, reason=dataDetached
D/MobileDataStateTracker(  377): ia: Broadcast received: android.intent.action.ANY_DATA_STATE apnType=ia
D/MobileDataStateTracker(  377): ia: Received state=DISCONNECTED, old=DISCONNECTED, reason=dataDetached
D/MobileDataStateTracker(  377): supl: Broadcast received: android.intent.action.ANY_DATA_STATE apnType=supl
D/MobileDataStateTracker(  377): supl: Received state=DISCONNECTED, old=DISCONNECTED, reason=dataDetached
D/MobileDataStateTracker(  377): hipri: Broadcast received: android.intent.action.ANY_DATA_STATE apnType=hipri
D/MobileDataStateTracker(  377): hipri: Received state=DISCONNECTED, old=DISCONNECTED, reason=dataDetached
D/MobileDataStateTracker(  377): ims: Broadcast received: android.intent.action.ANY_DATA_STATE apnType=ims
D/MobileDataStateTracker(  377): ims: Received state=DISCONNECTED, old=DISCONNECTED, reason=dataDetached
D/MobileDataStateTracker(  377): default: Broadcast received: android.intent.action.ANY_DATA_STATE apnType=default
D/MobileDataStateTracker(  377): default: Received state=DISCONNECTED, old=DISCONNECTED, reason=dataDetached
D/MobileDataStateTracker(  377): mms: Broadcast received: android.intent.action.ANY_DATA_STATE apnType=mms
D/MobileDataStateTracker(  377): mms: Received state=DISCONNECTED, old=DISCONNECTED, reason=dataDetached
D/MobileDataStateTracker(  377): cbs: Broadcast received: android.intent.action.ANY_DATA_STATE apnType=cbs
D/MobileDataStateTracker(  377): cbs: Received state=DISCONNECTED, old=DISCONNECTED, reason=dataDetached
D/MobileDataStateTracker(  377): fota: Broadcast received: android.intent.action.ANY_DATA_STATE apnType=fota
D/MobileDataStateTracker(  377): fota: Received state=DISCONNECTED, old=DISCONNECTED, reason=roamingOff
D/MobileDataStateTracker(  377): ia: Broadcast received: android.intent.action.ANY_DATA_STATE apnType=ia
D/MobileDataStateTracker(  377): ia: Received state=DISCONNECTED, old=DISCONNECTED, reason=roamingOff
D/MobileDataStateTracker(  377): supl: Broadcast received: android.intent.action.ANY_DATA_STATE apnType=supl
D/MobileDataStateTracker(  377): supl: Received state=DISCONNECTED, old=DISCONNECTED, reason=roamingOff
I/Choreographer(  474): Skipped 7415 frames!  The application may be doing too much work on its main thread.
D/MobileDataStateTracker(  377): hipri: Broadcast received: android.intent.action.ANY_DATA_STATE apnType=hipri
D/MobileDataStateTracker(  377): hipri: Received state=DISCONNECTED, old=DISCONNECTED, reason=roamingOff
D/MobileDataStateTracker(  377): ims: Broadcast received: android.intent.action.ANY_DATA_STATE apnType=ims
D/MobileDataStateTracker(  377): ims: Received state=DISCONNECTED, old=DISCONNECTED, reason=roamingOff
D/MobileDataStateTracker(  377): default: Broadcast received: android.intent.action.ANY_DATA_STATE apnType=default
D/MobileDataStateTracker(  377): default: Received state=DISCONNECTED, old=DISCONNECTED, reason=roamingOff
D/MobileDataStateTracker(  377): mms: Broadcast received: android.intent.action.ANY_DATA_STATE apnType=mms
D/MobileDataStateTracker(  377): mms: Received state=DISCONNECTED, old=DISCONNECTED, reason=roamingOff
D/MobileDataStateTracker(  377): cbs: Broadcast received: android.intent.action.ANY_DATA_STATE apnType=cbs
D/MobileDataStateTracker(  377): cbs: Received state=DISCONNECTED, old=DISCONNECTED, reason=roamingOff
D/gralloc_goldfish(  474): Emulator without GPU emulation detected.
D/dalvikvm(  377): GC_CONCURRENT freed 895K, 19% free 5610K/6860K, paused 8ms+6ms, total 659ms
D/dalvikvm(  377): WAIT_FOR_CONCURRENT_GC blocked 531ms
D/dalvikvm(  377): GC_EXPLICIT freed 21K, 19% free 5589K/6860K, paused 3ms+8ms, total 104ms
D/dalvikvm(  377): WAIT_FOR_CONCURRENT_GC blocked 154ms
D/dalvikvm(  377): WAIT_FOR_CONCURRENT_GC blocked 160ms
D/dalvikvm(  377): WAIT_FOR_CONCURRENT_GC blocked 154ms
D/dalvikvm(  377): WAIT_FOR_CONCURRENT_GC blocked 154ms
D/dalvikvm(  377): WAIT_FOR_CONCURRENT_GC blocked 161ms
D/MobileDataStateTracker(  377): fota: Broadcast received: android.intent.action.ANY_DATA_STATE apnType=fota
V/KeyguardHostView(  474): music state changed: 0
D/MobileDataStateTracker(  377): fota: Received state=DISCONNECTED, old=DISCONNECTED, reason=dataAttached
D/MobileDataStateTracker(  377): ia: Broadcast received: android.intent.action.ANY_DATA_STATE apnType=ia
D/MobileDataStateTracker(  377): ia: Received state=DISCONNECTED, old=DISCONNECTED, reason=dataAttached
D/MobileDataStateTracker(  377): supl: Broadcast received: android.intent.action.ANY_DATA_STATE apnType=supl
D/MobileDataStateTracker(  377): supl: Received state=DISCONNECTED, old=DISCONNECTED, reason=dataAttached
D/MobileDataStateTracker(  377): hipri: Broadcast received: android.intent.action.ANY_DATA_STATE apnType=hipri
D/MobileDataStateTracker(  377): hipri: Received state=DISCONNECTED, old=DISCONNECTED, reason=dataAttached
D/dalvikvm(  585): GC_CONCURRENT freed 498K, 15% free 3261K/3836K, paused 4ms+9ms, total 173ms
D/MobileDataStateTracker(  377): ims: Broadcast received: android.intent.action.ANY_DATA_STATE apnType=ims
D/MobileDataStateTracker(  377): ims: Received state=DISCONNECTED, old=DISCONNECTED, reason=dataAttached
D/MobileDataStateTracker(  377): mms: Broadcast received: android.intent.action.ANY_DATA_STATE apnType=mms
D/MobileDataStateTracker(  377): mms: Received state=DISCONNECTED, old=DISCONNECTED, reason=dataAttached
D/MobileDataStateTracker(  377): cbs: Broadcast received: android.intent.action.ANY_DATA_STATE apnType=cbs
D/MobileDataStateTracker(  377): cbs: Received state=DISCONNECTED, old=DISCONNECTED, reason=dataAttached
D/MobileDataStateTracker(  377): fota: Broadcast received: android.intent.action.ANY_DATA_STATE apnType=fota
D/MobileDataStateTracker(  377): fota: Received state=DISCONNECTED, old=DISCONNECTED, reason=dataAttached
D/MobileDataStateTracker(  377): ia: Broadcast received: android.intent.action.ANY_DATA_STATE apnType=ia
D/MobileDataStateTracker(  377): ia: Received state=DISCONNECTED, old=DISCONNECTED, reason=dataAttached
D/MobileDataStateTracker(  377): supl: Broadcast received: android.intent.action.ANY_DATA_STATE apnType=supl
D/MobileDataStateTracker(  377): supl: Received state=DISCONNECTED, old=DISCONNECTED, reason=dataAttached
D/MobileDataStateTracker(  377): hipri: Broadcast received: android.intent.action.ANY_DATA_STATE apnType=hipri
D/MobileDataStateTracker(  377): hipri: Received state=DISCONNECTED, old=DISCONNECTED, reason=dataAttached
D/MobileDataStateTracker(  377): ims: Broadcast received: android.intent.action.ANY_DATA_STATE apnType=ims
D/MobileDataStateTracker(  377): ims: Received state=DISCONNECTED, old=DISCONNECTED, reason=dataAttached
D/MobileDataStateTracker(  377): mms: Broadcast received: android.intent.action.ANY_DATA_STATE apnType=mms
D/MobileDataStateTracker(  377): mms: Received state=DISCONNECTED, old=DISCONNECTED, reason=dataAttached
D/MobileDataStateTracker(  377): cbs: Broadcast received: android.intent.action.ANY_DATA_STATE apnType=cbs
D/dalvikvm(  474): GC_CONCURRENT freed 513K, 13% free 3987K/4576K, paused 5ms+3ms, total 165ms
D/dalvikvm(  474): WAIT_FOR_CONCURRENT_GC blocked 43ms
W/Launcher.Model(  599): Desktop items loading interrupted:
W/Launcher.Model(  599): java.lang.NullPointerException
W/Launcher.Model(  599): 	at com.android.launcher2.LauncherModel$LoaderTask.checkItemPlacement(LauncherModel.java:1211)
W/Launcher.Model(  599): 	at com.android.launcher2.LauncherModel$LoaderTask.loadWorkspace(LauncherModel.java:1368)
W/Launcher.Model(  599): 	at com.android.launcher2.LauncherModel$LoaderTask.loadAndBindWorkspace(LauncherModel.java:1005)
W/Launcher.Model(  599): 	at com.android.launcher2.LauncherModel$LoaderTask.run(LauncherModel.java:1111)
W/Launcher.Model(  599): 	at android.os.Handler.handleCallback(Handler.java:733)
W/Launcher.Model(  599): 	at android.os.Handler.dispatchMessage(Handler.java:95)
W/Launcher.Model(  599): 	at android.os.Looper.loop(Looper.java:137)
W/Launcher.Model(  599): 	at android.os.HandlerThread.run(HandlerThread.java:61)
D/MobileDataStateTracker(  377): cbs: Received state=DISCONNECTED, old=DISCONNECTED, reason=dataAttached
D/dalvikvm(  599): GC_CONCURRENT freed 245K, 8% free 3903K/4228K, paused 4ms+11ms, total 50ms
D/dalvikvm(  377): GC_EXPLICIT freed 587K, 18% free 5636K/6860K, paused 17ms+9ms, total 254ms
D/dalvikvm(  474): GC_CONCURRENT freed 428K, 12% free 4068K/4576K, paused 29ms+3ms, total 83ms
D/dalvikvm(  474): WAIT_FOR_CONCURRENT_GC blocked 39ms
D/dalvikvm(  474): GC_CONCURRENT freed 510K, 13% free 4070K/4656K, paused 2ms+3ms, total 54ms
D/dalvikvm(  474): WAIT_FOR_CONCURRENT_GC blocked 21ms
V/KeyguardHostView(  474): music state changed: 0
D/dalvikvm(  474): GC_CONCURRENT freed 481K, 12% free 4100K/4656K, paused 4ms+13ms, total 54ms
D/dalvikvm(  474): WAIT_FOR_CONCURRENT_GC blocked 30ms
I/Process (  377): Sending signal. PID: 599 SIG: 3
I/dalvikvm(  599): threadid=3: reacting to signal 3
D/dalvikvm(  377): GC_CONCURRENT freed 638K, 18% free 5658K/6860K, paused 3ms+5ms, total 204ms
D/dalvikvm(  377): WAIT_FOR_CONCURRENT_GC blocked 137ms
I/Process (  377): Sending signal. PID: 623 SIG: 3
I/dalvikvm(  623): threadid=3: reacting to signal 3
D/dalvikvm(  377): GC_FOR_ALLOC freed 164K, 18% free 5676K/6860K, paused 128ms, total 129ms
I/dalvikvm(  599): Wrote stack traces to '/data/anr/traces.txt'
I/Process (  377): Sending signal. PID: 650 SIG: 3
I/dalvikvm(  650): threadid=3: reacting to signal 3
D/dalvikvm(  599): GC_CONCURRENT freed 176K, 6% free 4051K/4296K, paused 7ms+3ms, total 137ms
E/ActivityManager(  377): ANR in com.android.systemui
E/ActivityManager(  377): PID: 474
E/ActivityManager(  377): Reason: Broadcast of Intent { act=android.intent.action.TIME_TICK flg=0x50000014 (has extras) }
E/ActivityManager(  377): Load: 5.55 / 1.62 / 0.56
E/ActivityManager(  377): CPU usage from 4317ms to -9079ms ago:
E/ActivityManager(  377):   37% 377/system_server: 27% user + 10% kernel / faults: 4094 minor
E/ActivityManager(  377):   13% 585/com.android.phone: 8.6% user + 5.1% kernel / faults: 1614 minor 2 major
E/ActivityManager(  377):   13% 51/surfaceflinger: 8.7% user + 4.7% kernel / faults: 350 minor
E/ActivityManager(  377):   13% 599/com.android.launcher: 9.7% user + 3.4% kernel / faults: 5359 minor 1 major
E/ActivityManager(  377):   12% 474/com.android.systemui: 10% user + 2.4% kernel / faults: 1848 minor 1 major
E/ActivityManager(  377):   3.2% 95/bootanimation: 2.5% user + 0.6% kernel
E/ActivityManager(  377):   2.1% 650/android.process.acore: 1.7% user + 0.4% kernel / faults: 618 minor 7 major
E/ActivityManager(  377):   0.6% 50/rild: 0.1% user + 0.5% kernel / faults: 3 minor
E/ActivityManager(  377):   0.5% 54/mediaserver: 0.2% user + 0.3% kernel
E/ActivityManager(  377):   0.4% 511/android.process.media: 0.4% user + 0% kernel / faults: 341 minor
E/ActivityManager(  377):   0.3% 45/servicemanager: 0% user + 0.3% kernel
E/ActivityManager(  377):   0.2% 623/com.android.printspooler: 0% user + 0.2% kernel / faults: 131 minor
E/ActivityManager(  377):   0% 11/kworker/0:1: 0% user + 0% kernel
E/ActivityManager(  377):   0.1% 61/adbd: 0% user + 0% kernel / faults: 20 minor
E/ActivityManager(  377):   0% 1//init: 0% user + 0% kernel / faults: 5 minor
E/ActivityManager(  377):   0% 25/mtdblock0: 0% user + 0% kernel
E/ActivityManager(  377):   0% 26/mtdblock1: 0% user + 0% kernel
E/ActivityManager(  377):   0% 41/jbd2/mtdblock1-: 0% user + 0% kernel
E/ActivityManager(  377):   0% 571/com.android.inputmethod.latin: 0% user + 0% kernel / faults: 292 minor 3 major
E/ActivityManager(  377): 100% TOTAL: 70% user + 29% kernel
E/ActivityManager(  377): CPU usage from 7721ms to 8381ms later:
E/ActivityManager(  377):   32% 377/system_server: 24% user + 8% kernel / faults: 55 minor
E/ActivityManager(  377):     6.4% 398/ActivityManager: 1.6% user + 4.8% kernel
E/ActivityManager(  377):     6.4% 614/Binder_5: 4.8% user + 1.6% kernel
E/ActivityManager(  377):     4.8% 621/Binder_6: 4.8% user + 0% kernel
E/ActivityManager(  377):     3.2% 391/Binder_1: 3.2% user + 0% kernel
E/ActivityManager(  377):     3.2% 393/Binder_2: 3.2% user + 0% kernel
E/ActivityManager(  377):     3.2% 497/Binder_4: 1.6% user + 1.6% kernel
E/ActivityManager(  377):     3.2% 622/Binder_7: 3.2% user + 0% kernel
E/ActivityManager(  377):     3.2% 685/Binder_9: 3.2% user + 0% kernel
E/ActivityManager(  377):     1.6% 627/Binder_8: 1.6% user + 0% kernel
E/ActivityManager(  377):   28% 599/com.android.launcher: 17% user + 11% kernel / faults: 1166 minor
E/ActivityManager(  377):     23% 599/ndroid.launcher: 14% user + 8.6% kernel
E/ActivityManager(  377):     2.8% 607/Compiler: 1.4% user + 1.4% kernel
E/ActivityManager(  377):     2.8% 637/launcher-loader: 1.4% user + 1.4% kernel
E/ActivityManager(  377):   24% 474/com.android.systemui: 22% user + 1.3% kernel / faults: 166 minor
E/ActivityManager(  377):     13% 474/ndroid.systemui: 12% user + 1.3% kernel
E/ActivityManager(  377):     9.4% 478/GC: 8.1% user + 1.3% kernel
E/ActivityManager(  377):     1.3% 483/FinalizerDaemon: 0% user + 1.3% kernel
E/ActivityManager(  377):   7.9% 51/surfaceflinger: 4.7% user + 3.1% kernel / faults: 16 minor
E/ActivityManager(  377):     6.3% 51/surfaceflinger: 4.7% user + 1.5% kernel
E/ActivityManager(  377):     1.5% 80/Binder_1: 0% user + 1.5% kernel
E/ActivityManager(  377):   1.5% 95/bootanimation: 1.5% user + 0% kernel
E/ActivityManager(  377):     1.5% 106/BootAnimation: 1.5% user + 0% kernel
E/ActivityManager(  377):   0.4% 623/com.android.printspooler: 0% user + 0.4% kernel / faults: 22 minor
E/ActivityManager(  377):     0.4% 623/id.printspooler: 0% user + 0.4% kernel
E/ActivityManager(  377):    +0% 709/AsyncTask #1: 0% user + 0% kernel
E/ActivityManager(  377):   0.4% 650/android.process.acore: 0.4% user + 0% kernel / faults: 26 minor
E/ActivityManager(  377):     0.4% 684/ContactsProvide: 0.4% user + 0% kernel
E/ActivityManager(  377): 100% TOTAL: 80% user + 19% kernel
I/ActivityManager(  377): Killing 474:com.android.systemui/u0a7 (adj -12): background ANR
D/Launcher.Model(  599): Reload apps on config change. curr_mcc:310 prevmcc:0
D/dalvikvm(  377): GC_FOR_ALLOC freed 605K, 21% free 5433K/6860K, paused 50ms, total 51ms
D/MobileDataStateTracker(  377): fota: Broadcast received: android.intent.action.ANY_DATA_STATE apnType=fota
D/MobileDataStateTracker(  377): fota: Received state=DISCONNECTED, old=DISCONNECTED, reason=simLoaded
D/MobileDataStateTracker(  377): ia: Broadcast received: android.intent.action.ANY_DATA_STATE apnType=ia
D/MobileDataStateTracker(  377): ia: Received state=DISCONNECTED, old=DISCONNECTED, reason=simLoaded
D/MobileDataStateTracker(  377): supl: Broadcast received: android.intent.action.ANY_DATA_STATE apnType=supl
D/MobileDataStateTracker(  377): supl: Received state=DISCONNECTED, old=DISCONNECTED, reason=simLoaded
D/MobileDataStateTracker(  377): hipri: Broadcast received: android.intent.action.ANY_DATA_STATE apnType=hipri
D/MobileDataStateTracker(  377): hipri: Received state=DISCONNECTED, old=DISCONNECTED, reason=simLoaded
D/dalvikvm(  377): GC_FOR_ALLOC freed 24K, 16% free 5814K/6860K, paused 47ms, total 48ms
I/dalvikvm-heap(  377): Grow heap (frag case) to 6.006MB for 262160-byte allocation
D/dalvikvm(  377): GC_FOR_ALLOC freed 1K, 15% free 6068K/7120K, paused 50ms, total 50ms
W/WindowManager(  377): Window freeze timeout expired.
D/dalvikvm(  377): GC_FOR_ALLOC freed <1K, 15% free 6068K/7120K, paused 70ms, total 71ms
I/dalvikvm-heap(  377): Grow heap (frag case) to 6.379MB for 393236-byte allocation
D/dalvikvm(  377): GC_FOR_ALLOC freed 256K, 18% free 6196K/7508K, paused 66ms, total 66ms
D/MobileDataStateTracker(  377): ims: Broadcast received: android.intent.action.ANY_DATA_STATE apnType=ims
D/dalvikvm(  377): GC_FOR_ALLOC freed 2K, 18% free 6199K/7508K, paused 59ms, total 59ms
I/dalvikvm-heap(  377): Grow heap (frag case) to 6.382MB for 262190-byte allocation
D/dalvikvm(  377): GC_FOR_ALLOC freed <1K, 17% free 6455K/7768K, paused 40ms, total 41ms
D/dalvikvm(  377): GC_FOR_ALLOC freed 776K, 27% free 5679K/7768K, paused 51ms, total 52ms
E/JavaBinder(  377): !!! FAILED BINDER TRANSACTION !!!
W/WindowManager(  377): Force clearing orientation change: Window{95fd04d8 u0 Keyguard}
D/MobileDataStateTracker(  377): ims: Received state=DISCONNECTED, old=DISCONNECTED, reason=simLoaded
D/MobileDataStateTracker(  377): mms: Broadcast received: android.intent.action.ANY_DATA_STATE apnType=mms
D/MobileDataStateTracker(  377): mms: Received state=DISCONNECTED, old=DISCONNECTED, reason=simLoaded
D/MobileDataStateTracker(  377): cbs: Broadcast received: android.intent.action.ANY_DATA_STATE apnType=cbs
D/MobileDataStateTracker(  377): cbs: Received state=DISCONNECTED, old=DISCONNECTED, reason=simLoaded
W/KeyguardServiceWrapper(  377): Remote Exception
W/KeyguardServiceWrapper(  377): android.os.TransactionTooLargeException
W/KeyguardServiceWrapper(  377): 	at android.os.BinderProxy.transact(Native Method)
W/KeyguardServiceWrapper(  377): 	at com.android.internal.policy.IKeyguardService$Stub$Proxy.setHidden(IKeyguardService.java:345)
W/KeyguardServiceWrapper(  377): 	at com.android.internal.policy.impl.keyguard.KeyguardServiceWrapper.setHidden(KeyguardServiceWrapper.java:105)
W/KeyguardServiceWrapper(  377): 	at com.android.internal.policy.impl.keyguard.KeyguardServiceDelegate.setHidden(KeyguardServiceDelegate.java:169)
W/KeyguardServiceWrapper(  377): 	at com.android.internal.policy.impl.PhoneWindowManager.finishPostLayoutPolicyLw(PhoneWindowManager.java:3556)
W/KeyguardServiceWrapper(  377): 	at com.android.server.wm.WindowManagerService.performLayoutAndPlaceSurfacesLockedInner(WindowManagerService.java:8976)
